Archive member included because of file (symbol)

c:/program files/atollic/truestudio stm32 pro 1.4.0/armtools/bin/../lib/gcc/arm-atollic-eabi/4.4.1/../../../../arm-atollic-eabi/lib/thumb/thumb2\libc.a(lib_a-atexit.o)
                              c:/program files/atollic/truestudio stm32 pro 1.4.0/armtools/bin/../lib/gcc/arm-atollic-eabi/4.4.1/../../../../arm-atollic-eabi/lib/thumb/thumb2/crt0.o (atexit)
c:/program files/atollic/truestudio stm32 pro 1.4.0/armtools/bin/../lib/gcc/arm-atollic-eabi/4.4.1/../../../../arm-atollic-eabi/lib/thumb/thumb2\libc.a(lib_a-exit.o)
                              c:/program files/atollic/truestudio stm32 pro 1.4.0/armtools/bin/../lib/gcc/arm-atollic-eabi/4.4.1/../../../../arm-atollic-eabi/lib/thumb/thumb2/crt0.o (exit)
c:/program files/atollic/truestudio stm32 pro 1.4.0/armtools/bin/../lib/gcc/arm-atollic-eabi/4.4.1/../../../../arm-atollic-eabi/lib/thumb/thumb2\libc.a(lib_a-impure.o)
                              c:/program files/atollic/truestudio stm32 pro 1.4.0/armtools/bin/../lib/gcc/arm-atollic-eabi/4.4.1/../../../../arm-atollic-eabi/lib/thumb/thumb2\libc.a(lib_a-exit.o) (_global_impure_ptr)
c:/program files/atollic/truestudio stm32 pro 1.4.0/armtools/bin/../lib/gcc/arm-atollic-eabi/4.4.1/../../../../arm-atollic-eabi/lib/thumb/thumb2\libc.a(lib_a-init.o)
                              c:/program files/atollic/truestudio stm32 pro 1.4.0/armtools/bin/../lib/gcc/arm-atollic-eabi/4.4.1/../../../../arm-atollic-eabi/lib/thumb/thumb2/crt0.o (__libc_fini_array)
c:/program files/atollic/truestudio stm32 pro 1.4.0/armtools/bin/../lib/gcc/arm-atollic-eabi/4.4.1/../../../../arm-atollic-eabi/lib/thumb/thumb2\libc.a(lib_a-memset.o)
                              c:/program files/atollic/truestudio stm32 pro 1.4.0/armtools/bin/../lib/gcc/arm-atollic-eabi/4.4.1/../../../../arm-atollic-eabi/lib/thumb/thumb2/crt0.o (memset)
c:/program files/atollic/truestudio stm32 pro 1.4.0/armtools/bin/../lib/gcc/arm-atollic-eabi/4.4.1/../../../../arm-atollic-eabi/lib/thumb/thumb2\libc.a(lib_a-syscalls.o)
                              c:/program files/atollic/truestudio stm32 pro 1.4.0/armtools/bin/../lib/gcc/arm-atollic-eabi/4.4.1/../../../../arm-atollic-eabi/lib/thumb/thumb2/crt0.o (initialise_monitor_handles)
c:/program files/atollic/truestudio stm32 pro 1.4.0/armtools/bin/../lib/gcc/arm-atollic-eabi/4.4.1/../../../../arm-atollic-eabi/lib/thumb/thumb2\libc.a(lib_a-__atexit.o)
                              c:/program files/atollic/truestudio stm32 pro 1.4.0/armtools/bin/../lib/gcc/arm-atollic-eabi/4.4.1/../../../../arm-atollic-eabi/lib/thumb/thumb2\libc.a(lib_a-atexit.o) (__register_exitproc)
c:/program files/atollic/truestudio stm32 pro 1.4.0/armtools/bin/../lib/gcc/arm-atollic-eabi/4.4.1/../../../../arm-atollic-eabi/lib/thumb/thumb2\libc.a(lib_a-__call_atexit.o)
                              c:/program files/atollic/truestudio stm32 pro 1.4.0/armtools/bin/../lib/gcc/arm-atollic-eabi/4.4.1/../../../../arm-atollic-eabi/lib/thumb/thumb2\libc.a(lib_a-exit.o) (__call_exitprocs)
c:/program files/atollic/truestudio stm32 pro 1.4.0/armtools/bin/../lib/gcc/arm-atollic-eabi/4.4.1/../../../../arm-atollic-eabi/lib/thumb/thumb2\libc.a(lib_a-findfp.o)
                              c:/program files/atollic/truestudio stm32 pro 1.4.0/armtools/bin/../lib/gcc/arm-atollic-eabi/4.4.1/../../../../arm-atollic-eabi/lib/thumb/thumb2\libc.a(lib_a-impure.o) (__sf_fake_stdin)
c:/program files/atollic/truestudio stm32 pro 1.4.0/armtools/bin/../lib/gcc/arm-atollic-eabi/4.4.1/../../../../arm-atollic-eabi/lib/thumb/thumb2\libc.a(lib_a-fwalk.o)
                              c:/program files/atollic/truestudio stm32 pro 1.4.0/armtools/bin/../lib/gcc/arm-atollic-eabi/4.4.1/../../../../arm-atollic-eabi/lib/thumb/thumb2\libc.a(lib_a-findfp.o) (_fwalk)
c:/program files/atollic/truestudio stm32 pro 1.4.0/armtools/bin/../lib/gcc/arm-atollic-eabi/4.4.1/../../../../arm-atollic-eabi/lib/thumb/thumb2\libc.a(lib_a-malloc.o)
                              c:/program files/atollic/truestudio stm32 pro 1.4.0/armtools/bin/../lib/gcc/arm-atollic-eabi/4.4.1/../../../../arm-atollic-eabi/lib/thumb/thumb2\libc.a(lib_a-__call_atexit.o) (free)
c:/program files/atollic/truestudio stm32 pro 1.4.0/armtools/bin/../lib/gcc/arm-atollic-eabi/4.4.1/../../../../arm-atollic-eabi/lib/thumb/thumb2\libc.a(lib_a-mallocr.o)
                              c:/program files/atollic/truestudio stm32 pro 1.4.0/armtools/bin/../lib/gcc/arm-atollic-eabi/4.4.1/../../../../arm-atollic-eabi/lib/thumb/thumb2\libc.a(lib_a-findfp.o) (_malloc_r)
c:/program files/atollic/truestudio stm32 pro 1.4.0/armtools/bin/../lib/gcc/arm-atollic-eabi/4.4.1/../../../../arm-atollic-eabi/lib/thumb/thumb2\libc.a(lib_a-mlock.o)
                              c:/program files/atollic/truestudio stm32 pro 1.4.0/armtools/bin/../lib/gcc/arm-atollic-eabi/4.4.1/../../../../arm-atollic-eabi/lib/thumb/thumb2\libc.a(lib_a-mallocr.o) (__malloc_lock)
[...]
Memory Configuration

Name             Origin             Length             Attributes
FLASH            0x08000000         0x00100000         xr
RAM              0x20000000         0x00018000         xrw
MEMORY_B1        0x60000000         0x00000000         xr
*default*        0x00000000         0xffffffff

Linker script and memory map

LOAD c:/program files/atollic/truestudio stm32 pro 1.4.0/armtools/bin/../lib/gcc/arm-atollic-eabi/4.4.1/thumb/thumb2/crti.o
LOAD c:/program files/atollic/truestudio stm32 pro 1.4.0/armtools/bin/../lib/gcc/arm-atollic-eabi/4.4.1/thumb/thumb2/crtbegin.o
LOAD c:/program files/atollic/truestudio stm32 pro 1.4.0/armtools/bin/../lib/gcc/arm-atollic-eabi/4.4.1/../../../../arm-atollic-eabi/lib/thumb/thumb2/crt0.o
LOAD src\stm32f10x_it.o
LOAD src\main.o
LOAD firmware\STM32F10x_StdPeriph_Driver\src\stm32f10x_wwdg.o
LOAD firmware\STM32F10x_StdPeriph_Driver\src\stm32f10x_usart.o
LOAD firmware\STM32F10x_StdPeriph_Driver\src\stm32f10x_tim.o
LOAD firmware\STM32F10x_StdPeriph_Driver\src\stm32f10x_spi.o
LOAD firmware\STM32F10x_StdPeriph_Driver\src\stm32f10x_sdio.o
LOAD firmware\STM32F10x_StdPeriph_Driver\src\stm32f10x_rtc.o
LOAD firmware\STM32F10x_StdPeriph_Driver\src\stm32f10x_rcc.o
LOAD firmware\STM32F10x_StdPeriph_Driver\src\stm32f10x_pwr.o
LOAD firmware\STM32F10x_StdPeriph_Driver\src\stm32f10x_iwdg.o
LOAD firmware\STM32F10x_StdPeriph_Driver\src\stm32f10x_i2c.o
LOAD firmware\STM32F10x_StdPeriph_Driver\src\stm32f10x_gpio.o
LOAD firmware\STM32F10x_StdPeriph_Driver\src\stm32f10x_fsmc.o
LOAD firmware\STM32F10x_StdPeriph_Driver\src\stm32f10x_flash.o
LOAD firmware\STM32F10x_StdPeriph_Driver\src\stm32f10x_exti.o
LOAD firmware\STM32F10x_StdPeriph_Driver\src\stm32f10x_dma.o
LOAD firmware\STM32F10x_StdPeriph_Driver\src\stm32f10x_dbgmcu.o
LOAD firmware\STM32F10x_StdPeriph_Driver\src\stm32f10x_dac.o
LOAD firmware\STM32F10x_StdPeriph_Driver\src\stm32f10x_crc.o
LOAD firmware\STM32F10x_StdPeriph_Driver\src\stm32f10x_cec.o
LOAD firmware\STM32F10x_StdPeriph_Driver\src\stm32f10x_can.o
LOAD firmware\STM32F10x_StdPeriph_Driver\src\stm32f10x_bkp.o
LOAD firmware\STM32F10x_StdPeriph_Driver\src\stm32f10x_adc.o
LOAD firmware\STM32F10x_StdPeriph_Driver\src\misc.o
LOAD firmware\CMSIS\CM3\DeviceSupport\ST\STM32F10x\system_stm32f10x.o
LOAD firmware\CMSIS\CM3\DeviceSupport\ST\STM32F10x\startup\TrueSTUDIO\startup_stm32f10x_xl.o
LOAD firmware\CMSIS\CM3\CoreSupport\core_cm3.o
START GROUP
LOAD c:/program files/atollic/truestudio stm32 pro 1.4.0/armtools/bin/../lib/gcc/arm-atollic-eabi/4.4.1/thumb/thumb2\libgcc.a
LOAD c:/program files/atollic/truestudio stm32 pro 1.4.0/armtools/bin/../lib/gcc/arm-atollic-eabi/4.4.1/../../../../arm-atollic-eabi/lib/thumb/thumb2\libc.a
END GROUP
LOAD c:/program files/atollic/truestudio stm32 pro 1.4.0/armtools/bin/../lib/gcc/arm-atollic-eabi/4.4.1/thumb/thumb2/crtend.o
LOAD c:/program files/atollic/truestudio stm32 pro 1.4.0/armtools/bin/../lib/gcc/arm-atollic-eabi/4.4.1/thumb/thumb2/crtn.o
                0x20018000                _estack = 0x20018000
                0x00000000                _Min_Heap_Size = 0x0
                0x00000400                _Min_Stack_Size = 0x400

.isr_vector     0x08000000      0x1e4
                0x08000000                . = ALIGN (0x4)
 *(.isr_vector)
 .isr_vector    0x08000000      0x1e4 firmware\CMSIS\CM3\DeviceSupport\ST\STM32F10x\startup\TrueSTUDIO\startup_stm32f10x_xl.o
                0x08000000                g_pfnVectors
                0x080001e4                . = ALIGN (0x4)

.text           0x080001e4      0x3cc
                0x080001e4                . = ALIGN (0x4)
 *(.text)
 .text          0x080001e4       0x54 c:/program files/atollic/truestudio stm32 pro 1.4.0/armtools/bin/../lib/gcc/arm-atollic-eabi/4.4.1/thumb/thumb2/crtbegin.o
 *(.text*)
 .text.NMI_Handler
                0x08000238        0xc src\stm32f10x_it.o
                0x08000238                NMI_Handler
 .text.HardFault_Handler
                0x08000244        0x8 src\stm32f10x_it.o
                0x08000244                HardFault_Handler
 .text.MemManage_Handler
                0x0800024c        0x8 src\stm32f10x_it.o
                0x0800024c                MemManage_Handler
 .text.BusFault_Handler
                0x08000254        0x8 src\stm32f10x_it.o
                0x08000254                BusFault_Handler
 .text.UsageFault_Handler
                0x0800025c        0x8 src\stm32f10x_it.o
                0x0800025c                UsageFault_Handler
 .text.SVC_Handler
                0x08000264        0xc src\stm32f10x_it.o
                0x08000264                SVC_Handler
 .text.DebugMon_Handler
                0x08000270        0xc src\stm32f10x_it.o
                0x08000270                DebugMon_Handler
 .text.PendSV_Handler
                0x0800027c        0xc src\stm32f10x_it.o
                0x0800027c                PendSV_Handler
 .text.SysTick_Handler
                0x08000288        0xc src\stm32f10x_it.o
                0x08000288                SysTick_Handler
 .text.main     0x08000294       0x18 src\main.o
                0x08000294                main
 .text.SystemInit
                0x080002ac       0xa0 firmware\CMSIS\CM3\DeviceSupport\ST\STM32F10x\system_stm32f10x.o
                0x080002ac                SystemInit
 .text.SetSysClock
                0x0800034c        0xc firmware\CMSIS\CM3\DeviceSupport\ST\STM32F10x\system_stm32f10x.o
 .text.SetSysClockTo72
                0x08000358      0x1a8 firmware\CMSIS\CM3\DeviceSupport\ST\STM32F10x\system_stm32f10x.o
 .text.Reset_Handler
                0x08000500       0x48 firmware\CMSIS\CM3\DeviceSupport\ST\STM32F10x\startup\TrueSTUDIO\startup_stm32f10x_xl.o
                0x08000500                Reset_Handler
 .text.Default_Handler
                0x08000548        0x2 firmware\CMSIS\CM3\DeviceSupport\ST\STM32F10x\startup\TrueSTUDIO\startup_stm32f10x_xl.o
                0x08000548                EXTI2_IRQHandler
                0x08000548                TIM8_CC_IRQHandler
                0x08000548                TIM1_CC_IRQHandler
                0x08000548                TIM6_IRQHandler
                0x08000548                PVD_IRQHandler
                0x08000548                SDIO_IRQHandler
                0x08000548                EXTI3_IRQHandler
                0x08000548                TIM8_TRG_COM_TIM14_IRQHandler
                0x08000548                TIM1_UP_TIM10_IRQHandler
                0x08000548                TIM8_UP_TIM13_IRQHandler
                0x08000548                EXTI0_IRQHandler
                0x08000548                I2C2_EV_IRQHandler
                0x08000548                ADC1_2_IRQHandler
                0x08000548                SPI1_IRQHandler
                0x08000548                TAMPER_IRQHandler
                0x08000548                TIM1_BRK_TIM9_IRQHandler
                0x08000548                DMA2_Channel2_IRQHandler
                0x08000548                DMA1_Channel4_IRQHandler
                0x08000548                USART3_IRQHandler
                0x08000548                RTC_IRQHandler
                0x08000548                DMA1_Channel7_IRQHandler
                0x08000548                CAN1_RX1_IRQHandler
                0x08000548                UART5_IRQHandler
                0x08000548                ADC3_IRQHandler
                0x08000548                TIM4_IRQHandler
                0x08000548                DMA2_Channel1_IRQHandler
                0x08000548                I2C1_EV_IRQHandler
                0x08000548                DMA1_Channel6_IRQHandler
                0x08000548                UART4_IRQHandler
                0x08000548                TIM3_IRQHandler
                0x08000548                RCC_IRQHandler
                0x08000548                TIM8_BRK_TIM12_IRQHandler
                0x08000548                DMA1_Channel1_IRQHandler
                0x08000548                Default_Handler
                0x08000548                EXTI15_10_IRQHandler
                0x08000548                TIM7_IRQHandler
                0x08000548                TIM5_IRQHandler
                0x08000548                EXTI9_5_IRQHandler
                0x08000548                SPI2_IRQHandler
                0x08000548                DMA1_Channel5_IRQHandler
                0x08000548                EXTI4_IRQHandler
                0x08000548                USB_LP_CAN1_RX0_IRQHandler
                0x08000548                USB_HP_CAN1_TX_IRQHandler
                0x08000548                DMA1_Channel3_IRQHandler
                0x08000548                FSMC_IRQHandler
                0x08000548                WWDG_IRQHandler
                0x08000548                TIM2_IRQHandler
                0x08000548                TIM1_TRG_COM_TIM11_IRQHandler
                0x08000548                EXTI1_IRQHandler
                0x08000548                RTCAlarm_IRQHandler
                0x08000548                DMA2_Channel4_5_IRQHandler
                0x08000548                USART2_IRQHandler
                0x08000548                I2C2_ER_IRQHandler
                0x08000548                DMA1_Channel2_IRQHandler
                0x08000548                CAN1_SCE_IRQHandler
                0x08000548                FLASH_IRQHandler
                0x08000548                USART1_IRQHandler
                0x08000548                SPI3_IRQHandler
                0x08000548                I2C1_ER_IRQHandler
                0x08000548                USBWakeUp_IRQHandler
                0x08000548                DMA2_Channel3_IRQHandler
 *fill*         0x0800054a        0x2 00
 .text.__libc_init_array
                0x0800054c       0x4c c:/program files/atollic/truestudio stm32 pro 1.4.0/armtools/bin/../lib/gcc/arm-atollic-eabi/4.4.1/../../../../arm-atollic-eabi/lib/thumb/thumb2\libc.a(lib_a-init.o)
                0x0800054c                __libc_init_array
 *(.rodata)
 *(.rodata*)
 *(.glue_7)
 .glue_7        0x08000598        0x0 c:/program files/atollic/truestudio stm32 pro 1.4.0/armtools/bin/../lib/gcc/arm-atollic-eabi/4.4.1/thumb/thumb2/crti.o
 .glue_7        0x08000598        0x0 c:/program files/atollic/truestudio stm32 pro 1.4.0/armtools/bin/../lib/gcc/arm-atollic-eabi/4.4.1/thumb/thumb2/crtbegin.o
 .glue_7        0x08000598        0x0 c:/program files/atollic/truestudio stm32 pro 1.4.0/armtools/bin/../lib/gcc/arm-atollic-eabi/4.4.1/../../../../arm-atollic-eabi/lib/thumb/thumb2/crt0.o
 .glue_7        0x08000598        0x0 src\stm32f10x_it.o
 .glue_7        0x08000598        0x0 src\main.o
 .glue_7        0x08000598        0x0 firmware\STM32F10x_StdPeriph_Driver\src\stm32f10x_wwdg.o
 .glue_7        0x08000598        0x0 firmware\STM32F10x_StdPeriph_Driver\src\stm32f10x_usart.o
 .glue_7        0x08000598        0x0 firmware\STM32F10x_StdPeriph_Driver\src\stm32f10x_tim.o
 .glue_7        0x08000598        0x0 firmware\STM32F10x_StdPeriph_Driver\src\stm32f10x_spi.o
 .glue_7        0x08000598        0x0 firmware\STM32F10x_StdPeriph_Driver\src\stm32f10x_sdio.o
 .glue_7        0x08000598        0x0 firmware\STM32F10x_StdPeriph_Driver\src\stm32f10x_rtc.o
 .glue_7        0x08000598        0x0 firmware\STM32F10x_StdPeriph_Driver\src\stm32f10x_rcc.o
 .glue_7        0x08000598        0x0 firmware\STM32F10x_StdPeriph_Driver\src\stm32f10x_pwr.o
 .glue_7        0x08000598        0x0 firmware\STM32F10x_StdPeriph_Driver\src\stm32f10x_iwdg.o
 .glue_7        0x08000598        0x0 firmware\STM32F10x_StdPeriph_Driver\src\stm32f10x_i2c.o
 .glue_7        0x08000598        0x0 firmware\STM32F10x_StdPeriph_Driver\src\stm32f10x_gpio.o
 .glue_7        0x08000598        0x0 firmware\STM32F10x_StdPeriph_Driver\src\stm32f10x_fsmc.o
 .glue_7        0x08000598        0x0 firmware\STM32F10x_StdPeriph_Driver\src\stm32f10x_flash.o
 .glue_7        0x08000598        0x0 firmware\STM32F10x_StdPeriph_Driver\src\stm32f10x_exti.o
 .glue_7        0x08000598        0x0 firmware\STM32F10x_StdPeriph_Driver\src\stm32f10x_dma.o
 .glue_7        0x08000598        0x0 firmware\STM32F10x_StdPeriph_Driver\src\stm32f10x_dbgmcu.o
 .glue_7        0x08000598        0x0 firmware\STM32F10x_StdPeriph_Driver\src\stm32f10x_dac.o
 .glue_7        0x08000598        0x0 firmware\STM32F10x_StdPeriph_Driver\src\stm32f10x_crc.o
 .glue_7        0x08000598        0x0 firmware\STM32F10x_StdPeriph_Driver\src\stm32f10x_cec.o
 .glue_7        0x08000598        0x0 firmware\STM32F10x_StdPeriph_Driver\src\stm32f10x_can.o
 .glue_7        0x08000598        0x0 firmware\STM32F10x_StdPeriph_Driver\src\stm32f10x_bkp.o
 .glue_7        0x08000598        0x0 firmware\STM32F10x_StdPeriph_Driver\src\stm32f10x_adc.o
 .glue_7        0x08000598        0x0 firmware\STM32F10x_StdPeriph_Driver\src\misc.o
 .glue_7        0x08000598        0x0 firmware\CMSIS\CM3\DeviceSupport\ST\STM32F10x\system_stm32f10x.o
 .glue_7        0x08000598        0x0 firmware\CMSIS\CM3\DeviceSupport\ST\STM32F10x\startup\TrueSTUDIO\startup_stm32f10x_xl.o
 .glue_7        0x08000598        0x0 firmware\CMSIS\CM3\CoreSupport\core_cm3.o
 .glue_7        0x08000598        0x0 c:/program files/atollic/truestudio stm32 pro 1.4.0/armtools/bin/../lib/gcc/arm-atollic-eabi/4.4.1/../../../../arm-atollic-eabi/lib/thumb/thumb2\libc.a(lib_a-atexit.o)
 .glue_7        0x08000598        0x0 c:/program files/atollic/truestudio stm32 pro 1.4.0/armtools/bin/../lib/gcc/arm-atollic-eabi/4.4.1/../../../../arm-atollic-eabi/lib/thumb/thumb2\libc.a(lib_a-exit.o)
 .glue_7        0x08000598        0x0 c:/program files/atollic/truestudio stm32 pro 1.4.0/armtools/bin/../lib/gcc/arm-atollic-eabi/4.4.1/../../../../arm-atollic-eabi/lib/thumb/thumb2\libc.a(lib_a-impure.o)
 .glue_7        0x08000598        0x0 c:/program files/atollic/truestudio stm32 pro 1.4.0/armtools/bin/../lib/gcc/arm-atollic-eabi/4.4.1/../../../../arm-atollic-eabi/lib/thumb/thumb2\libc.a(lib_a-init.o)
 .glue_7        0x08000598        0x0 c:/program files/atollic/truestudio stm32 pro 1.4.0/armtools/bin/../lib/gcc/arm-atollic-eabi/4.4.1/../../../../arm-atollic-eabi/lib/thumb/thumb2\libc.a(lib_a-memset.o)
 .glue_7        0x08000598        0x0 c:/program files/atollic/truestudio stm32 pro 1.4.0/armtools/bin/../lib/gcc/arm-atollic-eabi/4.4.1/../../../../arm-atollic-eabi/lib/thumb/thumb2\libc.a(lib_a-syscalls.o)
 .glue_7        0x08000598        0x0 c:/program files/atollic/truestudio stm32 pro 1.4.0/armtools/bin/../lib/gcc/arm-atollic-eabi/4.4.1/../../../../arm-atollic-eabi/lib/thumb/thumb2\libc.a(lib_a-__atexit.o)
 .glue_7        0x08000598        0x0 c:/program files/atollic/truestudio stm32 pro 1.4.0/armtools/bin/../lib/gcc/arm-atollic-eabi/4.4.1/../../../../arm-atollic-eabi/lib/thumb/thumb2\libc.a(lib_a-__call_atexit.o)
 .glue_7        0x08000598        0x0 c:/program files/atollic/truestudio stm32 pro 1.4.0/armtools/bin/../lib/gcc/arm-atollic-eabi/4.4.1/../../../../arm-atollic-eabi/lib/thumb/thumb2\libc.a(lib_a-findfp.o)
 .glue_7        0x08000598        0x0 c:/program files/atollic/truestudio stm32 pro 1.4.0/armtools/bin/../lib/gcc/arm-atollic-eabi/4.4.1/../../../../arm-atollic-eabi/lib/thumb/thumb2\libc.a(lib_a-fwalk.o)
 .glue_7        0x08000598        0x0 c:/program files/atollic/truestudio stm32 pro 1.4.0/armtools/bin/../lib/gcc/arm-atollic-eabi/4.4.1/../../../../arm-atollic-eabi/lib/thumb/thumb2\libc.a(lib_a-malloc.o)
 .glue_7        0x08000598        0x0 c:/program files/atollic/truestudio stm32 pro 1.4.0/armtools/bin/../lib/gcc/arm-atollic-eabi/4.4.1/../../../../arm-atollic-eabi/lib/thumb/thumb2\libc.a(lib_a-mallocr.o)
 .glue_7        0x08000598        0x0 c:/program files/atollic/truestudio stm32 pro 1.4.0/armtools/bin/../lib/gcc/arm-atollic-eabi/4.4.1/../../../../arm-atollic-eabi/lib/thumb/thumb2\libc.a(lib_a-mlock.o)
 .glue_7        0x08000598        0x0 c:/program files/atollic/truestudio stm32 pro 1.4.0/armtools/bin/../lib/gcc/arm-atollic-eabi/4.4.1/../../../../arm-atollic-eabi/lib/thumb/thumb2\libc.a(lib_a-reent.o)
 .glue_7        0x08000598        0x0 c:/program files/atollic/truestudio stm32 pro 1.4.0/armtools/bin/../lib/gcc/arm-atollic-eabi/4.4.1/../../../../arm-atollic-eabi/lib/thumb/thumb2\libc.a(lib_a-sbrkr.o)
 .glue_7        0x08000598        0x0 c:/program files/atollic/truestudio stm32 pro 1.4.0/armtools/bin/../lib/gcc/arm-atollic-eabi/4.4.1/../../../../arm-atollic-eabi/lib/thumb/thumb2\libc.a(lib_a-stdio.o)
 .glue_7        0x08000598        0x0 c:/program files/atollic/truestudio stm32 pro 1.4.0/armtools/bin/../lib/gcc/arm-atollic-eabi/4.4.1/../../../../arm-atollic-eabi/lib/thumb/thumb2\libc.a(lib_a-writer.o)
 .glue_7        0x08000598        0x0 c:/program files/atollic/truestudio stm32 pro 1.4.0/armtools/bin/../lib/gcc/arm-atollic-eabi/4.4.1/../../../../arm-atollic-eabi/lib/thumb/thumb2\libc.a(lib_a-closer.o)
 .glue_7        0x08000598        0x0 c:/program files/atollic/truestudio stm32 pro 1.4.0/armtools/bin/../lib/gcc/arm-atollic-eabi/4.4.1/../../../../arm-atollic-eabi/lib/thumb/thumb2\libc.a(lib_a-fclose.o)
 .glue_7        0x08000598        0x0 c:/program files/atollic/truestudio stm32 pro 1.4.0/armtools/bin/../lib/gcc/arm-atollic-eabi/4.4.1/../../../../arm-atollic-eabi/lib/thumb/thumb2\libc.a(lib_a-fflush.o)
 .glue_7        0x08000598        0x0 c:/program files/atollic/truestudio stm32 pro 1.4.0/armtools/bin/../lib/gcc/arm-atollic-eabi/4.4.1/../../../../arm-atollic-eabi/lib/thumb/thumb2\libc.a(lib_a-freer.o)
 .glue_7        0x08000598        0x0 c:/program files/atollic/truestudio stm32 pro 1.4.0/armtools/bin/../lib/gcc/arm-atollic-eabi/4.4.1/../../../../arm-atollic-eabi/lib/thumb/thumb2\libc.a(lib_a-lseekr.o)
 .glue_7        0x08000598        0x0 c:/program files/atollic/truestudio stm32 pro 1.4.0/armtools/bin/../lib/gcc/arm-atollic-eabi/4.4.1/../../../../arm-atollic-eabi/lib/thumb/thumb2\libc.a(lib_a-readr.o)
 .glue_7        0x08000598        0x0 c:/program files/atollic/truestudio stm32 pro 1.4.0/armtools/bin/../lib/gcc/arm-atollic-eabi/4.4.1/thumb/thumb2/crtend.o
 .glue_7        0x08000598        0x0 c:/program files/atollic/truestudio stm32 pro 1.4.0/armtools/bin/../lib/gcc/arm-atollic-eabi/4.4.1/thumb/thumb2/crtn.o
 *(.glue_7t)
 .glue_7t       0x08000598        0x0 c:/program files/atollic/truestudio stm32 pro 1.4.0/armtools/bin/../lib/gcc/arm-atollic-eabi/4.4.1/thumb/thumb2/crti.o
 .glue_7t       0x08000598        0x0 c:/program files/atollic/truestudio stm32 pro 1.4.0/armtools/bin/../lib/gcc/arm-atollic-eabi/4.4.1/thumb/thumb2/crtbegin.o
 .glue_7t       0x08000598        0x0 c:/program files/atollic/truestudio stm32 pro 1.4.0/armtools/bin/../lib/gcc/arm-atollic-eabi/4.4.1/../../../../arm-atollic-eabi/lib/thumb/thumb2/crt0.o
 .glue_7t       0x08000598        0x0 src\stm32f10x_it.o
 .glue_7t       0x08000598        0x0 src\main.o
 .glue_7t       0x08000598        0x0 firmware\STM32F10x_StdPeriph_Driver\src\stm32f10x_wwdg.o
 .glue_7t       0x08000598        0x0 firmware\STM32F10x_StdPeriph_Driver\src\stm32f10x_usart.o
 .glue_7t       0x08000598        0x0 firmware\STM32F10x_StdPeriph_Driver\src\stm32f10x_tim.o
 .glue_7t       0x08000598        0x0 firmware\STM32F10x_StdPeriph_Driver\src\stm32f10x_spi.o
 .glue_7t       0x08000598        0x0 firmware\STM32F10x_StdPeriph_Driver\src\stm32f10x_sdio.o
 .glue_7t       0x08000598        0x0 firmware\STM32F10x_StdPeriph_Driver\src\stm32f10x_rtc.o
 .glue_7t       0x08000598        0x0 firmware\STM32F10x_StdPeriph_Driver\src\stm32f10x_rcc.o
 .glue_7t       0x08000598        0x0 firmware\STM32F10x_StdPeriph_Driver\src\stm32f10x_pwr.o
 .glue_7t       0x08000598        0x0 firmware\STM32F10x_StdPeriph_Driver\src\stm32f10x_iwdg.o
 .glue_7t       0x08000598        0x0 firmware\STM32F10x_StdPeriph_Driver\src\stm32f10x_i2c.o
 .glue_7t       0x08000598        0x0 firmware\STM32F10x_StdPeriph_Driver\src\stm32f10x_gpio.o
 .glue_7t       0x08000598        0x0 firmware\STM32F10x_StdPeriph_Driver\src\stm32f10x_fsmc.o
 .glue_7t       0x08000598        0x0 firmware\STM32F10x_StdPeriph_Driver\src\stm32f10x_flash.o
 .glue_7t       0x08000598        0x0 firmware\STM32F10x_StdPeriph_Driver\src\stm32f10x_exti.o
 .glue_7t       0x08000598        0x0 firmware\STM32F10x_StdPeriph_Driver\src\stm32f10x_dma.o
 .glue_7t       0x08000598        0x0 firmware\STM32F10x_StdPeriph_Driver\src\stm32f10x_dbgmcu.o
 .glue_7t       0x08000598        0x0 firmware\STM32F10x_StdPeriph_Driver\src\stm32f10x_dac.o
 .glue_7t       0x08000598        0x0 firmware\STM32F10x_StdPeriph_Driver\src\stm32f10x_crc.o
 .glue_7t       0x08000598        0x0 firmware\STM32F10x_StdPeriph_Driver\src\stm32f10x_cec.o
 .glue_7t       0x08000598        0x0 firmware\STM32F10x_StdPeriph_Driver\src\stm32f10x_can.o
 .glue_7t       0x08000598        0x0 firmware\STM32F10x_StdPeriph_Driver\src\stm32f10x_bkp.o
 .glue_7t       0x08000598        0x0 firmware\STM32F10x_StdPeriph_Driver\src\stm32f10x_adc.o
 .glue_7t       0x08000598        0x0 firmware\STM32F10x_StdPeriph_Driver\src\misc.o
 .glue_7t       0x08000598        0x0 firmware\CMSIS\CM3\DeviceSupport\ST\STM32F10x\system_stm32f10x.o
 .glue_7t       0x08000598        0x0 firmware\CMSIS\CM3\DeviceSupport\ST\STM32F10x\startup\TrueSTUDIO\startup_stm32f10x_xl.o
 .glue_7t       0x08000598        0x0 firmware\CMSIS\CM3\CoreSupport\core_cm3.o
 .glue_7t       0x08000598        0x0 c:/program files/atollic/truestudio stm32 pro 1.4.0/armtools/bin/../lib/gcc/arm-atollic-eabi/4.4.1/../../../../arm-atollic-eabi/lib/thumb/thumb2\libc.a(lib_a-atexit.o)
 .glue_7t       0x08000598        0x0 c:/program files/atollic/truestudio stm32 pro 1.4.0/armtools/bin/../lib/gcc/arm-atollic-eabi/4.4.1/../../../../arm-atollic-eabi/lib/thumb/thumb2\libc.a(lib_a-exit.o)
 .glue_7t       0x08000598        0x0 c:/program files/atollic/truestudio stm32 pro 1.4.0/armtools/bin/../lib/gcc/arm-atollic-eabi/4.4.1/../../../../arm-atollic-eabi/lib/thumb/thumb2\libc.a(lib_a-impure.o)
 .glue_7t       0x08000598        0x0 c:/program files/atollic/truestudio stm32 pro 1.4.0/armtools/bin/../lib/gcc/arm-atollic-eabi/4.4.1/../../../../arm-atollic-eabi/lib/thumb/thumb2\libc.a(lib_a-init.o)
 .glue_7t       0x08000598        0x0 c:/program files/atollic/truestudio stm32 pro 1.4.0/armtools/bin/../lib/gcc/arm-atollic-eabi/4.4.1/../../../../arm-atollic-eabi/lib/thumb/thumb2\libc.a(lib_a-memset.o)
 .glue_7t       0x08000598        0x0 c:/program files/atollic/truestudio stm32 pro 1.4.0/armtools/bin/../lib/gcc/arm-atollic-eabi/4.4.1/../../../../arm-atollic-eabi/lib/thumb/thumb2\libc.a(lib_a-syscalls.o)
 .glue_7t       0x08000598        0x0 c:/program files/atollic/truestudio stm32 pro 1.4.0/armtools/bin/../lib/gcc/arm-atollic-eabi/4.4.1/../../../../arm-atollic-eabi/lib/thumb/thumb2\libc.a(lib_a-__atexit.o)
 .glue_7t       0x08000598        0x0 c:/program files/atollic/truestudio stm32 pro 1.4.0/armtools/bin/../lib/gcc/arm-atollic-eabi/4.4.1/../../../../arm-atollic-eabi/lib/thumb/thumb2\libc.a(lib_a-__call_atexit.o)
 .glue_7t       0x08000598        0x0 c:/program files/atollic/truestudio stm32 pro 1.4.0/armtools/bin/../lib/gcc/arm-atollic-eabi/4.4.1/../../../../arm-atollic-eabi/lib/thumb/thumb2\libc.a(lib_a-findfp.o)
 .glue_7t       0x08000598        0x0 c:/program files/atollic/truestudio stm32 pro 1.4.0/armtools/bin/../lib/gcc/arm-atollic-eabi/4.4.1/../../../../arm-atollic-eabi/lib/thumb/thumb2\libc.a(lib_a-fwalk.o)
 .glue_7t       0x08000598        0x0 c:/program files/atollic/truestudio stm32 pro 1.4.0/armtools/bin/../lib/gcc/arm-atollic-eabi/4.4.1/../../../../arm-atollic-eabi/lib/thumb/thumb2\libc.a(lib_a-malloc.o)
 .glue_7t       0x08000598        0x0 c:/program files/atollic/truestudio stm32 pro 1.4.0/armtools/bin/../lib/gcc/arm-atollic-eabi/4.4.1/../../../../arm-atollic-eabi/lib/thumb/thumb2\libc.a(lib_a-mallocr.o)
 .glue_7t       0x08000598        0x0 c:/program files/atollic/truestudio stm32 pro 1.4.0/armtools/bin/../lib/gcc/arm-atollic-eabi/4.4.1/../../../../arm-atollic-eabi/lib/thumb/thumb2\libc.a(lib_a-mlock.o)
 .glue_7t       0x08000598        0x0 c:/program files/atollic/truestudio stm32 pro 1.4.0/armtools/bin/../lib/gcc/arm-atollic-eabi/4.4.1/../../../../arm-atollic-eabi/lib/thumb/thumb2\libc.a(lib_a-reent.o)
 .glue_7t       0x08000598        0x0 c:/program files/atollic/truestudio stm32 pro 1.4.0/armtools/bin/../lib/gcc/arm-atollic-eabi/4.4.1/../../../../arm-atollic-eabi/lib/thumb/thumb2\libc.a(lib_a-sbrkr.o)
 .glue_7t       0x08000598        0x0 c:/program files/atollic/truestudio stm32 pro 1.4.0/armtools/bin/../lib/gcc/arm-atollic-eabi/4.4.1/../../../../arm-atollic-eabi/lib/thumb/thumb2\libc.a(lib_a-stdio.o)
 .glue_7t       0x08000598        0x0 c:/program files/atollic/truestudio stm32 pro 1.4.0/armtools/bin/../lib/gcc/arm-atollic-eabi/4.4.1/../../../../arm-atollic-eabi/lib/thumb/thumb2\libc.a(lib_a-writer.o)
 .glue_7t       0x08000598        0x0 c:/program files/atollic/truestudio stm32 pro 1.4.0/armtools/bin/../lib/gcc/arm-atollic-eabi/4.4.1/../../../../arm-atollic-eabi/lib/thumb/thumb2\libc.a(lib_a-closer.o)
 .glue_7t       0x08000598        0x0 c:/program files/atollic/truestudio stm32 pro 1.4.0/armtools/bin/../lib/gcc/arm-atollic-eabi/4.4.1/../../../../arm-atollic-eabi/lib/thumb/thumb2\libc.a(lib_a-fclose.o)
 .glue_7t       0x08000598        0x0 c:/program files/atollic/truestudio stm32 pro 1.4.0/armtools/bin/../lib/gcc/arm-atollic-eabi/4.4.1/../../../../arm-atollic-eabi/lib/thumb/thumb2\libc.a(lib_a-fflush.o)
 .glue_7t       0x08000598        0x0 c:/program files/atollic/truestudio stm32 pro 1.4.0/armtools/bin/../lib/gcc/arm-atollic-eabi/4.4.1/../../../../arm-atollic-eabi/lib/thumb/thumb2\libc.a(lib_a-freer.o)
 .glue_7t       0x08000598        0x0 c:/program files/atollic/truestudio stm32 pro 1.4.0/armtools/bin/../lib/gcc/arm-atollic-eabi/4.4.1/../../../../arm-atollic-eabi/lib/thumb/thumb2\libc.a(lib_a-lseekr.o)
 .glue_7t       0x08000598        0x0 c:/program files/atollic/truestudio stm32 pro 1.4.0/armtools/bin/../lib/gcc/arm-atollic-eabi/4.4.1/../../../../arm-atollic-eabi/lib/thumb/thumb2\libc.a(lib_a-readr.o)
 .glue_7t       0x08000598        0x0 c:/program files/atollic/truestudio stm32 pro 1.4.0/armtools/bin/../lib/gcc/arm-atollic-eabi/4.4.1/thumb/thumb2/crtend.o
 .glue_7t       0x08000598        0x0 c:/program files/atollic/truestudio stm32 pro 1.4.0/armtools/bin/../lib/gcc/arm-atollic-eabi/4.4.1/thumb/thumb2/crtn.o
 *(.eh_frame)
 .eh_frame      0x08000598        0x0 c:/program files/atollic/truestudio stm32 pro 1.4.0/armtools/bin/../lib/gcc/arm-atollic-eabi/4.4.1/thumb/thumb2/crtbegin.o
 *(.init)
 .init          0x08000598        0x4 c:/program files/atollic/truestudio stm32 pro 1.4.0/armtools/bin/../lib/gcc/arm-atollic-eabi/4.4.1/thumb/thumb2/crti.o
                0x08000598                _init
 .init          0x0800059c        0x8 c:/program files/atollic/truestudio stm32 pro 1.4.0/armtools/bin/../lib/gcc/arm-atollic-eabi/4.4.1/thumb/thumb2/crtn.o
 *(.fini)
 .fini          0x080005a4        0x4 c:/program files/atollic/truestudio stm32 pro 1.4.0/armtools/bin/../lib/gcc/arm-atollic-eabi/4.4.1/thumb/thumb2/crti.o
                0x080005a4                _fini
 .fini          0x080005a8        0x8 c:/program files/atollic/truestudio stm32 pro 1.4.0/armtools/bin/../lib/gcc/arm-atollic-eabi/4.4.1/thumb/thumb2/crtn.o
                0x080005b0                . = ALIGN (0x4)
                0x080005b0                _etext = .

.vfp11_veneer   0x080005b0        0x0
 .vfp11_veneer  0x080005b0        0x0 c:/program files/atollic/truestudio stm32 pro 1.4.0/armtools/bin/../lib/gcc/arm-atollic-eabi/4.4.1/thumb/thumb2/crti.o
 .vfp11_veneer  0x080005b0        0x0 c:/program files/atollic/truestudio stm32 pro 1.4.0/armtools/bin/../lib/gcc/arm-atollic-eabi/4.4.1/thumb/thumb2/crtbegin.o
 .vfp11_veneer  0x080005b0        0x0 c:/program files/atollic/truestudio stm32 pro 1.4.0/armtools/bin/../lib/gcc/arm-atollic-eabi/4.4.1/../../../../arm-atollic-eabi/lib/thumb/thumb2/crt0.o
 .vfp11_veneer  0x080005b0        0x0 src\stm32f10x_it.o
 .vfp11_veneer  0x080005b0        0x0 src\main.o
 .vfp11_veneer  0x080005b0        0x0 firmware\STM32F10x_StdPeriph_Driver\src\stm32f10x_wwdg.o
 .vfp11_veneer  0x080005b0        0x0 firmware\STM32F10x_StdPeriph_Driver\src\stm32f10x_usart.o
 .vfp11_veneer  0x080005b0        0x0 firmware\STM32F10x_StdPeriph_Driver\src\stm32f10x_tim.o
 .vfp11_veneer  0x080005b0        0x0 firmware\STM32F10x_StdPeriph_Driver\src\stm32f10x_spi.o
 .vfp11_veneer  0x080005b0        0x0 firmware\STM32F10x_StdPeriph_Driver\src\stm32f10x_sdio.o
 .vfp11_veneer  0x080005b0        0x0 firmware\STM32F10x_StdPeriph_Driver\src\stm32f10x_rtc.o
 .vfp11_veneer  0x080005b0        0x0 firmware\STM32F10x_StdPeriph_Driver\src\stm32f10x_rcc.o
 .vfp11_veneer  0x080005b0        0x0 firmware\STM32F10x_StdPeriph_Driver\src\stm32f10x_pwr.o
 .vfp11_veneer  0x080005b0        0x0 firmware\STM32F10x_StdPeriph_Driver\src\stm32f10x_iwdg.o
 .vfp11_veneer  0x080005b0        0x0 firmware\STM32F10x_StdPeriph_Driver\src\stm32f10x_i2c.o
 .vfp11_veneer  0x080005b0        0x0 firmware\STM32F10x_StdPeriph_Driver\src\stm32f10x_gpio.o
 .vfp11_veneer  0x080005b0        0x0 firmware\STM32F10x_StdPeriph_Driver\src\stm32f10x_fsmc.o
 .vfp11_veneer  0x080005b0        0x0 firmware\STM32F10x_StdPeriph_Driver\src\stm32f10x_flash.o
 .vfp11_veneer  0x080005b0        0x0 firmware\STM32F10x_StdPeriph_Driver\src\stm32f10x_exti.o
 .vfp11_veneer  0x080005b0        0x0 firmware\STM32F10x_StdPeriph_Driver\src\stm32f10x_dma.o
 .vfp11_veneer  0x080005b0        0x0 firmware\STM32F10x_StdPeriph_Driver\src\stm32f10x_dbgmcu.o
 .vfp11_veneer  0x080005b0        0x0 firmware\STM32F10x_StdPeriph_Driver\src\stm32f10x_dac.o
 .vfp11_veneer  0x080005b0        0x0 firmware\STM32F10x_StdPeriph_Driver\src\stm32f10x_crc.o
 .vfp11_veneer  0x080005b0        0x0 firmware\STM32F10x_StdPeriph_Driver\src\stm32f10x_cec.o
 .vfp11_veneer  0x080005b0        0x0 firmware\STM32F10x_StdPeriph_Driver\src\stm32f10x_can.o
 .vfp11_veneer  0x080005b0        0x0 firmware\STM32F10x_StdPeriph_Driver\src\stm32f10x_bkp.o
 .vfp11_veneer  0x080005b0        0x0 firmware\STM32F10x_StdPeriph_Driver\src\stm32f10x_adc.o
 .vfp11_veneer  0x080005b0        0x0 firmware\STM32F10x_StdPeriph_Driver\src\misc.o
 .vfp11_veneer  0x080005b0        0x0 firmware\CMSIS\CM3\DeviceSupport\ST\STM32F10x\system_stm32f10x.o
 .vfp11_veneer  0x080005b0        0x0 firmware\CMSIS\CM3\DeviceSupport\ST\STM32F10x\startup\TrueSTUDIO\startup_stm32f10x_xl.o
 .vfp11_veneer  0x080005b0        0x0 firmware\CMSIS\CM3\CoreSupport\core_cm3.o
 .vfp11_veneer  0x080005b0        0x0 c:/program files/atollic/truestudio stm32 pro 1.4.0/armtools/bin/../lib/gcc/arm-atollic-eabi/4.4.1/../../../../arm-atollic-eabi/lib/thumb/thumb2\libc.a(lib_a-atexit.o)
 .vfp11_veneer  0x080005b0        0x0 c:/program files/atollic/truestudio stm32 pro 1.4.0/armtools/bin/../lib/gcc/arm-atollic-eabi/4.4.1/../../../../arm-atollic-eabi/lib/thumb/thumb2\libc.a(lib_a-exit.o)
 .vfp11_veneer  0x080005b0        0x0 c:/program files/atollic/truestudio stm32 pro 1.4.0/armtools/bin/../lib/gcc/arm-atollic-eabi/4.4.1/../../../../arm-atollic-eabi/lib/thumb/thumb2\libc.a(lib_a-impure.o)
 .vfp11_veneer  0x080005b0        0x0 c:/program files/atollic/truestudio stm32 pro 1.4.0/armtools/bin/../lib/gcc/arm-atollic-eabi/4.4.1/../../../../arm-atollic-eabi/lib/thumb/thumb2\libc.a(lib_a-init.o)
 .vfp11_veneer  0x080005b0        0x0 c:/program files/atollic/truestudio stm32 pro 1.4.0/armtools/bin/../lib/gcc/arm-atollic-eabi/4.4.1/../../../../arm-atollic-eabi/lib/thumb/thumb2\libc.a(lib_a-memset.o)
 .vfp11_veneer  0x080005b0        0x0 c:/program files/atollic/truestudio stm32 pro 1.4.0/armtools/bin/../lib/gcc/arm-atollic-eabi/4.4.1/../../../../arm-atollic-eabi/lib/thumb/thumb2\libc.a(lib_a-syscalls.o)
 .vfp11_veneer  0x080005b0        0x0 c:/program files/atollic/truestudio stm32 pro 1.4.0/armtools/bin/../lib/gcc/arm-atollic-eabi/4.4.1/../../../../arm-atollic-eabi/lib/thumb/thumb2\libc.a(lib_a-__atexit.o)
 .vfp11_veneer  0x080005b0        0x0 c:/program files/atollic/truestudio stm32 pro 1.4.0/armtools/bin/../lib/gcc/arm-atollic-eabi/4.4.1/../../../../arm-atollic-eabi/lib/thumb/thumb2\libc.a(lib_a-__call_atexit.o)
 .vfp11_veneer  0x080005b0        0x0 c:/program files/atollic/truestudio stm32 pro 1.4.0/armtools/bin/../lib/gcc/arm-atollic-eabi/4.4.1/../../../../arm-atollic-eabi/lib/thumb/thumb2\libc.a(lib_a-findfp.o)
 .vfp11_veneer  0x080005b0        0x0 c:/program files/atollic/truestudio stm32 pro 1.4.0/armtools/bin/../lib/gcc/arm-atollic-eabi/4.4.1/../../../../arm-atollic-eabi/lib/thumb/thumb2\libc.a(lib_a-fwalk.o)
 .vfp11_veneer  0x080005b0        0x0 c:/program files/atollic/truestudio stm32 pro 1.4.0/armtools/bin/../lib/gcc/arm-atollic-eabi/4.4.1/../../../../arm-atollic-eabi/lib/thumb/thumb2\libc.a(lib_a-malloc.o)
 .vfp11_veneer  0x080005b0        0x0 c:/program files/atollic/truestudio stm32 pro 1.4.0/armtools/bin/../lib/gcc/arm-atollic-eabi/4.4.1/../../../../arm-atollic-eabi/lib/thumb/thumb2\libc.a(lib_a-mallocr.o)
 .vfp11_veneer  0x080005b0        0x0 c:/program files/atollic/truestudio stm32 pro 1.4.0/armtools/bin/../lib/gcc/arm-atollic-eabi/4.4.1/../../../../arm-atollic-eabi/lib/thumb/thumb2\libc.a(lib_a-mlock.o)
 .vfp11_veneer  0x080005b0        0x0 c:/program files/atollic/truestudio stm32 pro 1.4.0/armtools/bin/../lib/gcc/arm-atollic-eabi/4.4.1/../../../../arm-atollic-eabi/lib/thumb/thumb2\libc.a(lib_a-reent.o)
 .vfp11_veneer  0x080005b0        0x0 c:/program files/atollic/truestudio stm32 pro 1.4.0/armtools/bin/../lib/gcc/arm-atollic-eabi/4.4.1/../../../../arm-atollic-eabi/lib/thumb/thumb2\libc.a(lib_a-sbrkr.o)
 .vfp11_veneer  0x080005b0        0x0 c:/program files/atollic/truestudio stm32 pro 1.4.0/armtools/bin/../lib/gcc/arm-atollic-eabi/4.4.1/../../../../arm-atollic-eabi/lib/thumb/thumb2\libc.a(lib_a-stdio.o)
 .vfp11_veneer  0x080005b0        0x0 c:/program files/atollic/truestudio stm32 pro 1.4.0/armtools/bin/../lib/gcc/arm-atollic-eabi/4.4.1/../../../../arm-atollic-eabi/lib/thumb/thumb2\libc.a(lib_a-writer.o)
 .vfp11_veneer  0x080005b0        0x0 c:/program files/atollic/truestudio stm32 pro 1.4.0/armtools/bin/../lib/gcc/arm-atollic-eabi/4.4.1/../../../../arm-atollic-eabi/lib/thumb/thumb2\libc.a(lib_a-closer.o)
 .vfp11_veneer  0x080005b0        0x0 c:/program files/atollic/truestudio stm32 pro 1.4.0/armtools/bin/../lib/gcc/arm-atollic-eabi/4.4.1/../../../../arm-atollic-eabi/lib/thumb/thumb2\libc.a(lib_a-fclose.o)
 .vfp11_veneer  0x080005b0        0x0 c:/program files/atollic/truestudio stm32 pro 1.4.0/armtools/bin/../lib/gcc/arm-atollic-eabi/4.4.1/../../../../arm-atollic-eabi/lib/thumb/thumb2\libc.a(lib_a-fflush.o)
 .vfp11_veneer  0x080005b0        0x0 c:/program files/atollic/truestudio stm32 pro 1.4.0/armtools/bin/../lib/gcc/arm-atollic-eabi/4.4.1/../../../../arm-atollic-eabi/lib/thumb/thumb2\libc.a(lib_a-freer.o)
 .vfp11_veneer  0x080005b0        0x0 c:/program files/atollic/truestudio stm32 pro 1.4.0/armtools/bin/../lib/gcc/arm-atollic-eabi/4.4.1/../../../../arm-atollic-eabi/lib/thumb/thumb2\libc.a(lib_a-lseekr.o)
 .vfp11_veneer  0x080005b0        0x0 c:/program files/atollic/truestudio stm32 pro 1.4.0/armtools/bin/../lib/gcc/arm-atollic-eabi/4.4.1/../../../../arm-atollic-eabi/lib/thumb/thumb2\libc.a(lib_a-readr.o)
 .vfp11_veneer  0x080005b0        0x0 c:/program files/atollic/truestudio stm32 pro 1.4.0/armtools/bin/../lib/gcc/arm-atollic-eabi/4.4.1/thumb/thumb2/crtend.o
 .vfp11_veneer  0x080005b0        0x0 c:/program files/atollic/truestudio stm32 pro 1.4.0/armtools/bin/../lib/gcc/arm-atollic-eabi/4.4.1/thumb/thumb2/crtn.o

.v4_bx          0x080005b0        0x0
 .v4_bx         0x080005b0        0x0 c:/program files/atollic/truestudio stm32 pro 1.4.0/armtools/bin/../lib/gcc/arm-atollic-eabi/4.4.1/thumb/thumb2/crti.o
 .v4_bx         0x080005b0        0x0 c:/program files/atollic/truestudio stm32 pro 1.4.0/armtools/bin/../lib/gcc/arm-atollic-eabi/4.4.1/thumb/thumb2/crtbegin.o
 .v4_bx         0x080005b0        0x0 c:/program files/atollic/truestudio stm32 pro 1.4.0/armtools/bin/../lib/gcc/arm-atollic-eabi/4.4.1/../../../../arm-atollic-eabi/lib/thumb/thumb2/crt0.o
 .v4_bx         0x080005b0        0x0 src\stm32f10x_it.o
 .v4_bx         0x080005b0        0x0 src\main.o
 .v4_bx         0x080005b0        0x0 firmware\STM32F10x_StdPeriph_Driver\src\stm32f10x_wwdg.o
 .v4_bx         0x080005b0        0x0 firmware\STM32F10x_StdPeriph_Driver\src\stm32f10x_usart.o
 .v4_bx         0x080005b0        0x0 firmware\STM32F10x_StdPeriph_Driver\src\stm32f10x_tim.o
 .v4_bx         0x080005b0        0x0 firmware\STM32F10x_StdPeriph_Driver\src\stm32f10x_spi.o
 .v4_bx         0x080005b0        0x0 firmware\STM32F10x_StdPeriph_Driver\src\stm32f10x_sdio.o
 .v4_bx         0x080005b0        0x0 firmware\STM32F10x_StdPeriph_Driver\src\stm32f10x_rtc.o
 .v4_bx         0x080005b0        0x0 firmware\STM32F10x_StdPeriph_Driver\src\stm32f10x_rcc.o
 .v4_bx         0x080005b0        0x0 firmware\STM32F10x_StdPeriph_Driver\src\stm32f10x_pwr.o
 .v4_bx         0x080005b0        0x0 firmware\STM32F10x_StdPeriph_Driver\src\stm32f10x_iwdg.o
 .v4_bx         0x080005b0        0x0 firmware\STM32F10x_StdPeriph_Driver\src\stm32f10x_i2c.o
 .v4_bx         0x080005b0        0x0 firmware\STM32F10x_StdPeriph_Driver\src\stm32f10x_gpio.o
 .v4_bx         0x080005b0        0x0 firmware\STM32F10x_StdPeriph_Driver\src\stm32f10x_fsmc.o
 .v4_bx         0x080005b0        0x0 firmware\STM32F10x_StdPeriph_Driver\src\stm32f10x_flash.o
 .v4_bx         0x080005b0        0x0 firmware\STM32F10x_StdPeriph_Driver\src\stm32f10x_exti.o
 .v4_bx         0x080005b0        0x0 firmware\STM32F10x_StdPeriph_Driver\src\stm32f10x_dma.o
 .v4_bx         0x080005b0        0x0 firmware\STM32F10x_StdPeriph_Driver\src\stm32f10x_dbgmcu.o
 .v4_bx         0x080005b0        0x0 firmware\STM32F10x_StdPeriph_Driver\src\stm32f10x_dac.o
 .v4_bx         0x080005b0        0x0 firmware\STM32F10x_StdPeriph_Driver\src\stm32f10x_crc.o
 .v4_bx         0x080005b0        0x0 firmware\STM32F10x_StdPeriph_Driver\src\stm32f10x_cec.o
 .v4_bx         0x080005b0        0x0 firmware\STM32F10x_StdPeriph_Driver\src\stm32f10x_can.o
 .v4_bx         0x080005b0        0x0 firmware\STM32F10x_StdPeriph_Driver\src\stm32f10x_bkp.o
 .v4_bx         0x080005b0        0x0 firmware\STM32F10x_StdPeriph_Driver\src\stm32f10x_adc.o
 .v4_bx         0x080005b0        0x0 firmware\STM32F10x_StdPeriph_Driver\src\misc.o
 .v4_bx         0x080005b0        0x0 firmware\CMSIS\CM3\DeviceSupport\ST\STM32F10x\system_stm32f10x.o
 .v4_bx         0x080005b0        0x0 firmware\CMSIS\CM3\DeviceSupport\ST\STM32F10x\startup\TrueSTUDIO\startup_stm32f10x_xl.o
 .v4_bx         0x080005b0        0x0 firmware\CMSIS\CM3\CoreSupport\core_cm3.o
 .v4_bx         0x080005b0        0x0 c:/program files/atollic/truestudio stm32 pro 1.4.0/armtools/bin/../lib/gcc/arm-atollic-eabi/4.4.1/../../../../arm-atollic-eabi/lib/thumb/thumb2\libc.a(lib_a-atexit.o)
 .v4_bx         0x080005b0        0x0 c:/program files/atollic/truestudio stm32 pro 1.4.0/armtools/bin/../lib/gcc/arm-atollic-eabi/4.4.1/../../../../arm-atollic-eabi/lib/thumb/thumb2\libc.a(lib_a-exit.o)
 .v4_bx         0x080005b0        0x0 c:/program files/atollic/truestudio stm32 pro 1.4.0/armtools/bin/../lib/gcc/arm-atollic-eabi/4.4.1/../../../../arm-atollic-eabi/lib/thumb/thumb2\libc.a(lib_a-impure.o)
 .v4_bx         0x080005b0        0x0 c:/program files/atollic/truestudio stm32 pro 1.4.0/armtools/bin/../lib/gcc/arm-atollic-eabi/4.4.1/../../../../arm-atollic-eabi/lib/thumb/thumb2\libc.a(lib_a-init.o)
 .v4_bx         0x080005b0        0x0 c:/program files/atollic/truestudio stm32 pro 1.4.0/armtools/bin/../lib/gcc/arm-atollic-eabi/4.4.1/../../../../arm-atollic-eabi/lib/thumb/thumb2\libc.a(lib_a-memset.o)
 .v4_bx         0x080005b0        0x0 c:/program files/atollic/truestudio stm32 pro 1.4.0/armtools/bin/../lib/gcc/arm-atollic-eabi/4.4.1/../../../../arm-atollic-eabi/lib/thumb/thumb2\libc.a(lib_a-syscalls.o)
 .v4_bx         0x080005b0        0x0 c:/program files/atollic/truestudio stm32 pro 1.4.0/armtools/bin/../lib/gcc/arm-atollic-eabi/4.4.1/../../../../arm-atollic-eabi/lib/thumb/thumb2\libc.a(lib_a-__atexit.o)
 .v4_bx         0x080005b0        0x0 c:/program files/atollic/truestudio stm32 pro 1.4.0/armtools/bin/../lib/gcc/arm-atollic-eabi/4.4.1/../../../../arm-atollic-eabi/lib/thumb/thumb2\libc.a(lib_a-__call_atexit.o)
 .v4_bx         0x080005b0        0x0 c:/program files/atollic/truestudio stm32 pro 1.4.0/armtools/bin/../lib/gcc/arm-atollic-eabi/4.4.1/../../../../arm-atollic-eabi/lib/thumb/thumb2\libc.a(lib_a-findfp.o)
 .v4_bx         0x080005b0        0x0 c:/program files/atollic/truestudio stm32 pro 1.4.0/armtools/bin/../lib/gcc/arm-atollic-eabi/4.4.1/../../../../arm-atollic-eabi/lib/thumb/thumb2\libc.a(lib_a-fwalk.o)
 .v4_bx         0x080005b0        0x0 c:/program files/atollic/truestudio stm32 pro 1.4.0/armtools/bin/../lib/gcc/arm-atollic-eabi/4.4.1/../../../../arm-atollic-eabi/lib/thumb/thumb2\libc.a(lib_a-malloc.o)
 .v4_bx         0x080005b0        0x0 c:/program files/atollic/truestudio stm32 pro 1.4.0/armtools/bin/../lib/gcc/arm-atollic-eabi/4.4.1/../../../../arm-atollic-eabi/lib/thumb/thumb2\libc.a(lib_a-mallocr.o)
 .v4_bx         0x080005b0        0x0 c:/program files/atollic/truestudio stm32 pro 1.4.0/armtools/bin/../lib/gcc/arm-atollic-eabi/4.4.1/../../../../arm-atollic-eabi/lib/thumb/thumb2\libc.a(lib_a-mlock.o)
 .v4_bx         0x080005b0        0x0 c:/program files/atollic/truestudio stm32 pro 1.4.0/armtools/bin/../lib/gcc/arm-atollic-eabi/4.4.1/../../../../arm-atollic-eabi/lib/thumb/thumb2\libc.a(lib_a-reent.o)
 .v4_bx         0x080005b0        0x0 c:/program files/atollic/truestudio stm32 pro 1.4.0/armtools/bin/../lib/gcc/arm-atollic-eabi/4.4.1/../../../../arm-atollic-eabi/lib/thumb/thumb2\libc.a(lib_a-sbrkr.o)
 .v4_bx         0x080005b0        0x0 c:/program files/atollic/truestudio stm32 pro 1.4.0/armtools/bin/../lib/gcc/arm-atollic-eabi/4.4.1/../../../../arm-atollic-eabi/lib/thumb/thumb2\libc.a(lib_a-stdio.o)
 .v4_bx         0x080005b0        0x0 c:/program files/atollic/truestudio stm32 pro 1.4.0/armtools/bin/../lib/gcc/arm-atollic-eabi/4.4.1/../../../../arm-atollic-eabi/lib/thumb/thumb2\libc.a(lib_a-writer.o)
 .v4_bx         0x080005b0        0x0 c:/program files/atollic/truestudio stm32 pro 1.4.0/armtools/bin/../lib/gcc/arm-atollic-eabi/4.4.1/../../../../arm-atollic-eabi/lib/thumb/thumb2\libc.a(lib_a-closer.o)
 .v4_bx         0x080005b0        0x0 c:/program files/atollic/truestudio stm32 pro 1.4.0/armtools/bin/../lib/gcc/arm-atollic-eabi/4.4.1/../../../../arm-atollic-eabi/lib/thumb/thumb2\libc.a(lib_a-fclose.o)
 .v4_bx         0x080005b0        0x0 c:/program files/atollic/truestudio stm32 pro 1.4.0/armtools/bin/../lib/gcc/arm-atollic-eabi/4.4.1/../../../../arm-atollic-eabi/lib/thumb/thumb2\libc.a(lib_a-fflush.o)
 .v4_bx         0x080005b0        0x0 c:/program files/atollic/truestudio stm32 pro 1.4.0/armtools/bin/../lib/gcc/arm-atollic-eabi/4.4.1/../../../../arm-atollic-eabi/lib/thumb/thumb2\libc.a(lib_a-freer.o)
 .v4_bx         0x080005b0        0x0 c:/program files/atollic/truestudio stm32 pro 1.4.0/armtools/bin/../lib/gcc/arm-atollic-eabi/4.4.1/../../../../arm-atollic-eabi/lib/thumb/thumb2\libc.a(lib_a-lseekr.o)
 .v4_bx         0x080005b0        0x0 c:/program files/atollic/truestudio stm32 pro 1.4.0/armtools/bin/../lib/gcc/arm-atollic-eabi/4.4.1/../../../../arm-atollic-eabi/lib/thumb/thumb2\libc.a(lib_a-readr.o)
 .v4_bx         0x080005b0        0x0 c:/program files/atollic/truestudio stm32 pro 1.4.0/armtools/bin/../lib/gcc/arm-atollic-eabi/4.4.1/thumb/thumb2/crtend.o
 .v4_bx         0x080005b0        0x0 c:/program files/atollic/truestudio stm32 pro 1.4.0/armtools/bin/../lib/gcc/arm-atollic-eabi/4.4.1/thumb/thumb2/crtn.o

.ARM.extab
 *(.ARM.extab* .gnu.linkonce.armextab.*)

.ARM            0x080005b0        0x0
                0x080005b0                __exidx_start = .
 *(.ARM.exidx*)
                0x080005b0                __exidx_end = .

.preinit_array  0x080005b0        0x0
                0x080005b0                PROVIDE (__preinit_array_start, .)
 *(.preinit_array*)
                0x080005b0                PROVIDE (__preinit_array_end, .)

.init_array     0x080005b0        0x4
                0x080005b0                PROVIDE (__init_array_start, .)
 *(SORT(.init_array.*))
 *(.init_array*)
 .init_array    0x080005b0        0x4 c:/program files/atollic/truestudio stm32 pro 1.4.0/armtools/bin/../lib/gcc/arm-atollic-eabi/4.4.1/thumb/thumb2/crtbegin.o
                0x080005b4                PROVIDE (__init_array_end, .)

.fini_array     0x080005b4        0x4
                0x080005b4                PROVIDE (__fini_array_start, .)
 *(.fini_array*)
 .fini_array    0x080005b4        0x4 c:/program files/atollic/truestudio stm32 pro 1.4.0/armtools/bin/../lib/gcc/arm-atollic-eabi/4.4.1/thumb/thumb2/crtbegin.o
 *(SORT(.fini_array.*))
                0x080005b8                PROVIDE (__fini_array_end, .)
                0x080005b8                _sidata = .

.data           0x20000000        0x0 load address 0x080005b8
                0x20000000                . = ALIGN (0x4)
                0x20000000                _sdata = .
 *(.data)
 *(.data*)
                0x20000000                . = ALIGN (0x4)
                0x20000000                _edata = .

.jcr            0x20000000        0x0
 .jcr           0x20000000        0x0 c:/program files/atollic/truestudio stm32 pro 1.4.0/armtools/bin/../lib/gcc/arm-atollic-eabi/4.4.1/thumb/thumb2/crtbegin.o
                0x20000000                . = ALIGN (0x4)

.bss            0x20000000       0x1c
                0x20000000                _sbss = .
                0x20000000                __bss_start__ = _sbss
 *(.bss)
 .bss           0x20000000       0x1c c:/program files/atollic/truestudio stm32 pro 1.4.0/armtools/bin/../lib/gcc/arm-atollic-eabi/4.4.1/thumb/thumb2/crtbegin.o
 *(.bss*)
 *(COMMON)
                0x2000001c                . = ALIGN (0x4)
                0x2000001c                _ebss = .
                0x2000001c                __bss_end__ = _ebss
                0x2000001c                PROVIDE (end, _ebss)
                0x2000001c                PROVIDE (_end, _ebss)

._user_heap_stack
                0x2000001c      0x400
                0x2000001c                . = ALIGN (0x4)
                0x2000001c                . = (. + _Min_Heap_Size)
                0x2000041c                . = (. + _Min_Stack_Size)
 *fill*         0x2000001c      0x400 00
                0x2000041c                . = ALIGN (0x4)

.memory_b1_text
 *(.mb1text)
 *(.mb1text*)
 *(.mb1rodata)
 *(.mb1rodata*)

/DISCARD/
 libc.a(*)
 libm.a(*)
 libgcc.a(*)

.ARM.attributes
                0x00000000       0x27
 *(.ARM.attributes)
 .ARM.attributes
                0x00000000       0x17 c:/program files/atollic/truestudio stm32 pro 1.4.0/armtools/bin/../lib/gcc/arm-atollic-eabi/4.4.1/thumb/thumb2/crti.o
 .ARM.attributes
                0x00000017       0x27 c:/program files/atollic/truestudio stm32 pro 1.4.0/armtools/bin/../lib/gcc/arm-atollic-eabi/4.4.1/thumb/thumb2/crtbegin.o
 .ARM.attributes
                0x0000003e       0x17 c:/program files/atollic/truestudio stm32 pro 1.4.0/armtools/bin/../lib/gcc/arm-atollic-eabi/4.4.1/../../../../arm-atollic-eabi/lib/thumb/thumb2/crt0.o
 .ARM.attributes
                0x00000055       0x31 src\stm32f10x_it.o
 .ARM.attributes
                0x00000086       0x31 src\main.o
 .ARM.attributes
                0x000000b7       0x31 firmware\STM32F10x_StdPeriph_Driver\src\stm32f10x_wwdg.o
 .ARM.attributes
                0x000000e8       0x31 firmware\STM32F10x_StdPeriph_Driver\src\stm32f10x_usart.o
 .ARM.attributes
                0x00000119       0x31 firmware\STM32F10x_StdPeriph_Driver\src\stm32f10x_tim.o
 .ARM.attributes
                0x0000014a       0x31 firmware\STM32F10x_StdPeriph_Driver\src\stm32f10x_spi.o
 .ARM.attributes
                0x0000017b       0x31 firmware\STM32F10x_StdPeriph_Driver\src\stm32f10x_sdio.o
 .ARM.attributes
                0x000001ac       0x31 firmware\STM32F10x_StdPeriph_Driver\src\stm32f10x_rtc.o
 .ARM.attributes
                0x000001dd       0x31 firmware\STM32F10x_StdPeriph_Driver\src\stm32f10x_rcc.o
 .ARM.attributes
                0x0000020e       0x31 firmware\STM32F10x_StdPeriph_Driver\src\stm32f10x_pwr.o
 .ARM.attributes
                0x0000023f       0x31 firmware\STM32F10x_StdPeriph_Driver\src\stm32f10x_iwdg.o
 .ARM.attributes
                0x00000270       0x31 firmware\STM32F10x_StdPeriph_Driver\src\stm32f10x_i2c.o
 .ARM.attributes
                0x000002a1       0x31 firmware\STM32F10x_StdPeriph_Driver\src\stm32f10x_gpio.o
 .ARM.attributes
                0x000002d2       0x31 firmware\STM32F10x_StdPeriph_Driver\src\stm32f10x_fsmc.o
 .ARM.attributes
                0x00000303       0x31 firmware\STM32F10x_StdPeriph_Driver\src\stm32f10x_flash.o
 .ARM.attributes
                0x00000334       0x31 firmware\STM32F10x_StdPeriph_Driver\src\stm32f10x_exti.o
 .ARM.attributes
                0x00000365       0x31 firmware\STM32F10x_StdPeriph_Driver\src\stm32f10x_dma.o
 .ARM.attributes
                0x00000396       0x31 firmware\STM32F10x_StdPeriph_Driver\src\stm32f10x_dbgmcu.o
 .ARM.attributes
                0x000003c7       0x31 firmware\STM32F10x_StdPeriph_Driver\src\stm32f10x_dac.o
 .ARM.attributes
                0x000003f8       0x31 firmware\STM32F10x_StdPeriph_Driver\src\stm32f10x_crc.o
 .ARM.attributes
                0x00000429       0x31 firmware\STM32F10x_StdPeriph_Driver\src\stm32f10x_cec.o
 .ARM.attributes
                0x0000045a       0x31 firmware\STM32F10x_StdPeriph_Driver\src\stm32f10x_can.o
 .ARM.attributes
                0x0000048b       0x31 firmware\STM32F10x_StdPeriph_Driver\src\stm32f10x_bkp.o
 .ARM.attributes
                0x000004bc       0x31 firmware\STM32F10x_StdPeriph_Driver\src\stm32f10x_adc.o
 .ARM.attributes
                0x000004ed       0x31 firmware\STM32F10x_StdPeriph_Driver\src\misc.o
 .ARM.attributes
                0x0000051e       0x31 firmware\CMSIS\CM3\DeviceSupport\ST\STM32F10x\system_stm32f10x.o
 .ARM.attributes
                0x0000054f       0x21 firmware\CMSIS\CM3\DeviceSupport\ST\STM32F10x\startup\TrueSTUDIO\startup_stm32f10x_xl.o
 .ARM.attributes
                0x00000570       0x31 firmware\CMSIS\CM3\CoreSupport\core_cm3.o
 .ARM.attributes
                0x000005a1       0x27 c:/program files/atollic/truestudio stm32 pro 1.4.0/armtools/bin/../lib/gcc/arm-atollic-eabi/4.4.1/../../../../arm-atollic-eabi/lib/thumb/thumb2\libc.a(lib_a-atexit.o)
 .ARM.attributes
                0x000005c8       0x27 c:/program files/atollic/truestudio stm32 pro 1.4.0/armtools/bin/../lib/gcc/arm-atollic-eabi/4.4.1/../../../../arm-atollic-eabi/lib/thumb/thumb2\libc.a(lib_a-exit.o)
 .ARM.attributes
                0x000005ef       0x25 c:/program files/atollic/truestudio stm32 pro 1.4.0/armtools/bin/../lib/gcc/arm-atollic-eabi/4.4.1/../../../../arm-atollic-eabi/lib/thumb/thumb2\libc.a(lib_a-impure.o)
 .ARM.attributes
                0x00000614       0x27 c:/program files/atollic/truestudio stm32 pro 1.4.0/armtools/bin/../lib/gcc/arm-atollic-eabi/4.4.1/../../../../arm-atollic-eabi/lib/thumb/thumb2\libc.a(lib_a-init.o)
 .ARM.attributes
                0x0000063b       0x27 c:/program files/atollic/truestudio stm32 pro 1.4.0/armtools/bin/../lib/gcc/arm-atollic-eabi/4.4.1/../../../../arm-atollic-eabi/lib/thumb/thumb2\libc.a(lib_a-memset.o)
 .ARM.attributes
                0x00000662       0x27 c:/program files/atollic/truestudio stm32 pro 1.4.0/armtools/bin/../lib/gcc/arm-atollic-eabi/4.4.1/../../../../arm-atollic-eabi/lib/thumb/thumb2\libc.a(lib_a-syscalls.o)
 .ARM.attributes
                0x00000689       0x27 c:/program files/atollic/truestudio stm32 pro 1.4.0/armtools/bin/../lib/gcc/arm-atollic-eabi/4.4.1/../../../../arm-atollic-eabi/lib/thumb/thumb2\libc.a(lib_a-__atexit.o)
 .ARM.attributes
                0x000006b0       0x27 c:/program files/atollic/truestudio stm32 pro 1.4.0/armtools/bin/../lib/gcc/arm-atollic-eabi/4.4.1/../../../../arm-atollic-eabi/lib/thumb/thumb2\libc.a(lib_a-__call_atexit.o)
 .ARM.attributes
                0x000006d7       0x27 c:/program files/atollic/truestudio stm32 pro 1.4.0/armtools/bin/../lib/gcc/arm-atollic-eabi/4.4.1/../../../../arm-atollic-eabi/lib/thumb/thumb2\libc.a(lib_a-findfp.o)
 .ARM.attributes
                0x000006fe       0x27 c:/program files/atollic/truestudio stm32 pro 1.4.0/armtools/bin/../lib/gcc/arm-atollic-eabi/4.4.1/../../../../arm-atollic-eabi/lib/thumb/thumb2\libc.a(lib_a-fwalk.o)
 .ARM.attributes
                0x00000725       0x27 c:/program files/atollic/truestudio stm32 pro 1.4.0/armtools/bin/../lib/gcc/arm-atollic-eabi/4.4.1/../../../../arm-atollic-eabi/lib/thumb/thumb2\libc.a(lib_a-malloc.o)
 .ARM.attributes
                0x0000074c       0x27 c:/program files/atollic/truestudio stm32 pro 1.4.0/armtools/bin/../lib/gcc/arm-atollic-eabi/4.4.1/../../../../arm-atollic-eabi/lib/thumb/thumb2\libc.a(lib_a-mallocr.o)
 .ARM.attributes
                0x00000773       0x27 c:/program files/atollic/truestudio stm32 pro 1.4.0/armtools/bin/../lib/gcc/arm-atollic-eabi/4.4.1/../../../../arm-atollic-eabi/lib/thumb/thumb2\libc.a(lib_a-mlock.o)
 .ARM.attributes
                0x0000079a       0x27 c:/program files/atollic/truestudio stm32 pro 1.4.0/armtools/bin/../lib/gcc/arm-atollic-eabi/4.4.1/../../../../arm-atollic-eabi/lib/thumb/thumb2\libc.a(lib_a-reent.o)
 .ARM.attributes
                0x000007c1       0x27 c:/program files/atollic/truestudio stm32 pro 1.4.0/armtools/bin/../lib/gcc/arm-atollic-eabi/4.4.1/../../../../arm-atollic-eabi/lib/thumb/thumb2\libc.a(lib_a-sbrkr.o)
 .ARM.attributes
                0x000007e8       0x27 c:/program files/atollic/truestudio stm32 pro 1.4.0/armtools/bin/../lib/gcc/arm-atollic-eabi/4.4.1/../../../../arm-atollic-eabi/lib/thumb/thumb2\libc.a(lib_a-stdio.o)
 .ARM.attributes
                0x0000080f       0x27 c:/program files/atollic/truestudio stm32 pro 1.4.0/armtools/bin/../lib/gcc/arm-atollic-eabi/4.4.1/../../../../arm-atollic-eabi/lib/thumb/thumb2\libc.a(lib_a-writer.o)
 .ARM.attributes
                0x00000836       0x27 c:/program files/atollic/truestudio stm32 pro 1.4.0/armtools/bin/../lib/gcc/arm-atollic-eabi/4.4.1/../../../../arm-atollic-eabi/lib/thumb/thumb2\libc.a(lib_a-closer.o)
 .ARM.attributes
                0x0000085d       0x27 c:/program files/atollic/truestudio stm32 pro 1.4.0/armtools/bin/../lib/gcc/arm-atollic-eabi/4.4.1/../../../../arm-atollic-eabi/lib/thumb/thumb2\libc.a(lib_a-fclose.o)
 .ARM.attributes
                0x00000884       0x27 c:/program files/atollic/truestudio stm32 pro 1.4.0/armtools/bin/../lib/gcc/arm-atollic-eabi/4.4.1/../../../../arm-atollic-eabi/lib/thumb/thumb2\libc.a(lib_a-fflush.o)
 .ARM.attributes
                0x000008ab       0x27 c:/program files/atollic/truestudio stm32 pro 1.4.0/armtools/bin/../lib/gcc/arm-atollic-eabi/4.4.1/../../../../arm-atollic-eabi/lib/thumb/thumb2\libc.a(lib_a-freer.o)
 .ARM.attributes
                0x000008d2       0x27 c:/program files/atollic/truestudio stm32 pro 1.4.0/armtools/bin/../lib/gcc/arm-atollic-eabi/4.4.1/../../../../arm-atollic-eabi/lib/thumb/thumb2\libc.a(lib_a-lseekr.o)
 .ARM.attributes
                0x000008f9       0x27 c:/program files/atollic/truestudio stm32 pro 1.4.0/armtools/bin/../lib/gcc/arm-atollic-eabi/4.4.1/../../../../arm-atollic-eabi/lib/thumb/thumb2\libc.a(lib_a-readr.o)
 .ARM.attributes
                0x00000920       0x25 c:/program files/atollic/truestudio stm32 pro 1.4.0/armtools/bin/../lib/gcc/arm-atollic-eabi/4.4.1/thumb/thumb2/crtend.o
 .ARM.attributes
                0x00000945       0x17 c:/program files/atollic/truestudio stm32 pro 1.4.0/armtools/bin/../lib/gcc/arm-atollic-eabi/4.4.1/thumb/thumb2/crtn.o
OUTPUT(ProtocolLayer.elf elf32-littlearm)

.debug_line     0x00000000     0x534d
 .debug_line    0x00000000       0x67 c:/program files/atollic/truestudio stm32 pro 1.4.0/armtools/bin/../lib/gcc/arm-atollic-eabi/4.4.1/thumb/thumb2/crti.o
 .debug_line    0x00000067       0xfd src\stm32f10x_it.o
 .debug_line    0x00000164      0x149 src\main.o
 .debug_line    0x000002ad      0x1d3 firmware\STM32F10x_StdPeriph_Driver\src\stm32f10x_wwdg.o
 .debug_line    0x00000480      0x421 firmware\STM32F10x_StdPeriph_Driver\src\stm32f10x_usart.o
 .debug_line    0x000008a1      0x9a0 firmware\STM32F10x_StdPeriph_Driver\src\stm32f10x_tim.o
 .debug_line    0x00001241      0x397 firmware\STM32F10x_StdPeriph_Driver\src\stm32f10x_spi.o
 .debug_line    0x000015d8      0x3d4 firmware\STM32F10x_StdPeriph_Driver\src\stm32f10x_sdio.o
 .debug_line    0x000019ac      0x257 firmware\STM32F10x_StdPeriph_Driver\src\stm32f10x_rtc.o
 .debug_line    0x00001c03      0x43b firmware\STM32F10x_StdPeriph_Driver\src\stm32f10x_rcc.o
 .debug_line    0x0000203e      0x226 firmware\STM32F10x_StdPeriph_Driver\src\stm32f10x_pwr.o
 .debug_line    0x00002264      0x1ac firmware\STM32F10x_StdPeriph_Driver\src\stm32f10x_iwdg.o
 .debug_line    0x00002410      0x44c firmware\STM32F10x_StdPeriph_Driver\src\stm32f10x_i2c.o
 .debug_line    0x0000285c      0x330 firmware\STM32F10x_StdPeriph_Driver\src\stm32f10x_gpio.o
 .debug_line    0x00002b8c      0x3bc firmware\STM32F10x_StdPeriph_Driver\src\stm32f10x_fsmc.o
 .debug_line    0x00002f48      0x54a firmware\STM32F10x_StdPeriph_Driver\src\stm32f10x_flash.o
 .debug_line    0x00003492      0x22e firmware\STM32F10x_StdPeriph_Driver\src\stm32f10x_exti.o
 .debug_line    0x000036c0      0x27a firmware\STM32F10x_StdPeriph_Driver\src\stm32f10x_dma.o
 .debug_line    0x0000393a      0x176 firmware\STM32F10x_StdPeriph_Driver\src\stm32f10x_dbgmcu.o
 .debug_line    0x00003ab0      0x27d firmware\STM32F10x_StdPeriph_Driver\src\stm32f10x_dac.o
 .debug_line    0x00003d2d      0x1ac firmware\STM32F10x_StdPeriph_Driver\src\stm32f10x_crc.o
 .debug_line    0x00003ed9      0x295 firmware\STM32F10x_StdPeriph_Driver\src\stm32f10x_cec.o
 .debug_line    0x0000416e      0x3e7 firmware\STM32F10x_StdPeriph_Driver\src\stm32f10x_can.o
 .debug_line    0x00004555      0x222 firmware\STM32F10x_StdPeriph_Driver\src\stm32f10x_bkp.o
 .debug_line    0x00004777      0x4ac firmware\STM32F10x_StdPeriph_Driver\src\stm32f10x_adc.o
 .debug_line    0x00004c23      0x1d3 firmware\STM32F10x_StdPeriph_Driver\src\misc.o
 .debug_line    0x00004df6      0x1d0 firmware\CMSIS\CM3\DeviceSupport\ST\STM32F10x\system_stm32f10x.o
 .debug_line    0x00004fc6       0xb0 firmware\CMSIS\CM3\DeviceSupport\ST\STM32F10x\startup\TrueSTUDIO\startup_stm32f10x_xl.o
 .debug_line    0x00005076      0x26d firmware\CMSIS\CM3\CoreSupport\core_cm3.o
 .debug_line    0x000052e3       0x6a c:/program files/atollic/truestudio stm32 pro 1.4.0/armtools/bin/../lib/gcc/arm-atollic-eabi/4.4.1/thumb/thumb2/crtn.o

.debug_info     0x00000000     0xb8d8
 .debug_info    0x00000000       0x7d c:/program files/atollic/truestudio stm32 pro 1.4.0/armtools/bin/../lib/gcc/arm-atollic-eabi/4.4.1/thumb/thumb2/crti.o
 .debug_info    0x0000007d      0x143 src\stm32f10x_it.o
 .debug_info    0x000001c0      0x1e8 src\main.o
 .debug_info    0x000003a8      0x222 firmware\STM32F10x_StdPeriph_Driver\src\stm32f10x_wwdg.o
 .debug_info    0x000005ca      0xa59 firmware\STM32F10x_StdPeriph_Driver\src\stm32f10x_usart.o
 .debug_info    0x00001023     0x1e11 firmware\STM32F10x_StdPeriph_Driver\src\stm32f10x_tim.o
 .debug_info    0x00002e34      0x96a firmware\STM32F10x_StdPeriph_Driver\src\stm32f10x_spi.o
 .debug_info    0x0000379e      0x87c firmware\STM32F10x_StdPeriph_Driver\src\stm32f10x_sdio.o
 .debug_info    0x0000401a      0x44c firmware\STM32F10x_StdPeriph_Driver\src\stm32f10x_rtc.o
 .debug_info    0x00004466      0x8e3 firmware\STM32F10x_StdPeriph_Driver\src\stm32f10x_rcc.o
 .debug_info    0x00004d49      0x2b7 firmware\STM32F10x_StdPeriph_Driver\src\stm32f10x_pwr.o
 .debug_info    0x00005000      0x1ed firmware\STM32F10x_StdPeriph_Driver\src\stm32f10x_iwdg.o
 .debug_info    0x000051ed      0xb54 firmware\STM32F10x_StdPeriph_Driver\src\stm32f10x_i2c.o
 .debug_info    0x00005d41      0x705 firmware\STM32F10x_StdPeriph_Driver\src\stm32f10x_gpio.o
 .debug_info    0x00006446      0x93d firmware\STM32F10x_StdPeriph_Driver\src\stm32f10x_fsmc.o
 .debug_info    0x00006d83      0x965 firmware\STM32F10x_StdPeriph_Driver\src\stm32f10x_flash.o
 .debug_info    0x000076e8      0x34e firmware\STM32F10x_StdPeriph_Driver\src\stm32f10x_exti.o
 .debug_info    0x00007a36      0x456 firmware\STM32F10x_StdPeriph_Driver\src\stm32f10x_dma.o
 .debug_info    0x00007e8c      0x147 firmware\STM32F10x_StdPeriph_Driver\src\stm32f10x_dbgmcu.o
 .debug_info    0x00007fd3      0x4ba firmware\STM32F10x_StdPeriph_Driver\src\stm32f10x_dac.o
 .debug_info    0x0000848d      0x1ed firmware\STM32F10x_StdPeriph_Driver\src\stm32f10x_crc.o
 .debug_info    0x0000867a      0x429 firmware\STM32F10x_StdPeriph_Driver\src\stm32f10x_cec.o
 .debug_info    0x00008aa3      0xaf6 firmware\STM32F10x_StdPeriph_Driver\src\stm32f10x_can.o
 .debug_info    0x00009599      0x866 firmware\STM32F10x_StdPeriph_Driver\src\stm32f10x_bkp.o
 .debug_info    0x00009dff      0xc07 firmware\STM32F10x_StdPeriph_Driver\src\stm32f10x_adc.o
 .debug_info    0x0000aa06      0x51d firmware\STM32F10x_StdPeriph_Driver\src\misc.o
 .debug_info    0x0000af23      0x332 firmware\CMSIS\CM3\DeviceSupport\ST\STM32F10x\system_stm32f10x.o
 .debug_info    0x0000b255       0xbe firmware\CMSIS\CM3\DeviceSupport\ST\STM32F10x\startup\TrueSTUDIO\startup_stm32f10x_xl.o
 .debug_info    0x0000b313      0x548 firmware\CMSIS\CM3\CoreSupport\core_cm3.o
 .debug_info    0x0000b85b       0x7d c:/program files/atollic/truestudio stm32 pro 1.4.0/armtools/bin/../lib/gcc/arm-atollic-eabi/4.4.1/thumb/thumb2/crtn.o

.debug_abbrev   0x00000000     0x2371
 .debug_abbrev  0x00000000       0x12 c:/program files/atollic/truestudio stm32 pro 1.4.0/armtools/bin/../lib/gcc/arm-atollic-eabi/4.4.1/thumb/thumb2/crti.o
 .debug_abbrev  0x00000012       0x62 src\stm32f10x_it.o
 .debug_abbrev  0x00000074       0xe5 src\main.o
 .debug_abbrev  0x00000159      0x103 firmware\STM32F10x_StdPeriph_Driver\src\stm32f10x_wwdg.o
 .debug_abbrev  0x0000025c      0x159 firmware\STM32F10x_StdPeriph_Driver\src\stm32f10x_usart.o
 .debug_abbrev  0x000003b5      0x17d firmware\STM32F10x_StdPeriph_Driver\src\stm32f10x_tim.o
 .debug_abbrev  0x00000532      0x168 firmware\STM32F10x_StdPeriph_Driver\src\stm32f10x_spi.o
 .debug_abbrev  0x0000069a      0x1ad firmware\STM32F10x_StdPeriph_Driver\src\stm32f10x_sdio.o
 .debug_abbrev  0x00000847      0x171 firmware\STM32F10x_StdPeriph_Driver\src\stm32f10x_rtc.o
 .debug_abbrev  0x000009b8      0x19c firmware\STM32F10x_StdPeriph_Driver\src\stm32f10x_rcc.o
 .debug_abbrev  0x00000b54      0x14b firmware\STM32F10x_StdPeriph_Driver\src\stm32f10x_pwr.o
 .debug_abbrev  0x00000c9f      0x105 firmware\STM32F10x_StdPeriph_Driver\src\stm32f10x_iwdg.o
 .debug_abbrev  0x00000da4      0x168 firmware\STM32F10x_StdPeriph_Driver\src\stm32f10x_i2c.o
 .debug_abbrev  0x00000f0c      0x1a2 firmware\STM32F10x_StdPeriph_Driver\src\stm32f10x_gpio.o
 .debug_abbrev  0x000010ae      0x171 firmware\STM32F10x_StdPeriph_Driver\src\stm32f10x_fsmc.o
 .debug_abbrev  0x0000121f      0x18e firmware\STM32F10x_StdPeriph_Driver\src\stm32f10x_flash.o
 .debug_abbrev  0x000013ad      0x155 firmware\STM32F10x_StdPeriph_Driver\src\stm32f10x_exti.o
 .debug_abbrev  0x00001502      0x159 firmware\STM32F10x_StdPeriph_Driver\src\stm32f10x_dma.o
 .debug_abbrev  0x0000165b       0xe5 firmware\STM32F10x_StdPeriph_Driver\src\stm32f10x_dbgmcu.o
 .debug_abbrev  0x00001740      0x174 firmware\STM32F10x_StdPeriph_Driver\src\stm32f10x_dac.o
 .debug_abbrev  0x000018b4      0x108 firmware\STM32F10x_StdPeriph_Driver\src\stm32f10x_crc.o
 .debug_abbrev  0x000019bc      0x194 firmware\STM32F10x_StdPeriph_Driver\src\stm32f10x_cec.o
 .debug_abbrev  0x00001b50      0x1b7 firmware\STM32F10x_StdPeriph_Driver\src\stm32f10x_can.o
 .debug_abbrev  0x00001d07      0x161 firmware\STM32F10x_StdPeriph_Driver\src\stm32f10x_bkp.o
 .debug_abbrev  0x00001e68      0x17f firmware\STM32F10x_StdPeriph_Driver\src\stm32f10x_adc.o
 .debug_abbrev  0x00001fe7      0x140 firmware\STM32F10x_StdPeriph_Driver\src\misc.o
 .debug_abbrev  0x00002127      0x14f firmware\CMSIS\CM3\DeviceSupport\ST\STM32F10x\system_stm32f10x.o
 .debug_abbrev  0x00002276       0x12 firmware\CMSIS\CM3\DeviceSupport\ST\STM32F10x\startup\TrueSTUDIO\startup_stm32f10x_xl.o
 .debug_abbrev  0x00002288       0xd7 firmware\CMSIS\CM3\CoreSupport\core_cm3.o
 .debug_abbrev  0x0000235f       0x12 c:/program files/atollic/truestudio stm32 pro 1.4.0/armtools/bin/../lib/gcc/arm-atollic-eabi/4.4.1/thumb/thumb2/crtn.o

.debug_aranges  0x00000000     0x12f8
 .debug_aranges
                0x00000000       0x28 c:/program files/atollic/truestudio stm32 pro 1.4.0/armtools/bin/../lib/gcc/arm-atollic-eabi/4.4.1/thumb/thumb2/crti.o
 .debug_aranges
                0x00000028       0x60 src\stm32f10x_it.o
 .debug_aranges
                0x00000088       0x30 src\main.o
 .debug_aranges
                0x000000b8       0x58 firmware\STM32F10x_StdPeriph_Driver\src\stm32f10x_wwdg.o
 .debug_aranges
                0x00000110      0x100 firmware\STM32F10x_StdPeriph_Driver\src\stm32f10x_usart.o
 .debug_aranges
                0x00000210      0x2f0 firmware\STM32F10x_StdPeriph_Driver\src\stm32f10x_tim.o
 .debug_aranges
                0x00000500       0xd0 firmware\STM32F10x_StdPeriph_Driver\src\stm32f10x_spi.o
 .debug_aranges
                0x000005d0      0x108 firmware\STM32F10x_StdPeriph_Driver\src\stm32f10x_sdio.o
 .debug_aranges
                0x000006d8       0x88 firmware\STM32F10x_StdPeriph_Driver\src\stm32f10x_rtc.o
 .debug_aranges
                0x00000760      0x118 firmware\STM32F10x_StdPeriph_Driver\src\stm32f10x_rcc.o
 .debug_aranges
                0x00000878       0x70 firmware\STM32F10x_StdPeriph_Driver\src\stm32f10x_pwr.o
 .debug_aranges
                0x000008e8       0x48 firmware\STM32F10x_StdPeriph_Driver\src\stm32f10x_iwdg.o
 .debug_aranges
                0x00000930      0x118 firmware\STM32F10x_StdPeriph_Driver\src\stm32f10x_i2c.o
 .debug_aranges
                0x00000a48       0xa8 firmware\STM32F10x_StdPeriph_Driver\src\stm32f10x_gpio.o
 .debug_aranges
                0x00000af0       0xb0 firmware\STM32F10x_StdPeriph_Driver\src\stm32f10x_fsmc.o
 .debug_aranges
                0x00000ba0      0x128 firmware\STM32F10x_StdPeriph_Driver\src\stm32f10x_flash.o
 .debug_aranges
                0x00000cc8       0x58 firmware\STM32F10x_StdPeriph_Driver\src\stm32f10x_exti.o
 .debug_aranges
                0x00000d20       0x68 firmware\STM32F10x_StdPeriph_Driver\src\stm32f10x_dma.o
 .debug_aranges
                0x00000d88       0x30 firmware\STM32F10x_StdPeriph_Driver\src\stm32f10x_dbgmcu.o
 .debug_aranges
                0x00000db8       0x78 firmware\STM32F10x_StdPeriph_Driver\src\stm32f10x_dac.o
 .debug_aranges
                0x00000e30       0x48 firmware\STM32F10x_StdPeriph_Driver\src\stm32f10x_crc.o
 .debug_aranges
                0x00000e78       0x88 firmware\STM32F10x_StdPeriph_Driver\src\stm32f10x_cec.o
 .debug_aranges
                0x00000f00       0xb8 firmware\STM32F10x_StdPeriph_Driver\src\stm32f10x_can.o
 .debug_aranges
                0x00000fb8       0x78 firmware\STM32F10x_StdPeriph_Driver\src\stm32f10x_bkp.o
 .debug_aranges
                0x00001030      0x138 firmware\STM32F10x_StdPeriph_Driver\src\stm32f10x_adc.o
 .debug_aranges
                0x00001168       0x40 firmware\STM32F10x_StdPeriph_Driver\src\misc.o
 .debug_aranges
                0x000011a8       0x38 firmware\CMSIS\CM3\DeviceSupport\ST\STM32F10x\system_stm32f10x.o
 .debug_aranges
                0x000011e0       0x28 firmware\CMSIS\CM3\DeviceSupport\ST\STM32F10x\startup\TrueSTUDIO\startup_stm32f10x_xl.o
 .debug_aranges
                0x00001208       0xc8 firmware\CMSIS\CM3\CoreSupport\core_cm3.o
 .debug_aranges
                0x000012d0       0x28 c:/program files/atollic/truestudio stm32 pro 1.4.0/armtools/bin/../lib/gcc/arm-atollic-eabi/4.4.1/thumb/thumb2/crtn.o

.debug_ranges   0x00000000     0x1208
 .debug_ranges  0x00000000       0x20 c:/program files/atollic/truestudio stm32 pro 1.4.0/armtools/bin/../lib/gcc/arm-atollic-eabi/4.4.1/thumb/thumb2/crti.o
 .debug_ranges  0x00000020       0x58 src\stm32f10x_it.o
 .debug_ranges  0x00000078       0x28 src\main.o
 .debug_ranges  0x000000a0       0x50 firmware\STM32F10x_StdPeriph_Driver\src\stm32f10x_wwdg.o
 .debug_ranges  0x000000f0       0xf8 firmware\STM32F10x_StdPeriph_Driver\src\stm32f10x_usart.o
 .debug_ranges  0x000001e8      0x2e8 firmware\STM32F10x_StdPeriph_Driver\src\stm32f10x_tim.o
 .debug_ranges  0x000004d0       0xc8 firmware\STM32F10x_StdPeriph_Driver\src\stm32f10x_spi.o
 .debug_ranges  0x00000598      0x100 firmware\STM32F10x_StdPeriph_Driver\src\stm32f10x_sdio.o
 .debug_ranges  0x00000698       0x80 firmware\STM32F10x_StdPeriph_Driver\src\stm32f10x_rtc.o
 .debug_ranges  0x00000718      0x110 firmware\STM32F10x_StdPeriph_Driver\src\stm32f10x_rcc.o
 .debug_ranges  0x00000828       0x68 firmware\STM32F10x_StdPeriph_Driver\src\stm32f10x_pwr.o
 .debug_ranges  0x00000890       0x40 firmware\STM32F10x_StdPeriph_Driver\src\stm32f10x_iwdg.o
 .debug_ranges  0x000008d0      0x110 firmware\STM32F10x_StdPeriph_Driver\src\stm32f10x_i2c.o
 .debug_ranges  0x000009e0       0xa0 firmware\STM32F10x_StdPeriph_Driver\src\stm32f10x_gpio.o
 .debug_ranges  0x00000a80       0xa8 firmware\STM32F10x_StdPeriph_Driver\src\stm32f10x_fsmc.o
 .debug_ranges  0x00000b28      0x120 firmware\STM32F10x_StdPeriph_Driver\src\stm32f10x_flash.o
 .debug_ranges  0x00000c48       0x50 firmware\STM32F10x_StdPeriph_Driver\src\stm32f10x_exti.o
 .debug_ranges  0x00000c98       0x60 firmware\STM32F10x_StdPeriph_Driver\src\stm32f10x_dma.o
 .debug_ranges  0x00000cf8       0x28 firmware\STM32F10x_StdPeriph_Driver\src\stm32f10x_dbgmcu.o
 .debug_ranges  0x00000d20       0x70 firmware\STM32F10x_StdPeriph_Driver\src\stm32f10x_dac.o
 .debug_ranges  0x00000d90       0x40 firmware\STM32F10x_StdPeriph_Driver\src\stm32f10x_crc.o
 .debug_ranges  0x00000dd0       0x80 firmware\STM32F10x_StdPeriph_Driver\src\stm32f10x_cec.o
 .debug_ranges  0x00000e50       0xb0 firmware\STM32F10x_StdPeriph_Driver\src\stm32f10x_can.o
 .debug_ranges  0x00000f00       0x70 firmware\STM32F10x_StdPeriph_Driver\src\stm32f10x_bkp.o
 .debug_ranges  0x00000f70      0x130 firmware\STM32F10x_StdPeriph_Driver\src\stm32f10x_adc.o
 .debug_ranges  0x000010a0       0x38 firmware\STM32F10x_StdPeriph_Driver\src\misc.o
 .debug_ranges  0x000010d8       0x30 firmware\CMSIS\CM3\DeviceSupport\ST\STM32F10x\system_stm32f10x.o
 .debug_ranges  0x00001108       0x20 firmware\CMSIS\CM3\DeviceSupport\ST\STM32F10x\startup\TrueSTUDIO\startup_stm32f10x_xl.o
 .debug_ranges  0x00001128       0xc0 firmware\CMSIS\CM3\CoreSupport\core_cm3.o
 .debug_ranges  0x000011e8       0x20 c:/program files/atollic/truestudio stm32 pro 1.4.0/armtools/bin/../lib/gcc/arm-atollic-eabi/4.4.1/thumb/thumb2/crtn.o

.comment        0x00000000     0x127c
 .comment       0x00000000       0x5b c:/program files/atollic/truestudio stm32 pro 1.4.0/armtools/bin/../lib/gcc/arm-atollic-eabi/4.4.1/thumb/thumb2/crtbegin.o
 .comment       0x0000005b       0x5b src\stm32f10x_it.o
 .comment       0x000000b6       0x5b src\main.o
 .comment       0x00000111       0x5b firmware\STM32F10x_StdPeriph_Driver\src\stm32f10x_wwdg.o
 .comment       0x0000016c       0x5b firmware\STM32F10x_StdPeriph_Driver\src\stm32f10x_usart.o
 .comment       0x000001c7       0x5b firmware\STM32F10x_StdPeriph_Driver\src\stm32f10x_tim.o
 .comment       0x00000222       0x5b firmware\STM32F10x_StdPeriph_Driver\src\stm32f10x_spi.o
 .comment       0x0000027d       0x5b firmware\STM32F10x_StdPeriph_Driver\src\stm32f10x_sdio.o
 .comment       0x000002d8       0x5b firmware\STM32F10x_StdPeriph_Driver\src\stm32f10x_rtc.o
 .comment       0x00000333       0x5b firmware\STM32F10x_StdPeriph_Driver\src\stm32f10x_rcc.o
 .comment       0x0000038e       0x5b firmware\STM32F10x_StdPeriph_Driver\src\stm32f10x_pwr.o
 .comment       0x000003e9       0x5b firmware\STM32F10x_StdPeriph_Driver\src\stm32f10x_iwdg.o
 .comment       0x00000444       0x5b firmware\STM32F10x_StdPeriph_Driver\src\stm32f10x_i2c.o
 .comment       0x0000049f       0x5b firmware\STM32F10x_StdPeriph_Driver\src\stm32f10x_gpio.o
 .comment       0x000004fa       0x5b firmware\STM32F10x_StdPeriph_Driver\src\stm32f10x_fsmc.o
 .comment       0x00000555       0x5b firmware\STM32F10x_StdPeriph_Driver\src\stm32f10x_flash.o
 .comment       0x000005b0       0x5b firmware\STM32F10x_StdPeriph_Driver\src\stm32f10x_exti.o
 .comment       0x0000060b       0x5b firmware\STM32F10x_StdPeriph_Driver\src\stm32f10x_dma.o
 .comment       0x00000666       0x5b firmware\STM32F10x_StdPeriph_Driver\src\stm32f10x_dbgmcu.o
 .comment       0x000006c1       0x5b firmware\STM32F10x_StdPeriph_Driver\src\stm32f10x_dac.o
 .comment       0x0000071c       0x5b firmware\STM32F10x_StdPeriph_Driver\src\stm32f10x_crc.o
 .comment       0x00000777       0x5b firmware\STM32F10x_StdPeriph_Driver\src\stm32f10x_cec.o
 .comment       0x000007d2       0x5b firmware\STM32F10x_StdPeriph_Driver\src\stm32f10x_can.o
 .comment       0x0000082d       0x5b firmware\STM32F10x_StdPeriph_Driver\src\stm32f10x_bkp.o
 .comment       0x00000888       0x5b firmware\STM32F10x_StdPeriph_Driver\src\stm32f10x_adc.o
 .comment       0x000008e3       0x5b firmware\STM32F10x_StdPeriph_Driver\src\misc.o
 .comment       0x0000093e       0x5b firmware\CMSIS\CM3\DeviceSupport\ST\STM32F10x\system_stm32f10x.o
 .comment       0x00000999       0x5b firmware\CMSIS\CM3\CoreSupport\core_cm3.o
 .comment       0x000009f4       0x5b c:/program files/atollic/truestudio stm32 pro 1.4.0/armtools/bin/../lib/gcc/arm-atollic-eabi/4.4.1/../../../../arm-atollic-eabi/lib/thumb/thumb2\libc.a(lib_a-atexit.o)
 .comment       0x00000a4f       0x5b c:/program files/atollic/truestudio stm32 pro 1.4.0/armtools/bin/../lib/gcc/arm-atollic-eabi/4.4.1/../../../../arm-atollic-eabi/lib/thumb/thumb2\libc.a(lib_a-exit.o)
 .comment       0x00000aaa       0x5b c:/program files/atollic/truestudio stm32 pro 1.4.0/armtools/bin/../lib/gcc/arm-atollic-eabi/4.4.1/../../../../arm-atollic-eabi/lib/thumb/thumb2\libc.a(lib_a-impure.o)
 .comment       0x00000b05       0x5b c:/program files/atollic/truestudio stm32 pro 1.4.0/armtools/bin/../lib/gcc/arm-atollic-eabi/4.4.1/../../../../arm-atollic-eabi/lib/thumb/thumb2\libc.a(lib_a-init.o)
 .comment       0x00000b60       0x5b c:/program files/atollic/truestudio stm32 pro 1.4.0/armtools/bin/../lib/gcc/arm-atollic-eabi/4.4.1/../../../../arm-atollic-eabi/lib/thumb/thumb2\libc.a(lib_a-memset.o)
 .comment       0x00000bbb       0x5b c:/program files/atollic/truestudio stm32 pro 1.4.0/armtools/bin/../lib/gcc/arm-atollic-eabi/4.4.1/../../../../arm-atollic-eabi/lib/thumb/thumb2\libc.a(lib_a-syscalls.o)
 .comment       0x00000c16       0x5b c:/program files/atollic/truestudio stm32 pro 1.4.0/armtools/bin/../lib/gcc/arm-atollic-eabi/4.4.1/../../../../arm-atollic-eabi/lib/thumb/thumb2\libc.a(lib_a-__atexit.o)
 .comment       0x00000c71       0x5b c:/program files/atollic/truestudio stm32 pro 1.4.0/armtools/bin/../lib/gcc/arm-atollic-eabi/4.4.1/../../../../arm-atollic-eabi/lib/thumb/thumb2\libc.a(lib_a-__call_atexit.o)
 .comment       0x00000ccc       0x5b c:/program files/atollic/truestudio stm32 pro 1.4.0/armtools/bin/../lib/gcc/arm-atollic-eabi/4.4.1/../../../../arm-atollic-eabi/lib/thumb/thumb2\libc.a(lib_a-findfp.o)
 .comment       0x00000d27       0x5b c:/program files/atollic/truestudio stm32 pro 1.4.0/armtools/bin/../lib/gcc/arm-atollic-eabi/4.4.1/../../../../arm-atollic-eabi/lib/thumb/thumb2\libc.a(lib_a-fwalk.o)
 .comment       0x00000d82       0x5b c:/program files/atollic/truestudio stm32 pro 1.4.0/armtools/bin/../lib/gcc/arm-atollic-eabi/4.4.1/../../../../arm-atollic-eabi/lib/thumb/thumb2\libc.a(lib_a-malloc.o)
 .comment       0x00000ddd       0x5b c:/program files/atollic/truestudio stm32 pro 1.4.0/armtools/bin/../lib/gcc/arm-atollic-eabi/4.4.1/../../../../arm-atollic-eabi/lib/thumb/thumb2\libc.a(lib_a-mallocr.o)
 .comment       0x00000e38       0x5b c:/program files/atollic/truestudio stm32 pro 1.4.0/armtools/bin/../lib/gcc/arm-atollic-eabi/4.4.1/../../../../arm-atollic-eabi/lib/thumb/thumb2\libc.a(lib_a-mlock.o)
 .comment       0x00000e93       0x5b c:/program files/atollic/truestudio stm32 pro 1.4.0/armtools/bin/../lib/gcc/arm-atollic-eabi/4.4.1/../../../../arm-atollic-eabi/lib/thumb/thumb2\libc.a(lib_a-reent.o)
 .comment       0x00000eee       0x5b c:/program files/atollic/truestudio stm32 pro 1.4.0/armtools/bin/../lib/gcc/arm-atollic-eabi/4.4.1/../../../../arm-atollic-eabi/lib/thumb/thumb2\libc.a(lib_a-sbrkr.o)
 .comment       0x00000f49       0x5b c:/program files/atollic/truestudio stm32 pro 1.4.0/armtools/bin/../lib/gcc/arm-atollic-eabi/4.4.1/../../../../arm-atollic-eabi/lib/thumb/thumb2\libc.a(lib_a-stdio.o)
 .comment       0x00000fa4       0x5b c:/program files/atollic/truestudio stm32 pro 1.4.0/armtools/bin/../lib/gcc/arm-atollic-eabi/4.4.1/../../../../arm-atollic-eabi/lib/thumb/thumb2\libc.a(lib_a-writer.o)
 .comment       0x00000fff       0x5b c:/program files/atollic/truestudio stm32 pro 1.4.0/armtools/bin/../lib/gcc/arm-atollic-eabi/4.4.1/../../../../arm-atollic-eabi/lib/thumb/thumb2\libc.a(lib_a-closer.o)
 .comment       0x0000105a       0x5b c:/program files/atollic/truestudio stm32 pro 1.4.0/armtools/bin/../lib/gcc/arm-atollic-eabi/4.4.1/../../../../arm-atollic-eabi/lib/thumb/thumb2\libc.a(lib_a-fclose.o)
 .comment       0x000010b5       0x5b c:/program files/atollic/truestudio stm32 pro 1.4.0/armtools/bin/../lib/gcc/arm-atollic-eabi/4.4.1/../../../../arm-atollic-eabi/lib/thumb/thumb2\libc.a(lib_a-fflush.o)
 .comment       0x00001110       0x5b c:/program files/atollic/truestudio stm32 pro 1.4.0/armtools/bin/../lib/gcc/arm-atollic-eabi/4.4.1/../../../../arm-atollic-eabi/lib/thumb/thumb2\libc.a(lib_a-freer.o)
 .comment       0x0000116b       0x5b c:/program files/atollic/truestudio stm32 pro 1.4.0/armtools/bin/../lib/gcc/arm-atollic-eabi/4.4.1/../../../../arm-atollic-eabi/lib/thumb/thumb2\libc.a(lib_a-lseekr.o)
 .comment       0x000011c6       0x5b c:/program files/atollic/truestudio stm32 pro 1.4.0/armtools/bin/../lib/gcc/arm-atollic-eabi/4.4.1/../../../../arm-atollic-eabi/lib/thumb/thumb2\libc.a(lib_a-readr.o)
 .comment       0x00001221       0x5b c:/program files/atollic/truestudio stm32 pro 1.4.0/armtools/bin/../lib/gcc/arm-atollic-eabi/4.4.1/thumb/thumb2/crtend.o

.debug_loc      0x00000000     0x6a1d
 .debug_loc     0x00000000      0x183 src\stm32f10x_it.o
 .debug_loc     0x00000183       0xa5 src\main.o
 .debug_loc     0x00000228      0x188 firmware\STM32F10x_StdPeriph_Driver\src\stm32f10x_wwdg.o
 .debug_loc     0x000003b0      0x63b firmware\STM32F10x_StdPeriph_Driver\src\stm32f10x_usart.o
 .debug_loc     0x000009eb     0x138d firmware\STM32F10x_StdPeriph_Driver\src\stm32f10x_tim.o
 .debug_loc     0x00001d78      0x4f1 firmware\STM32F10x_StdPeriph_Driver\src\stm32f10x_spi.o
 .debug_loc     0x00002269      0x62a firmware\STM32F10x_StdPeriph_Driver\src\stm32f10x_sdio.o
 .debug_loc     0x00002893      0x2d2 firmware\STM32F10x_StdPeriph_Driver\src\stm32f10x_rtc.o
 .debug_loc     0x00002b65      0x6bc firmware\STM32F10x_StdPeriph_Driver\src\stm32f10x_rcc.o
 .debug_loc     0x00003221      0x22d firmware\STM32F10x_StdPeriph_Driver\src\stm32f10x_pwr.o
 .debug_loc     0x0000344e      0x132 firmware\STM32F10x_StdPeriph_Driver\src\stm32f10x_iwdg.o
 .debug_loc     0x00003580      0x6e0 firmware\STM32F10x_StdPeriph_Driver\src\stm32f10x_i2c.o
 .debug_loc     0x00003c60      0x3d2 firmware\STM32F10x_StdPeriph_Driver\src\stm32f10x_gpio.o
 .debug_loc     0x00004032      0x409 firmware\STM32F10x_StdPeriph_Driver\src\stm32f10x_fsmc.o
 .debug_loc     0x0000443b      0x6ee firmware\STM32F10x_StdPeriph_Driver\src\stm32f10x_flash.o
 .debug_loc     0x00004b29      0x1ac firmware\STM32F10x_StdPeriph_Driver\src\stm32f10x_exti.o
 .debug_loc     0x00004cd5      0x226 firmware\STM32F10x_StdPeriph_Driver\src\stm32f10x_dma.o
 .debug_loc     0x00004efb       0x8d firmware\STM32F10x_StdPeriph_Driver\src\stm32f10x_dbgmcu.o
 .debug_loc     0x00004f88      0x288 firmware\STM32F10x_StdPeriph_Driver\src\stm32f10x_dac.o
 .debug_loc     0x00005210      0x126 firmware\STM32F10x_StdPeriph_Driver\src\stm32f10x_crc.o
 .debug_loc     0x00005336      0x2de firmware\STM32F10x_StdPeriph_Driver\src\stm32f10x_cec.o
 .debug_loc     0x00005614      0x44c firmware\STM32F10x_StdPeriph_Driver\src\stm32f10x_can.o
 .debug_loc     0x00005a60      0x258 firmware\STM32F10x_StdPeriph_Driver\src\stm32f10x_bkp.o
 .debug_loc     0x00005cb8      0x7b0 firmware\STM32F10x_StdPeriph_Driver\src\stm32f10x_adc.o
 .debug_loc     0x00006468      0x113 firmware\STM32F10x_StdPeriph_Driver\src\misc.o
 .debug_loc     0x0000657b       0xc4 firmware\CMSIS\CM3\DeviceSupport\ST\STM32F10x\system_stm32f10x.o
 .debug_loc     0x0000663f      0x3de firmware\CMSIS\CM3\CoreSupport\core_cm3.o

.debug_pubnames
                0x00000000     0x2cff
 .debug_pubnames
                0x00000000       0xc6 src\stm32f10x_it.o
 .debug_pubnames
                0x000000c6       0x52 src\main.o
 .debug_pubnames
                0x00000118       0xb0 firmware\STM32F10x_StdPeriph_Driver\src\stm32f10x_wwdg.o
 .debug_pubnames
                0x000001c8      0x294 firmware\STM32F10x_StdPeriph_Driver\src\stm32f10x_usart.o
 .debug_pubnames
                0x0000045c      0x7b0 firmware\STM32F10x_StdPeriph_Driver\src\stm32f10x_tim.o
 .debug_pubnames
                0x00000c0c      0x1f6 firmware\STM32F10x_StdPeriph_Driver\src\stm32f10x_spi.o
 .debug_pubnames
                0x00000e02      0x2ac firmware\STM32F10x_StdPeriph_Driver\src\stm32f10x_sdio.o
 .debug_pubnames
                0x000010ae      0x136 firmware\STM32F10x_StdPeriph_Driver\src\stm32f10x_rtc.o
 .debug_pubnames
                0x000011e4      0x2c4 firmware\STM32F10x_StdPeriph_Driver\src\stm32f10x_rcc.o
 .debug_pubnames
                0x000014a8       0xcb firmware\STM32F10x_StdPeriph_Driver\src\stm32f10x_pwr.o
 .debug_pubnames
                0x00001573       0x91 firmware\STM32F10x_StdPeriph_Driver\src\stm32f10x_iwdg.o
 .debug_pubnames
                0x00001604      0x2b0 firmware\STM32F10x_StdPeriph_Driver\src\stm32f10x_i2c.o
 .debug_pubnames
                0x000018b4      0x19d firmware\STM32F10x_StdPeriph_Driver\src\stm32f10x_gpio.o
 .debug_pubnames
                0x00001a51      0x1a3 firmware\STM32F10x_StdPeriph_Driver\src\stm32f10x_fsmc.o
 .debug_pubnames
                0x00001bf4      0x38b firmware\STM32F10x_StdPeriph_Driver\src\stm32f10x_flash.o
 .debug_pubnames
                0x00001f7f       0xbb firmware\STM32F10x_StdPeriph_Driver\src\stm32f10x_exti.o
 .debug_pubnames
                0x0000203a       0xcf firmware\STM32F10x_StdPeriph_Driver\src\stm32f10x_dma.o
 .debug_pubnames
                0x00002109       0x4c firmware\STM32F10x_StdPeriph_Driver\src\stm32f10x_dbgmcu.o
 .debug_pubnames
                0x00002155      0x116 firmware\STM32F10x_StdPeriph_Driver\src\stm32f10x_dac.o
 .debug_pubnames
                0x0000226b       0x82 firmware\STM32F10x_StdPeriph_Driver\src\stm32f10x_crc.o
 .debug_pubnames
                0x000022ed      0x12b firmware\STM32F10x_StdPeriph_Driver\src\stm32f10x_cec.o
 .debug_pubnames
                0x00002418      0x17b firmware\STM32F10x_StdPeriph_Driver\src\stm32f10x_can.o
 .debug_pubnames
                0x00002593      0x128 firmware\STM32F10x_StdPeriph_Driver\src\stm32f10x_bkp.o
 .debug_pubnames
                0x000026bb      0x401 firmware\STM32F10x_StdPeriph_Driver\src\stm32f10x_adc.o
 .debug_pubnames
                0x00002abc       0x89 firmware\STM32F10x_StdPeriph_Driver\src\misc.o
 .debug_pubnames
                0x00002b45       0x61 firmware\CMSIS\CM3\DeviceSupport\ST\STM32F10x\system_stm32f10x.o
 .debug_pubnames
                0x00002ba6      0x159 firmware\CMSIS\CM3\CoreSupport\core_cm3.o

.debug_str      0x00000000     0x4bf1
 .debug_str     0x00000000      0x14e src\stm32f10x_it.o
                                0x182 (size before relaxing)
 .debug_str     0x0000014e       0xd8 src\main.o
                                0x1be (size before relaxing)
 .debug_str     0x00000226       0xe7 firmware\STM32F10x_StdPeriph_Driver\src\stm32f10x_wwdg.o
                                0x1f1 (size before relaxing)
 .debug_str     0x0000030d      0x478 firmware\STM32F10x_StdPeriph_Driver\src\stm32f10x_usart.o
                                0x626 (size before relaxing)
 .debug_str     0x00000785      0xb8e firmware\STM32F10x_StdPeriph_Driver\src\stm32f10x_tim.o
                                0xd73 (size before relaxing)
 .debug_str     0x00001313      0x37b firmware\STM32F10x_StdPeriph_Driver\src\stm32f10x_spi.o
                                0x593 (size before relaxing)
 .debug_str     0x0000168e      0x466 firmware\STM32F10x_StdPeriph_Driver\src\stm32f10x_sdio.o
                                0x5c4 (size before relaxing)
 .debug_str     0x00001af4      0x186 firmware\STM32F10x_StdPeriph_Driver\src\stm32f10x_rtc.o
                                0x324 (size before relaxing)
 .debug_str     0x00001c7a      0x3cd firmware\STM32F10x_StdPeriph_Driver\src\stm32f10x_rcc.o
                                0x59b (size before relaxing)
 .debug_str     0x00002047      0x10e firmware\STM32F10x_StdPeriph_Driver\src\stm32f10x_pwr.o
                                0x245 (size before relaxing)
 .debug_str     0x00002155       0xcd firmware\STM32F10x_StdPeriph_Driver\src\stm32f10x_iwdg.o
                                0x1e5 (size before relaxing)
 .debug_str     0x00002222      0x393 firmware\STM32F10x_StdPeriph_Driver\src\stm32f10x_i2c.o
                                0x5d4 (size before relaxing)
 .debug_str     0x000025b5      0x364 firmware\STM32F10x_StdPeriph_Driver\src\stm32f10x_gpio.o
                                0x4a2 (size before relaxing)
 .debug_str     0x00002919      0x54e firmware\STM32F10x_StdPeriph_Driver\src\stm32f10x_fsmc.o
                                0x69b (size before relaxing)
 .debug_str     0x00002e67      0x49e firmware\STM32F10x_StdPeriph_Driver\src\stm32f10x_flash.o
                                0x60b (size before relaxing)
 .debug_str     0x00003305      0x1b2 firmware\STM32F10x_StdPeriph_Driver\src\stm32f10x_exti.o
                                0x2e7 (size before relaxing)
 .debug_str     0x000034b7      0x1df firmware\STM32F10x_StdPeriph_Driver\src\stm32f10x_dma.o
                                0x320 (size before relaxing)
 .debug_str     0x00003696       0x81 firmware\STM32F10x_StdPeriph_Driver\src\stm32f10x_dbgmcu.o
                                0x18e (size before relaxing)
 .debug_str     0x00003717      0x210 firmware\STM32F10x_StdPeriph_Driver\src\stm32f10x_dac.o
                                0x331 (size before relaxing)
 .debug_str     0x00003927       0xb6 firmware\STM32F10x_StdPeriph_Driver\src\stm32f10x_crc.o
                                0x1c5 (size before relaxing)
 .debug_str     0x000039dd      0x1a0 firmware\STM32F10x_StdPeriph_Driver\src\stm32f10x_cec.o
                                0x300 (size before relaxing)
 .debug_str     0x00003b7d      0x477 firmware\STM32F10x_StdPeriph_Driver\src\stm32f10x_can.o
                                0x607 (size before relaxing)
 .debug_str     0x00003ff4      0x318 firmware\STM32F10x_StdPeriph_Driver\src\stm32f10x_bkp.o
                                0x53f (size before relaxing)
 .debug_str     0x0000430c      0x50f firmware\STM32F10x_StdPeriph_Driver\src\stm32f10x_adc.o
                                0x691 (size before relaxing)
 .debug_str     0x0000481b      0x1e6 firmware\STM32F10x_StdPeriph_Driver\src\misc.o
                                0x339 (size before relaxing)
 .debug_str     0x00004a01       0x91 firmware\CMSIS\CM3\DeviceSupport\ST\STM32F10x\system_stm32f10x.o
                                0x225 (size before relaxing)
 .debug_str     0x00004a92      0x15f firmware\CMSIS\CM3\CoreSupport\core_cm3.o
                                0x25f (size before relaxing)

Cross Reference Table

Symbol                                            File
ADC1_2_IRQHandler                                 firmware\CMSIS\CM3\DeviceSupport\ST\STM32F10x\startup\TrueSTUDIO\startup_stm32f10x_xl.o
ADC3_IRQHandler                                   firmware\CMSIS\CM3\DeviceSupport\ST\STM32F10x\startup\TrueSTUDIO\startup_stm32f10x_xl.o
ADC_AnalogWatchdogCmd                             firmware\STM32F10x_StdPeriph_Driver\src\stm32f10x_adc.o
ADC_AnalogWatchdogSingleChannelConfig             firmware\STM32F10x_StdPeriph_Driver\src\stm32f10x_adc.o
ADC_AnalogWatchdogThresholdsConfig                firmware\STM32F10x_StdPeriph_Driver\src\stm32f10x_adc.o
ADC_AutoInjectedConvCmd                           firmware\STM32F10x_StdPeriph_Driver\src\stm32f10x_adc.o
ADC_ClearFlag                                     firmware\STM32F10x_StdPeriph_Driver\src\stm32f10x_adc.o
ADC_ClearITPendingBit                             firmware\STM32F10x_StdPeriph_Driver\src\stm32f10x_adc.o
ADC_Cmd                                           firmware\STM32F10x_StdPeriph_Driver\src\stm32f10x_adc.o
ADC_DMACmd                                        firmware\STM32F10x_StdPeriph_Driver\src\stm32f10x_adc.o
ADC_DeInit                                        firmware\STM32F10x_StdPeriph_Driver\src\stm32f10x_adc.o
ADC_DiscModeChannelCountConfig                    firmware\STM32F10x_StdPeriph_Driver\src\stm32f10x_adc.o
ADC_DiscModeCmd                                   firmware\STM32F10x_StdPeriph_Driver\src\stm32f10x_adc.o
ADC_ExternalTrigConvCmd                           firmware\STM32F10x_StdPeriph_Driver\src\stm32f10x_adc.o
ADC_ExternalTrigInjectedConvCmd                   firmware\STM32F10x_StdPeriph_Driver\src\stm32f10x_adc.o
ADC_ExternalTrigInjectedConvConfig                firmware\STM32F10x_StdPeriph_Driver\src\stm32f10x_adc.o
ADC_GetCalibrationStatus                          firmware\STM32F10x_StdPeriph_Driver\src\stm32f10x_adc.o
ADC_GetConversionValue                            firmware\STM32F10x_StdPeriph_Driver\src\stm32f10x_adc.o
ADC_GetDualModeConversionValue                    firmware\STM32F10x_StdPeriph_Driver\src\stm32f10x_adc.o
ADC_GetFlagStatus                                 firmware\STM32F10x_StdPeriph_Driver\src\stm32f10x_adc.o
ADC_GetITStatus                                   firmware\STM32F10x_StdPeriph_Driver\src\stm32f10x_adc.o
ADC_GetInjectedConversionValue                    firmware\STM32F10x_StdPeriph_Driver\src\stm32f10x_adc.o
ADC_GetResetCalibrationStatus                     firmware\STM32F10x_StdPeriph_Driver\src\stm32f10x_adc.o
ADC_GetSoftwareStartConvStatus                    firmware\STM32F10x_StdPeriph_Driver\src\stm32f10x_adc.o
ADC_GetSoftwareStartInjectedConvCmdStatus         firmware\STM32F10x_StdPeriph_Driver\src\stm32f10x_adc.o
ADC_ITConfig                                      firmware\STM32F10x_StdPeriph_Driver\src\stm32f10x_adc.o
ADC_Init                                          firmware\STM32F10x_StdPeriph_Driver\src\stm32f10x_adc.o
ADC_InjectedChannelConfig                         firmware\STM32F10x_StdPeriph_Driver\src\stm32f10x_adc.o
ADC_InjectedDiscModeCmd                           firmware\STM32F10x_StdPeriph_Driver\src\stm32f10x_adc.o
ADC_InjectedSequencerLengthConfig                 firmware\STM32F10x_StdPeriph_Driver\src\stm32f10x_adc.o
ADC_RegularChannelConfig                          firmware\STM32F10x_StdPeriph_Driver\src\stm32f10x_adc.o
ADC_ResetCalibration                              firmware\STM32F10x_StdPeriph_Driver\src\stm32f10x_adc.o
ADC_SetInjectedOffset                             firmware\STM32F10x_StdPeriph_Driver\src\stm32f10x_adc.o
ADC_SoftwareStartConvCmd                          firmware\STM32F10x_StdPeriph_Driver\src\stm32f10x_adc.o
ADC_SoftwareStartInjectedConvCmd                  firmware\STM32F10x_StdPeriph_Driver\src\stm32f10x_adc.o
ADC_StartCalibration                              firmware\STM32F10x_StdPeriph_Driver\src\stm32f10x_adc.o
ADC_StructInit                                    firmware\STM32F10x_StdPeriph_Driver\src\stm32f10x_adc.o
ADC_TempSensorVrefintCmd                          firmware\STM32F10x_StdPeriph_Driver\src\stm32f10x_adc.o
AHBPrescTable                                     firmware\CMSIS\CM3\DeviceSupport\ST\STM32F10x\system_stm32f10x.o
BKP_ClearFlag                                     firmware\STM32F10x_StdPeriph_Driver\src\stm32f10x_bkp.o
BKP_ClearITPendingBit                             firmware\STM32F10x_StdPeriph_Driver\src\stm32f10x_bkp.o
BKP_DeInit                                        firmware\STM32F10x_StdPeriph_Driver\src\stm32f10x_bkp.o
BKP_GetFlagStatus                                 firmware\STM32F10x_StdPeriph_Driver\src\stm32f10x_bkp.o
BKP_GetITStatus                                   firmware\STM32F10x_StdPeriph_Driver\src\stm32f10x_bkp.o
BKP_ITConfig                                      firmware\STM32F10x_StdPeriph_Driver\src\stm32f10x_bkp.o
BKP_RTCOutputConfig                               firmware\STM32F10x_StdPeriph_Driver\src\stm32f10x_bkp.o
BKP_ReadBackupRegister                            firmware\STM32F10x_StdPeriph_Driver\src\stm32f10x_bkp.o
BKP_SetRTCCalibrationValue                        firmware\STM32F10x_StdPeriph_Driver\src\stm32f10x_bkp.o
BKP_TamperPinCmd                                  firmware\STM32F10x_StdPeriph_Driver\src\stm32f10x_bkp.o
BKP_TamperPinLevelConfig                          firmware\STM32F10x_StdPeriph_Driver\src\stm32f10x_bkp.o
BKP_WriteBackupRegister                           firmware\STM32F10x_StdPeriph_Driver\src\stm32f10x_bkp.o
BusFault_Handler                                  src\stm32f10x_it.o
CAN1_RX1_IRQHandler                               firmware\CMSIS\CM3\DeviceSupport\ST\STM32F10x\startup\TrueSTUDIO\startup_stm32f10x_xl.o
CAN1_SCE_IRQHandler                               firmware\CMSIS\CM3\DeviceSupport\ST\STM32F10x\startup\TrueSTUDIO\startup_stm32f10x_xl.o
CAN_CancelTransmit                                firmware\STM32F10x_StdPeriph_Driver\src\stm32f10x_can.o
CAN_ClearFlag                                     firmware\STM32F10x_StdPeriph_Driver\src\stm32f10x_can.o
CAN_ClearITPendingBit                             firmware\STM32F10x_StdPeriph_Driver\src\stm32f10x_can.o
CAN_DBGFreeze                                     firmware\STM32F10x_StdPeriph_Driver\src\stm32f10x_can.o
CAN_DeInit                                        firmware\STM32F10x_StdPeriph_Driver\src\stm32f10x_can.o
CAN_FIFORelease                                   firmware\STM32F10x_StdPeriph_Driver\src\stm32f10x_can.o
CAN_FilterInit                                    firmware\STM32F10x_StdPeriph_Driver\src\stm32f10x_can.o
CAN_GetFlagStatus                                 firmware\STM32F10x_StdPeriph_Driver\src\stm32f10x_can.o