Archive member included because of file (symbol)

c:/program files/atollic/truestudio stm32 lite 1.4.0/armtools/bin/../lib/gcc/arm-atollic-eabi/4.4.1/../../../../arm-atollic-eabi/lib/thumb/thumb2\libc.a(lib_a-atexit.o)
                              c:/program files/atollic/truestudio stm32 lite 1.4.0/armtools/bin/../lib/gcc/arm-atollic-eabi/4.4.1/../../../../arm-atollic-eabi/lib/thumb/thumb2/crt0.o (atexit)
c:/program files/atollic/truestudio stm32 lite 1.4.0/armtools/bin/../lib/gcc/arm-atollic-eabi/4.4.1/../../../../arm-atollic-eabi/lib/thumb/thumb2\libc.a(lib_a-exit.o)
                              c:/program files/atollic/truestudio stm32 lite 1.4.0/armtools/bin/../lib/gcc/arm-atollic-eabi/4.4.1/../../../../arm-atollic-eabi/lib/thumb/thumb2/crt0.o (exit)
c:/program files/atollic/truestudio stm32 lite 1.4.0/armtools/bin/../lib/gcc/arm-atollic-eabi/4.4.1/../../../../arm-atollic-eabi/lib/thumb/thumb2\libc.a(lib_a-impure.o)
                              c:/program files/atollic/truestudio stm32 lite 1.4.0/armtools/bin/../lib/gcc/arm-atollic-eabi/4.4.1/../../../../arm-atollic-eabi/lib/thumb/thumb2\libc.a(lib_a-exit.o) (_global_impure_ptr)
c:/program files/atollic/truestudio stm32 lite 1.4.0/armtools/bin/../lib/gcc/arm-atollic-eabi/4.4.1/../../../../arm-atollic-eabi/lib/thumb/thumb2\libc.a(lib_a-init.o)
                              c:/program files/atollic/truestudio stm32 lite 1.4.0/armtools/bin/../lib/gcc/arm-atollic-eabi/4.4.1/../../../../arm-atollic-eabi/lib/thumb/thumb2/crt0.o (__libc_fini_array)
c:/program files/atollic/truestudio stm32 lite 1.4.0/armtools/bin/../lib/gcc/arm-atollic-eabi/4.4.1/../../../../arm-atollic-eabi/lib/thumb/thumb2\libc.a(lib_a-memset.o)
                              c:/program files/atollic/truestudio stm32 lite 1.4.0/armtools/bin/../lib/gcc/arm-atollic-eabi/4.4.1/../../../../arm-atollic-eabi/lib/thumb/thumb2/crt0.o (memset)
c:/program files/atollic/truestudio stm32 lite 1.4.0/armtools/bin/../lib/gcc/arm-atollic-eabi/4.4.1/../../../../arm-atollic-eabi/lib/thumb/thumb2\libc.a(lib_a-syscalls.o)
                              c:/program files/atollic/truestudio stm32 lite 1.4.0/armtools/bin/../lib/gcc/arm-atollic-eabi/4.4.1/../../../../arm-atollic-eabi/lib/thumb/thumb2/crt0.o (initialise_monitor_handles)
c:/program files/atollic/truestudio stm32 lite 1.4.0/armtools/bin/../lib/gcc/arm-atollic-eabi/4.4.1/../../../../arm-atollic-eabi/lib/thumb/thumb2\libc.a(lib_a-__atexit.o)
                              c:/program files/atollic/truestudio stm32 lite 1.4.0/armtools/bin/../lib/gcc/arm-atollic-eabi/4.4.1/../../../../arm-atollic-eabi/lib/thumb/thumb2\libc.a(lib_a-atexit.o) (__register_exitproc)
c:/program files/atollic/truestudio stm32 lite 1.4.0/armtools/bin/../lib/gcc/arm-atollic-eabi/4.4.1/../../../../arm-atollic-eabi/lib/thumb/thumb2\libc.a(lib_a-__call_atexit.o)
                              c:/program files/atollic/truestudio stm32 lite 1.4.0/armtools/bin/../lib/gcc/arm-atollic-eabi/4.4.1/../../../../arm-atollic-eabi/lib/thumb/thumb2\libc.a(lib_a-exit.o) (__call_exitprocs)
c:/program files/atollic/truestudio stm32 lite 1.4.0/armtools/bin/../lib/gcc/arm-atollic-eabi/4.4.1/../../../../arm-atollic-eabi/lib/thumb/thumb2\libc.a(lib_a-findfp.o)
                              c:/program files/atollic/truestudio stm32 lite 1.4.0/armtools/bin/../lib/gcc/arm-atollic-eabi/4.4.1/../../../../arm-atollic-eabi/lib/thumb/thumb2\libc.a(lib_a-impure.o) (__sf_fake_stdin)
c:/program files/atollic/truestudio stm32 lite 1.4.0/armtools/bin/../lib/gcc/arm-atollic-eabi/4.4.1/../../../../arm-atollic-eabi/lib/thumb/thumb2\libc.a(lib_a-fwalk.o)
                              c:/program files/atollic/truestudio stm32 lite 1.4.0/armtools/bin/../lib/gcc/arm-atollic-eabi/4.4.1/../../../../arm-atollic-eabi/lib/thumb/thumb2\libc.a(lib_a-findfp.o) (_fwalk)
c:/program files/atollic/truestudio stm32 lite 1.4.0/armtools/bin/../lib/gcc/arm-atollic-eabi/4.4.1/../../../../arm-atollic-eabi/lib/thumb/thumb2\libc.a(lib_a-malloc.o)
                              c:/program files/atollic/truestudio stm32 lite 1.4.0/armtools/bin/../lib/gcc/arm-atollic-eabi/4.4.1/../../../../arm-atollic-eabi/lib/thumb/thumb2\libc.a(lib_a-__call_atexit.o) (free)
c:/program files/atollic/truestudio stm32 lite 1.4.0/armtools/bin/../lib/gcc/arm-atollic-eabi/4.4.1/../../../../arm-atollic-eabi/lib/thumb/thumb2\libc.a(lib_a-mallocr.o)
                              c:/program files/atollic/truestudio stm32 lite 1.4.0/armtools/bin/../lib/gcc/arm-atollic-eabi/4.4.1/../../../../arm-atollic-eabi/lib/thumb/thumb2\libc.a(lib_a-findfp.o) (_malloc_r)
c:/program files/atollic/truestudio stm32 lite 1.4.0/armtools/bin/../lib/gcc/arm-atollic-eabi/4.4.1/../../../../arm-atollic-eabi/lib/thumb/thumb2\libc.a(lib_a-mlock.o)
                              c:/program files/atollic/truestudio stm32 lite 1.4.0/armtools/bin/../lib/gcc/arm-atollic-eabi/4.4.1/../../../../arm-atollic-eabi/lib/thumb/thumb2\libc.a(lib_a-mallocr.o) (__malloc_lock)
[...]
Memory Configuration

Name             Origin             Length             Attributes
FLASH            0x08000000         0x00100000         xr
RAM              0x20000000         0x00018000         xrw
MEMORY_B1        0x60000000         0x00000000         xr
*default*        0x00000000         0xffffffff

Linker script and memory map

LOAD c:/program files/atollic/truestudio stm32 lite 1.4.0/armtools/bin/../lib/gcc/arm-atollic-eabi/4.4.1/thumb/thumb2/crti.o
LOAD c:/program files/atollic/truestudio stm32 lite 1.4.0/armtools/bin/../lib/gcc/arm-atollic-eabi/4.4.1/thumb/thumb2/crtbegin.o
LOAD c:/program files/atollic/truestudio stm32 lite 1.4.0/armtools/bin/../lib/gcc/arm-atollic-eabi/4.4.1/../../../../arm-atollic-eabi/lib/thumb/thumb2/crt0.o
LOAD src\stm32f10x_it.o
LOAD src\main.o
LOAD firmware\STM32F10x_StdPeriph_Driver\src\stm32f10x_wwdg.o
LOAD firmware\STM32F10x_StdPeriph_Driver\src\stm32f10x_usart.o
LOAD firmware\STM32F10x_StdPeriph_Driver\src\stm32f10x_tim.o
LOAD firmware\STM32F10x_StdPeriph_Driver\src\stm32f10x_spi.o
LOAD firmware\STM32F10x_StdPeriph_Driver\src\stm32f10x_sdio.o
LOAD firmware\STM32F10x_StdPeriph_Driver\src\stm32f10x_rtc.o
LOAD firmware\STM32F10x_StdPeriph_Driver\src\stm32f10x_rcc.o
LOAD firmware\STM32F10x_StdPeriph_Driver\src\stm32f10x_pwr.o
LOAD firmware\STM32F10x_StdPeriph_Driver\src\stm32f10x_iwdg.o
LOAD firmware\STM32F10x_StdPeriph_Driver\src\stm32f10x_i2c.o
LOAD firmware\STM32F10x_StdPeriph_Driver\src\stm32f10x_gpio.o
LOAD firmware\STM32F10x_StdPeriph_Driver\src\stm32f10x_fsmc.o
LOAD firmware\STM32F10x_StdPeriph_Driver\src\stm32f10x_flash.o
LOAD firmware\STM32F10x_StdPeriph_Driver\src\stm32f10x_exti.o
LOAD firmware\STM32F10x_StdPeriph_Driver\src\stm32f10x_dma.o
LOAD firmware\STM32F10x_StdPeriph_Driver\src\stm32f10x_dbgmcu.o
LOAD firmware\STM32F10x_StdPeriph_Driver\src\stm32f10x_dac.o
LOAD firmware\STM32F10x_StdPeriph_Driver\src\stm32f10x_crc.o
LOAD firmware\STM32F10x_StdPeriph_Driver\src\stm32f10x_cec.o
LOAD firmware\STM32F10x_StdPeriph_Driver\src\stm32f10x_can.o
LOAD firmware\STM32F10x_StdPeriph_Driver\src\stm32f10x_bkp.o
LOAD firmware\STM32F10x_StdPeriph_Driver\src\stm32f10x_adc.o
LOAD firmware\STM32F10x_StdPeriph_Driver\src\misc.o
LOAD firmware\CMSIS\CM3\DeviceSupport\ST\STM32F10x\system_stm32f10x.o
LOAD firmware\CMSIS\CM3\DeviceSupport\ST\STM32F10x\startup\TrueSTUDIO\startup_stm32f10x_xl.o
LOAD firmware\CMSIS\CM3\CoreSupport\core_cm3.o
START GROUP
LOAD c:/program files/atollic/truestudio stm32 lite 1.4.0/armtools/bin/../lib/gcc/arm-atollic-eabi/4.4.1/thumb/thumb2\libgcc.a
LOAD c:/program files/atollic/truestudio stm32 lite 1.4.0/armtools/bin/../lib/gcc/arm-atollic-eabi/4.4.1/../../../../arm-atollic-eabi/lib/thumb/thumb2\libc.a
END GROUP
LOAD c:/program files/atollic/truestudio stm32 lite 1.4.0/armtools/bin/../lib/gcc/arm-atollic-eabi/4.4.1/thumb/thumb2/crtend.o
LOAD c:/program files/atollic/truestudio stm32 lite 1.4.0/armtools/bin/../lib/gcc/arm-atollic-eabi/4.4.1/thumb/thumb2/crtn.o
                0x20018000                _estack = 0x20018000
                0x00000000                _Min_Heap_Size = 0x0
                0x00000400                _Min_Stack_Size = 0x400

.isr_vector     0x08000000      0x1e4
                0x08000000                . = ALIGN (0x4)
 *(.isr_vector)
 .isr_vector    0x08000000      0x1e4 firmware\CMSIS\CM3\DeviceSupport\ST\STM32F10x\startup\TrueSTUDIO\startup_stm32f10x_xl.o
                0x08000000                g_pfnVectors
                0x080001e4                . = ALIGN (0x4)

.text           0x080001e4      0x3d4
                0x080001e4                . = ALIGN (0x4)
 *(.text)
 .text          0x080001e4       0x54 c:/program files/atollic/truestudio stm32 lite 1.4.0/armtools/bin/../lib/gcc/arm-atollic-eabi/4.4.1/thumb/thumb2/crtbegin.o
 *(.text*)
 .text.NMI_Handler
                0x08000238        0xc src\stm32f10x_it.o
                0x08000238                NMI_Handler
 .text.HardFault_Handler
                0x08000244        0x8 src\stm32f10x_it.o
                0x08000244                HardFault_Handler
 .text.MemManage_Handler
                0x0800024c        0x8 src\stm32f10x_it.o
                0x0800024c                MemManage_Handler
 .text.BusFault_Handler
                0x08000254        0x8 src\stm32f10x_it.o
                0x08000254                BusFault_Handler
 .text.UsageFault_Handler
                0x0800025c        0x8 src\stm32f10x_it.o
                0x0800025c                UsageFault_Handler
 .text.SVC_Handler
                0x08000264        0xc src\stm32f10x_it.o
                0x08000264                SVC_Handler
 .text.DebugMon_Handler
                0x08000270        0xc src\stm32f10x_it.o
                0x08000270                DebugMon_Handler
 .text.PendSV_Handler
                0x0800027c        0xc src\stm32f10x_it.o
                0x0800027c                PendSV_Handler
 .text.SysTick_Handler
                0x08000288        0xc src\stm32f10x_it.o
                0x08000288                SysTick_Handler
 .text.main     0x08000294       0x20 src\main.o
                0x08000294                main
 .text.SystemInit
                0x080002b4       0xa0 firmware\CMSIS\CM3\DeviceSupport\ST\STM32F10x\system_stm32f10x.o
                0x080002b4                SystemInit
 .text.SetSysClock
                0x08000354        0xc firmware\CMSIS\CM3\DeviceSupport\ST\STM32F10x\system_stm32f10x.o
 .text.SetSysClockTo72
                0x08000360      0x1a8 firmware\CMSIS\CM3\DeviceSupport\ST\STM32F10x\system_stm32f10x.o
 .text.Reset_Handler
                0x08000508       0x48 firmware\CMSIS\CM3\DeviceSupport\ST\STM32F10x\startup\TrueSTUDIO\startup_stm32f10x_xl.o
                0x08000508                Reset_Handler
 .text.Default_Handler
                0x08000550        0x2 firmware\CMSIS\CM3\DeviceSupport\ST\STM32F10x\startup\TrueSTUDIO\startup_stm32f10x_xl.o
                0x08000550                EXTI2_IRQHandler
                0x08000550                TIM8_CC_IRQHandler
                0x08000550                TIM1_CC_IRQHandler
                0x08000550                TIM6_IRQHandler
                0x08000550                PVD_IRQHandler
                0x08000550                SDIO_IRQHandler
                0x08000550                EXTI3_IRQHandler
                0x08000550                TIM8_TRG_COM_TIM14_IRQHandler
                0x08000550                TIM1_UP_TIM10_IRQHandler
                0x08000550                TIM8_UP_TIM13_IRQHandler
                0x08000550                EXTI0_IRQHandler
                0x08000550                I2C2_EV_IRQHandler
                0x08000550                ADC1_2_IRQHandler
                0x08000550                SPI1_IRQHandler
                0x08000550                TAMPER_IRQHandler
                0x08000550                TIM1_BRK_TIM9_IRQHandler
                0x08000550                DMA2_Channel2_IRQHandler
                0x08000550                DMA1_Channel4_IRQHandler
                0x08000550                USART3_IRQHandler
                0x08000550                RTC_IRQHandler
                0x08000550                DMA1_Channel7_IRQHandler
                0x08000550                CAN1_RX1_IRQHandler
                0x08000550                UART5_IRQHandler
                0x08000550                ADC3_IRQHandler
                0x08000550                TIM4_IRQHandler
                0x08000550                DMA2_Channel1_IRQHandler
                0x08000550                I2C1_EV_IRQHandler
                0x08000550                DMA1_Channel6_IRQHandler
                0x08000550                UART4_IRQHandler
                0x08000550                TIM3_IRQHandler
                0x08000550                RCC_IRQHandler
                0x08000550                TIM8_BRK_TIM12_IRQHandler
                0x08000550                DMA1_Channel1_IRQHandler
                0x08000550                Default_Handler
                0x08000550                EXTI15_10_IRQHandler
                0x08000550                TIM7_IRQHandler
                0x08000550                TIM5_IRQHandler
                0x08000550                EXTI9_5_IRQHandler
                0x08000550                SPI2_IRQHandler
                0x08000550                DMA1_Channel5_IRQHandler
                0x08000550                EXTI4_IRQHandler
                0x08000550                USB_LP_CAN1_RX0_IRQHandler
                0x08000550                USB_HP_CAN1_TX_IRQHandler
                0x08000550                DMA1_Channel3_IRQHandler
                0x08000550                FSMC_IRQHandler
                0x08000550                WWDG_IRQHandler
                0x08000550                TIM2_IRQHandler
                0x08000550                TIM1_TRG_COM_TIM11_IRQHandler
                0x08000550                EXTI1_IRQHandler
                0x08000550                RTCAlarm_IRQHandler
                0x08000550                DMA2_Channel4_5_IRQHandler
                0x08000550                USART2_IRQHandler
                0x08000550                I2C2_ER_IRQHandler
                0x08000550                DMA1_Channel2_IRQHandler
                0x08000550                CAN1_SCE_IRQHandler
                0x08000550                FLASH_IRQHandler
                0x08000550                USART1_IRQHandler
                0x08000550                SPI3_IRQHandler
                0x08000550                I2C1_ER_IRQHandler
                0x08000550                USBWakeUp_IRQHandler
                0x08000550                DMA2_Channel3_IRQHandler
 *fill*         0x08000552        0x2 00
 .text.__libc_init_array
                0x08000554       0x4c c:/program files/atollic/truestudio stm32 lite 1.4.0/armtools/bin/../lib/gcc/arm-atollic-eabi/4.4.1/../../../../arm-atollic-eabi/lib/thumb/thumb2\libc.a(lib_a-init.o)
                0x08000554                __libc_init_array
 *(.rodata)
 *(.rodata*)
 *(.glue_7)
 .glue_7        0x080005a0        0x0 c:/program files/atollic/truestudio stm32 lite 1.4.0/armtools/bin/../lib/gcc/arm-atollic-eabi/4.4.1/thumb/thumb2/crti.o
 .glue_7        0x080005a0        0x0 c:/program files/atollic/truestudio stm32 lite 1.4.0/armtools/bin/../lib/gcc/arm-atollic-eabi/4.4.1/thumb/thumb2/crtbegin.o
 .glue_7        0x080005a0        0x0 c:/program files/atollic/truestudio stm32 lite 1.4.0/armtools/bin/../lib/gcc/arm-atollic-eabi/4.4.1/../../../../arm-atollic-eabi/lib/thumb/thumb2/crt0.o
 .glue_7        0x080005a0        0x0 src\stm32f10x_it.o
 .glue_7        0x080005a0        0x0 src\main.o
 .glue_7        0x080005a0        0x0 firmware\STM32F10x_StdPeriph_Driver\src\stm32f10x_wwdg.o
 .glue_7        0x080005a0        0x0 firmware\STM32F10x_StdPeriph_Driver\src\stm32f10x_usart.o
 .glue_7        0x080005a0        0x0 firmware\STM32F10x_StdPeriph_Driver\src\stm32f10x_tim.o
 .glue_7        0x080005a0        0x0 firmware\STM32F10x_StdPeriph_Driver\src\stm32f10x_spi.o
 .glue_7        0x080005a0        0x0 firmware\STM32F10x_StdPeriph_Driver\src\stm32f10x_sdio.o
 .glue_7        0x080005a0        0x0 firmware\STM32F10x_StdPeriph_Driver\src\stm32f10x_rtc.o
 .glue_7        0x080005a0        0x0 firmware\STM32F10x_StdPeriph_Driver\src\stm32f10x_rcc.o
 .glue_7        0x080005a0        0x0 firmware\STM32F10x_StdPeriph_Driver\src\stm32f10x_pwr.o
 .glue_7        0x080005a0        0x0 firmware\STM32F10x_StdPeriph_Driver\src\stm32f10x_iwdg.o
 .glue_7        0x080005a0        0x0 firmware\STM32F10x_StdPeriph_Driver\src\stm32f10x_i2c.o
 .glue_7        0x080005a0        0x0 firmware\STM32F10x_StdPeriph_Driver\src\stm32f10x_gpio.o
 .glue_7        0x080005a0        0x0 firmware\STM32F10x_StdPeriph_Driver\src\stm32f10x_fsmc.o
 .glue_7        0x080005a0        0x0 firmware\STM32F10x_StdPeriph_Driver\src\stm32f10x_flash.o
 .glue_7        0x080005a0        0x0 firmware\STM32F10x_StdPeriph_Driver\src\stm32f10x_exti.o
 .glue_7        0x080005a0        0x0 firmware\STM32F10x_StdPeriph_Driver\src\stm32f10x_dma.o
 .glue_7        0x080005a0        0x0 firmware\STM32F10x_StdPeriph_Driver\src\stm32f10x_dbgmcu.o
 .glue_7        0x080005a0        0x0 firmware\STM32F10x_StdPeriph_Driver\src\stm32f10x_dac.o
 .glue_7        0x080005a0        0x0 firmware\STM32F10x_StdPeriph_Driver\src\stm32f10x_crc.o
 .glue_7        0x080005a0        0x0 firmware\STM32F10x_StdPeriph_Driver\src\stm32f10x_cec.o
 .glue_7        0x080005a0        0x0 firmware\STM32F10x_StdPeriph_Driver\src\stm32f10x_can.o
 .glue_7        0x080005a0        0x0 firmware\STM32F10x_StdPeriph_Driver\src\stm32f10x_bkp.o
 .glue_7        0x080005a0        0x0 firmware\STM32F10x_StdPeriph_Driver\src\stm32f10x_adc.o
 .glue_7        0x080005a0        0x0 firmware\STM32F10x_StdPeriph_Driver\src\misc.o
 .glue_7        0x080005a0        0x0 firmware\CMSIS\CM3\DeviceSupport\ST\STM32F10x\system_stm32f10x.o
 .glue_7        0x080005a0        0x0 firmware\CMSIS\CM3\DeviceSupport\ST\STM32F10x\startup\TrueSTUDIO\startup_stm32f10x_xl.o
 .glue_7        0x080005a0        0x0 firmware\CMSIS\CM3\CoreSupport\core_cm3.o
 .glue_7        0x080005a0        0x0 c:/program files/atollic/truestudio stm32 lite 1.4.0/armtools/bin/../lib/gcc/arm-atollic-eabi/4.4.1/../../../../arm-atollic-eabi/lib/thumb/thumb2\libc.a(lib_a-atexit.o)
 .glue_7        0x080005a0        0x0 c:/program files/atollic/truestudio stm32 lite 1.4.0/armtools/bin/../lib/gcc/arm-atollic-eabi/4.4.1/../../../../arm-atollic-eabi/lib/thumb/thumb2\libc.a(lib_a-exit.o)
 .glue_7        0x080005a0        0x0 c:/program files/atollic/truestudio stm32 lite 1.4.0/armtools/bin/../lib/gcc/arm-atollic-eabi/4.4.1/../../../../arm-atollic-eabi/lib/thumb/thumb2\libc.a(lib_a-impure.o)
 .glue_7        0x080005a0        0x0 c:/program files/atollic/truestudio stm32 lite 1.4.0/armtools/bin/../lib/gcc/arm-atollic-eabi/4.4.1/../../../../arm-atollic-eabi/lib/thumb/thumb2\libc.a(lib_a-init.o)
 .glue_7        0x080005a0        0x0 c:/program files/atollic/truestudio stm32 lite 1.4.0/armtools/bin/../lib/gcc/arm-atollic-eabi/4.4.1/../../../../arm-atollic-eabi/lib/thumb/thumb2\libc.a(lib_a-memset.o)
 .glue_7        0x080005a0        0x0 c:/program files/atollic/truestudio stm32 lite 1.4.0/armtools/bin/../lib/gcc/arm-atollic-eabi/4.4.1/../../../../arm-atollic-eabi/lib/thumb/thumb2\libc.a(lib_a-syscalls.o)
 .glue_7        0x080005a0        0x0 c:/program files/atollic/truestudio stm32 lite 1.4.0/armtools/bin/../lib/gcc/arm-atollic-eabi/4.4.1/../../../../arm-atollic-eabi/lib/thumb/thumb2\libc.a(lib_a-__atexit.o)
 .glue_7        0x080005a0        0x0 c:/program files/atollic/truestudio stm32 lite 1.4.0/armtools/bin/../lib/gcc/arm-atollic-eabi/4.4.1/../../../../arm-atollic-eabi/lib/thumb/thumb2\libc.a(lib_a-__call_atexit.o)
 .glue_7        0x080005a0        0x0 c:/program files/atollic/truestudio stm32 lite 1.4.0/armtools/bin/../lib/gcc/arm-atollic-eabi/4.4.1/../../../../arm-atollic-eabi/lib/thumb/thumb2\libc.a(lib_a-findfp.o)
 .glue_7        0x080005a0        0x0 c:/program files/atollic/truestudio stm32 lite 1.4.0/armtools/bin/../lib/gcc/arm-atollic-eabi/4.4.1/../../../../arm-atollic-eabi/lib/thumb/thumb2\libc.a(lib_a-fwalk.o)
 .glue_7        0x080005a0        0x0 c:/program files/atollic/truestudio stm32 lite 1.4.0/armtools/bin/../lib/gcc/arm-atollic-eabi/4.4.1/../../../../arm-atollic-eabi/lib/thumb/thumb2\libc.a(lib_a-malloc.o)
 .glue_7        0x080005a0        0x0 c:/program files/atollic/truestudio stm32 lite 1.4.0/armtools/bin/../lib/gcc/arm-atollic-eabi/4.4.1/../../../../arm-atollic-eabi/lib/thumb/thumb2\libc.a(lib_a-mallocr.o)
 .glue_7        0x080005a0        0x0 c:/program files/atollic/truestudio stm32 lite 1.4.0/armtools/bin/../lib/gcc/arm-atollic-eabi/4.4.1/../../../../arm-atollic-eabi/lib/thumb/thumb2\libc.a(lib_a-mlock.o)
 .glue_7        0x080005a0        0x0 c:/program files/atollic/truestudio stm32 lite 1.4.0/armtools/bin/../lib/gcc/arm-atollic-eabi/4.4.1/../../../../arm-atollic-eabi/lib/thumb/thumb2\libc.a(lib_a-reent.o)
 .glue_7        0x080005a0        0x0 c:/program files/atollic/truestudio stm32 lite 1.4.0/armtools/bin/../lib/gcc/arm-atollic-eabi/4.4.1/../../../../arm-atollic-eabi/lib/thumb/thumb2\libc.a(lib_a-sbrkr.o)
 .glue_7        0x080005a0        0x0 c:/program files/atollic/truestudio stm32 lite 1.4.0/armtools/bin/../lib/gcc/arm-atollic-eabi/4.4.1/../../../../arm-atollic-eabi/lib/thumb/thumb2\libc.a(lib_a-stdio.o)
 .glue_7        0x080005a0        0x0 c:/program files/atollic/truestudio stm32 lite 1.4.0/armtools/bin/../lib/gcc/arm-atollic-eabi/4.4.1/../../../../arm-atollic-eabi/lib/thumb/thumb2\libc.a(lib_a-writer.o)
 .glue_7        0x080005a0        0x0 c:/program files/atollic/truestudio stm32 lite 1.4.0/armtools/bin/../lib/gcc/arm-atollic-eabi/4.4.1/../../../../arm-atollic-eabi/lib/thumb/thumb2\libc.a(lib_a-closer.o)
 .glue_7        0x080005a0        0x0 c:/program files/atollic/truestudio stm32 lite 1.4.0/armtools/bin/../lib/gcc/arm-atollic-eabi/4.4.1/../../../../arm-atollic-eabi/lib/thumb/thumb2\libc.a(lib_a-fclose.o)
 .glue_7        0x080005a0        0x0 c:/program files/atollic/truestudio stm32 lite 1.4.0/armtools/bin/../lib/gcc/arm-atollic-eabi/4.4.1/../../../../arm-atollic-eabi/lib/thumb/thumb2\libc.a(lib_a-fflush.o)
 .glue_7        0x080005a0        0x0 c:/program files/atollic/truestudio stm32 lite 1.4.0/armtools/bin/../lib/gcc/arm-atollic-eabi/4.4.1/../../../../arm-atollic-eabi/lib/thumb/thumb2\libc.a(lib_a-freer.o)
 .glue_7        0x080005a0        0x0 c:/program files/atollic/truestudio stm32 lite 1.4.0/armtools/bin/../lib/gcc/arm-atollic-eabi/4.4.1/../../../../arm-atollic-eabi/lib/thumb/thumb2\libc.a(lib_a-lseekr.o)
 .glue_7        0x080005a0        0x0 c:/program files/atollic/truestudio stm32 lite 1.4.0/armtools/bin/../lib/gcc/arm-atollic-eabi/4.4.1/../../../../arm-atollic-eabi/lib/thumb/thumb2\libc.a(lib_a-readr.o)
 .glue_7        0x080005a0        0x0 c:/program files/atollic/truestudio stm32 lite 1.4.0/armtools/bin/../lib/gcc/arm-atollic-eabi/4.4.1/thumb/thumb2/crtend.o
 .glue_7        0x080005a0        0x0 c:/program files/atollic/truestudio stm32 lite 1.4.0/armtools/bin/../lib/gcc/arm-atollic-eabi/4.4.1/thumb/thumb2/crtn.o
 *(.glue_7t)
 .glue_7t       0x080005a0        0x0 c:/program files/atollic/truestudio stm32 lite 1.4.0/armtools/bin/../lib/gcc/arm-atollic-eabi/4.4.1/thumb/thumb2/crti.o
 .glue_7t       0x080005a0        0x0 c:/program files/atollic/truestudio stm32 lite 1.4.0/armtools/bin/../lib/gcc/arm-atollic-eabi/4.4.1/thumb/thumb2/crtbegin.o
 .glue_7t       0x080005a0        0x0 c:/program files/atollic/truestudio stm32 lite 1.4.0/armtools/bin/../lib/gcc/arm-atollic-eabi/4.4.1/../../../../arm-atollic-eabi/lib/thumb/thumb2/crt0.o
 .glue_7t       0x080005a0        0x0 src\stm32f10x_it.o
 .glue_7t       0x080005a0        0x0 src\main.o
 .glue_7t       0x080005a0        0x0 firmware\STM32F10x_StdPeriph_Driver\src\stm32f10x_wwdg.o
 .glue_7t       0x080005a0        0x0 firmware\STM32F10x_StdPeriph_Driver\src\stm32f10x_usart.o
 .glue_7t       0x080005a0        0x0 firmware\STM32F10x_StdPeriph_Driver\src\stm32f10x_tim.o
 .glue_7t       0x080005a0        0x0 firmware\STM32F10x_StdPeriph_Driver\src\stm32f10x_spi.o
 .glue_7t       0x080005a0        0x0 firmware\STM32F10x_StdPeriph_Driver\src\stm32f10x_sdio.o
 .glue_7t       0x080005a0        0x0 firmware\STM32F10x_StdPeriph_Driver\src\stm32f10x_rtc.o
 .glue_7t       0x080005a0        0x0 firmware\STM32F10x_StdPeriph_Driver\src\stm32f10x_rcc.o
 .glue_7t       0x080005a0        0x0 firmware\STM32F10x_StdPeriph_Driver\src\stm32f10x_pwr.o
 .glue_7t       0x080005a0        0x0 firmware\STM32F10x_StdPeriph_Driver\src\stm32f10x_iwdg.o
 .glue_7t       0x080005a0        0x0 firmware\STM32F10x_StdPeriph_Driver\src\stm32f10x_i2c.o
 .glue_7t       0x080005a0        0x0 firmware\STM32F10x_StdPeriph_Driver\src\stm32f10x_gpio.o
 .glue_7t       0x080005a0        0x0 firmware\STM32F10x_StdPeriph_Driver\src\stm32f10x_fsmc.o
 .glue_7t       0x080005a0        0x0 firmware\STM32F10x_StdPeriph_Driver\src\stm32f10x_flash.o
 .glue_7t       0x080005a0        0x0 firmware\STM32F10x_StdPeriph_Driver\src\stm32f10x_exti.o
 .glue_7t       0x080005a0        0x0 firmware\STM32F10x_StdPeriph_Driver\src\stm32f10x_dma.o
 .glue_7t       0x080005a0        0x0 firmware\STM32F10x_StdPeriph_Driver\src\stm32f10x_dbgmcu.o
 .glue_7t       0x080005a0        0x0 firmware\STM32F10x_StdPeriph_Driver\src\stm32f10x_dac.o
 .glue_7t       0x080005a0        0x0 firmware\STM32F10x_StdPeriph_Driver\src\stm32f10x_crc.o
 .glue_7t       0x080005a0        0x0 firmware\STM32F10x_StdPeriph_Driver\src\stm32f10x_cec.o
 .glue_7t       0x080005a0        0x0 firmware\STM32F10x_StdPeriph_Driver\src\stm32f10x_can.o
 .glue_7t       0x080005a0        0x0 firmware\STM32F10x_StdPeriph_Driver\src\stm32f10x_bkp.o
 .glue_7t       0x080005a0        0x0 firmware\STM32F10x_StdPeriph_Driver\src\stm32f10x_adc.o
 .glue_7t       0x080005a0        0x0 firmware\STM32F10x_StdPeriph_Driver\src\misc.o
 .glue_7t       0x080005a0        0x0 firmware\CMSIS\CM3\DeviceSupport\ST\STM32F10x\system_stm32f10x.o
 .glue_7t       0x080005a0        0x0 firmware\CMSIS\CM3\DeviceSupport\ST\STM32F10x\startup\TrueSTUDIO\startup_stm32f10x_xl.o
 .glue_7t       0x080005a0        0x0 firmware\CMSIS\CM3\CoreSupport\core_cm3.o
 .glue_7t       0x080005a0        0x0 c:/program files/atollic/truestudio stm32 lite 1.4.0/armtools/bin/../lib/gcc/arm-atollic-eabi/4.4.1/../../../../arm-atollic-eabi/lib/thumb/thumb2\libc.a(lib_a-atexit.o)
 .glue_7t       0x080005a0        0x0 c:/program files/atollic/truestudio stm32 lite 1.4.0/armtools/bin/../lib/gcc/arm-atollic-eabi/4.4.1/../../../../arm-atollic-eabi/lib/thumb/thumb2\libc.a(lib_a-exit.o)
 .glue_7t       0x080005a0        0x0 c:/program files/atollic/truestudio stm32 lite 1.4.0/armtools/bin/../lib/gcc/arm-atollic-eabi/4.4.1/../../../../arm-atollic-eabi/lib/thumb/thumb2\libc.a(lib_a-impure.o)
 .glue_7t       0x080005a0        0x0 c:/program files/atollic/truestudio stm32 lite 1.4.0/armtools/bin/../lib/gcc/arm-atollic-eabi/4.4.1/../../../../arm-atollic-eabi/lib/thumb/thumb2\libc.a(lib_a-init.o)
 .glue_7t       0x080005a0        0x0 c:/program files/atollic/truestudio stm32 lite 1.4.0/armtools/bin/../lib/gcc/arm-atollic-eabi/4.4.1/../../../../arm-atollic-eabi/lib/thumb/thumb2\libc.a(lib_a-memset.o)
 .glue_7t       0x080005a0        0x0 c:/program files/atollic/truestudio stm32 lite 1.4.0/armtools/bin/../lib/gcc/arm-atollic-eabi/4.4.1/../../../../arm-atollic-eabi/lib/thumb/thumb2\libc.a(lib_a-syscalls.o)
 .glue_7t       0x080005a0        0x0 c:/program files/atollic/truestudio stm32 lite 1.4.0/armtools/bin/../lib/gcc/arm-atollic-eabi/4.4.1/../../../../arm-atollic-eabi/lib/thumb/thumb2\libc.a(lib_a-__atexit.o)
 .glue_7t       0x080005a0        0x0 c:/program files/atollic/truestudio stm32 lite 1.4.0/armtools/bin/../lib/gcc/arm-atollic-eabi/4.4.1/../../../../arm-atollic-eabi/lib/thumb/thumb2\libc.a(lib_a-__call_atexit.o)
 .glue_7t       0x080005a0        0x0 c:/program files/atollic/truestudio stm32 lite 1.4.0/armtools/bin/../lib/gcc/arm-atollic-eabi/4.4.1/../../../../arm-atollic-eabi/lib/thumb/thumb2\libc.a(lib_a-findfp.o)
 .glue_7t       0x080005a0        0x0 c:/program files/atollic/truestudio stm32 lite 1.4.0/armtools/bin/../lib/gcc/arm-atollic-eabi/4.4.1/../../../../arm-atollic-eabi/lib/thumb/thumb2\libc.a(lib_a-fwalk.o)
 .glue_7t       0x080005a0        0x0 c:/program files/atollic/truestudio stm32 lite 1.4.0/armtools/bin/../lib/gcc/arm-atollic-eabi/4.4.1/../../../../arm-atollic-eabi/lib/thumb/thumb2\libc.a(lib_a-malloc.o)
 .glue_7t       0x080005a0        0x0 c:/program files/atollic/truestudio stm32 lite 1.4.0/armtools/bin/../lib/gcc/arm-atollic-eabi/4.4.1/../../../../arm-atollic-eabi/lib/thumb/thumb2\libc.a(lib_a-mallocr.o)
 .glue_7t       0x080005a0        0x0 c:/program files/atollic/truestudio stm32 lite 1.4.0/armtools/bin/../lib/gcc/arm-atollic-eabi/4.4.1/../../../../arm-atollic-eabi/lib/thumb/thumb2\libc.a(lib_a-mlock.o)
 .glue_7t       0x080005a0        0x0 c:/program files/atollic/truestudio stm32 lite 1.4.0/armtools/bin/../lib/gcc/arm-atollic-eabi/4.4.1/../../../../arm-atollic-eabi/lib/thumb/thumb2\libc.a(lib_a-reent.o)
 .glue_7t       0x080005a0        0x0 c:/program files/atollic/truestudio stm32 lite 1.4.0/armtools/bin/../lib/gcc/arm-atollic-eabi/4.4.1/../../../../arm-atollic-eabi/lib/thumb/thumb2\libc.a(lib_a-sbrkr.o)
 .glue_7t       0x080005a0        0x0 c:/program files/atollic/truestudio stm32 lite 1.4.0/armtools/bin/../lib/gcc/arm-atollic-eabi/4.4.1/../../../../arm-atollic-eabi/lib/thumb/thumb2\libc.a(lib_a-stdio.o)
 .glue_7t       0x080005a0        0x0 c:/program files/atollic/truestudio stm32 lite 1.4.0/armtools/bin/../lib/gcc/arm-atollic-eabi/4.4.1/../../../../arm-atollic-eabi/lib/thumb/thumb2\libc.a(lib_a-writer.o)
 .glue_7t       0x080005a0        0x0 c:/program files/atollic/truestudio stm32 lite 1.4.0/armtools/bin/../lib/gcc/arm-atollic-eabi/4.4.1/../../../../arm-atollic-eabi/lib/thumb/thumb2\libc.a(lib_a-closer.o)
 .glue_7t       0x080005a0        0x0 c:/program files/atollic/truestudio stm32 lite 1.4.0/armtools/bin/../lib/gcc/arm-atollic-eabi/4.4.1/../../../../arm-atollic-eabi/lib/thumb/thumb2\libc.a(lib_a-fclose.o)
 .glue_7t       0x080005a0        0x0 c:/program files/atollic/truestudio stm32 lite 1.4.0/armtools/bin/../lib/gcc/arm-atollic-eabi/4.4.1/../../../../arm-atollic-eabi/lib/thumb/thumb2\libc.a(lib_a-fflush.o)
 .glue_7t       0x080005a0        0x0 c:/program files/atollic/truestudio stm32 lite 1.4.0/armtools/bin/../lib/gcc/arm-atollic-eabi/4.4.1/../../../../arm-atollic-eabi/lib/thumb/thumb2\libc.a(lib_a-freer.o)
 .glue_7t       0x080005a0        0x0 c:/program files/atollic/truestudio stm32 lite 1.4.0/armtools/bin/../lib/gcc/arm-atollic-eabi/4.4.1/../../../../arm-atollic-eabi/lib/thumb/thumb2\libc.a(lib_a-lseekr.o)
 .glue_7t       0x080005a0        0x0 c:/program files/atollic/truestudio stm32 lite 1.4.0/armtools/bin/../lib/gcc/arm-atollic-eabi/4.4.1/../../../../arm-atollic-eabi/lib/thumb/thumb2\libc.a(lib_a-readr.o)
 .glue_7t       0x080005a0        0x0 c:/program files/atollic/truestudio stm32 lite 1.4.0/armtools/bin/../lib/gcc/arm-atollic-eabi/4.4.1/thumb/thumb2/crtend.o
 .glue_7t       0x080005a0        0x0 c:/program files/atollic/truestudio stm32 lite 1.4.0/armtools/bin/../lib/gcc/arm-atollic-eabi/4.4.1/thumb/thumb2/crtn.o
 *(.eh_frame)
 .eh_frame      0x080005a0        0x0 c:/program files/atollic/truestudio stm32 lite 1.4.0/armtools/bin/../lib/gcc/arm-atollic-eabi/4.4.1/thumb/thumb2/crtbegin.o
 *(.init)
 .init          0x080005a0        0x4 c:/program files/atollic/truestudio stm32 lite 1.4.0/armtools/bin/../lib/gcc/arm-atollic-eabi/4.4.1/thumb/thumb2/crti.o
                0x080005a0                _init
 .init          0x080005a4        0x8 c:/program files/atollic/truestudio stm32 lite 1.4.0/armtools/bin/../lib/gcc/arm-atollic-eabi/4.4.1/thumb/thumb2/crtn.o
 *(.fini)
 .fini          0x080005ac        0x4 c:/program files/atollic/truestudio stm32 lite 1.4.0/armtools/bin/../lib/gcc/arm-atollic-eabi/4.4.1/thumb/thumb2/crti.o
                0x080005ac                _fini
 .fini          0x080005b0        0x8 c:/program files/atollic/truestudio stm32 lite 1.4.0/armtools/bin/../lib/gcc/arm-atollic-eabi/4.4.1/thumb/thumb2/crtn.o
                0x080005b8                . = ALIGN (0x4)
                0x080005b8                _etext = .

.vfp11_veneer   0x080005b8        0x0
 .vfp11_veneer  0x080005b8        0x0 c:/program files/atollic/truestudio stm32 lite 1.4.0/armtools/bin/../lib/gcc/arm-atollic-eabi/4.4.1/thumb/thumb2/crti.o
 .vfp11_veneer  0x080005b8        0x0 c:/program files/atollic/truestudio stm32 lite 1.4.0/armtools/bin/../lib/gcc/arm-atollic-eabi/4.4.1/thumb/thumb2/crtbegin.o
 .vfp11_veneer  0x080005b8        0x0 c:/program files/atollic/truestudio stm32 lite 1.4.0/armtools/bin/../lib/gcc/arm-atollic-eabi/4.4.1/../../../../arm-atollic-eabi/lib/thumb/thumb2/crt0.o
 .vfp11_veneer  0x080005b8        0x0 src\stm32f10x_it.o
 .vfp11_veneer  0x080005b8        0x0 src\main.o
 .vfp11_veneer  0x080005b8        0x0 firmware\STM32F10x_StdPeriph_Driver\src\stm32f10x_wwdg.o
 .vfp11_veneer  0x080005b8        0x0 firmware\STM32F10x_StdPeriph_Driver\src\stm32f10x_usart.o
 .vfp11_veneer  0x080005b8        0x0 firmware\STM32F10x_StdPeriph_Driver\src\stm32f10x_tim.o
 .vfp11_veneer  0x080005b8        0x0 firmware\STM32F10x_StdPeriph_Driver\src\stm32f10x_spi.o
 .vfp11_veneer  0x080005b8        0x0 firmware\STM32F10x_StdPeriph_Driver\src\stm32f10x_sdio.o
 .vfp11_veneer  0x080005b8        0x0 firmware\STM32F10x_StdPeriph_Driver\src\stm32f10x_rtc.o
 .vfp11_veneer  0x080005b8        0x0 firmware\STM32F10x_StdPeriph_Driver\src\stm32f10x_rcc.o
 .vfp11_veneer  0x080005b8        0x0 firmware\STM32F10x_StdPeriph_Driver\src\stm32f10x_pwr.o
 .vfp11_veneer  0x080005b8        0x0 firmware\STM32F10x_StdPeriph_Driver\src\stm32f10x_iwdg.o
 .vfp11_veneer  0x080005b8        0x0 firmware\STM32F10x_StdPeriph_Driver\src\stm32f10x_i2c.o
 .vfp11_veneer  0x080005b8        0x0 firmware\STM32F10x_StdPeriph_Driver\src\stm32f10x_gpio.o
 .vfp11_veneer  0x080005b8        0x0 firmware\STM32F10x_StdPeriph_Driver\src\stm32f10x_fsmc.o
 .vfp11_veneer  0x080005b8        0x0 firmware\STM32F10x_StdPeriph_Driver\src\stm32f10x_flash.o
 .vfp11_veneer  0x080005b8        0x0 firmware\STM32F10x_StdPeriph_Driver\src\stm32f10x_exti.o
 .vfp11_veneer  0x080005b8        0x0 firmware\STM32F10x_StdPeriph_Driver\src\stm32f10x_dma.o
 .vfp11_veneer  0x080005b8        0x0 firmware\STM32F10x_StdPeriph_Driver\src\stm32f10x_dbgmcu.o
 .vfp11_veneer  0x080005b8        0x0 firmware\STM32F10x_StdPeriph_Driver\src\stm32f10x_dac.o
 .vfp11_veneer  0x080005b8        0x0 firmware\STM32F10x_StdPeriph_Driver\src\stm32f10x_crc.o
 .vfp11_veneer  0x080005b8        0x0 firmware\STM32F10x_StdPeriph_Driver\src\stm32f10x_cec.o
 .vfp11_veneer  0x080005b8        0x0 firmware\STM32F10x_StdPeriph_Driver\src\stm32f10x_can.o
 .vfp11_veneer  0x080005b8        0x0 firmware\STM32F10x_StdPeriph_Driver\src\stm32f10x_bkp.o
 .vfp11_veneer  0x080005b8        0x0 firmware\STM32F10x_StdPeriph_Driver\src\stm32f10x_adc.o
 .vfp11_veneer  0x080005b8        0x0 firmware\STM32F10x_StdPeriph_Driver\src\misc.o
 .vfp11_veneer  0x080005b8        0x0 firmware\CMSIS\CM3\DeviceSupport\ST\STM32F10x\system_stm32f10x.o
 .vfp11_veneer  0x080005b8        0x0 firmware\CMSIS\CM3\DeviceSupport\ST\STM32F10x\startup\TrueSTUDIO\startup_stm32f10x_xl.o
 .vfp11_veneer  0x080005b8        0x0 firmware\CMSIS\CM3\CoreSupport\core_cm3.o
 .vfp11_veneer  0x080005b8        0x0 c:/program files/atollic/truestudio stm32 lite 1.4.0/armtools/bin/../lib/gcc/arm-atollic-eabi/4.4.1/../../../../arm-atollic-eabi/lib/thumb/thumb2\libc.a(lib_a-atexit.o)
 .vfp11_veneer  0x080005b8        0x0 c:/program files/atollic/truestudio stm32 lite 1.4.0/armtools/bin/../lib/gcc/arm-atollic-eabi/4.4.1/../../../../arm-atollic-eabi/lib/thumb/thumb2\libc.a(lib_a-exit.o)
 .vfp11_veneer  0x080005b8        0x0 c:/program files/atollic/truestudio stm32 lite 1.4.0/armtools/bin/../lib/gcc/arm-atollic-eabi/4.4.1/../../../../arm-atollic-eabi/lib/thumb/thumb2\libc.a(lib_a-impure.o)
 .vfp11_veneer  0x080005b8        0x0 c:/program files/atollic/truestudio stm32 lite 1.4.0/armtools/bin/../lib/gcc/arm-atollic-eabi/4.4.1/../../../../arm-atollic-eabi/lib/thumb/thumb2\libc.a(lib_a-init.o)
 .vfp11_veneer  0x080005b8        0x0 c:/program files/atollic/truestudio stm32 lite 1.4.0/armtools/bin/../lib/gcc/arm-atollic-eabi/4.4.1/../../../../arm-atollic-eabi/lib/thumb/thumb2\libc.a(lib_a-memset.o)
 .vfp11_veneer  0x080005b8        0x0 c:/program files/atollic/truestudio stm32 lite 1.4.0/armtools/bin/../lib/gcc/arm-atollic-eabi/4.4.1/../../../../arm-atollic-eabi/lib/thumb/thumb2\libc.a(lib_a-syscalls.o)
 .vfp11_veneer  0x080005b8        0x0 c:/program files/atollic/truestudio stm32 lite 1.4.0/armtools/bin/../lib/gcc/arm-atollic-eabi/4.4.1/../../../../arm-atollic-eabi/lib/thumb/thumb2\libc.a(lib_a-__atexit.o)
 .vfp11_veneer  0x080005b8        0x0 c:/program files/atollic/truestudio stm32 lite 1.4.0/armtools/bin/../lib/gcc/arm-atollic-eabi/4.4.1/../../../../arm-atollic-eabi/lib/thumb/thumb2\libc.a(lib_a-__call_atexit.o)
 .vfp11_veneer  0x080005b8        0x0 c:/program files/atollic/truestudio stm32 lite 1.4.0/armtools/bin/../lib/gcc/arm-atollic-eabi/4.4.1/../../../../arm-atollic-eabi/lib/thumb/thumb2\libc.a(lib_a-findfp.o)
 .vfp11_veneer  0x080005b8        0x0 c:/program files/atollic/truestudio stm32 lite 1.4.0/armtools/bin/../lib/gcc/arm-atollic-eabi/4.4.1/../../../../arm-atollic-eabi/lib/thumb/thumb2\libc.a(lib_a-fwalk.o)
 .vfp11_veneer  0x080005b8        0x0 c:/program files/atollic/truestudio stm32 lite 1.4.0/armtools/bin/../lib/gcc/arm-atollic-eabi/4.4.1/../../../../arm-atollic-eabi/lib/thumb/thumb2\libc.a(lib_a-malloc.o)
 .vfp11_veneer  0x080005b8        0x0 c:/program files/atollic/truestudio stm32 lite 1.4.0/armtools/bin/../lib/gcc/arm-atollic-eabi/4.4.1/../../../../arm-atollic-eabi/lib/thumb/thumb2\libc.a(lib_a-mallocr.o)
 .vfp11_veneer  0x080005b8        0x0 c:/program files/atollic/truestudio stm32 lite 1.4.0/armtools/bin/../lib/gcc/arm-atollic-eabi/4.4.1/../../../../arm-atollic-eabi/lib/thumb/thumb2\libc.a(lib_a-mlock.o)
 .vfp11_veneer  0x080005b8        0x0 c:/program files/atollic/truestudio stm32 lite 1.4.0/armtools/bin/../lib/gcc/arm-atollic-eabi/4.4.1/../../../../arm-atollic-eabi/lib/thumb/thumb2\libc.a(lib_a-reent.o)
 .vfp11_veneer  0x080005b8        0x0 c:/program files/atollic/truestudio stm32 lite 1.4.0/armtools/bin/../lib/gcc/arm-atollic-eabi/4.4.1/../../../../arm-atollic-eabi/lib/thumb/thumb2\libc.a(lib_a-sbrkr.o)
 .vfp11_veneer  0x080005b8        0x0 c:/program files/atollic/truestudio stm32 lite 1.4.0/armtools/bin/../lib/gcc/arm-atollic-eabi/4.4.1/../../../../arm-atollic-eabi/lib/thumb/thumb2\libc.a(lib_a-stdio.o)
 .vfp11_veneer  0x080005b8        0x0 c:/program files/atollic/truestudio stm32 lite 1.4.0/armtools/bin/../lib/gcc/arm-atollic-eabi/4.4.1/../../../../arm-atollic-eabi/lib/thumb/thumb2\libc.a(lib_a-writer.o)
 .vfp11_veneer  0x080005b8        0x0 c:/program files/atollic/truestudio stm32 lite 1.4.0/armtools/bin/../lib/gcc/arm-atollic-eabi/4.4.1/../../../../arm-atollic-eabi/lib/thumb/thumb2\libc.a(lib_a-closer.o)
 .vfp11_veneer  0x080005b8        0x0 c:/program files/atollic/truestudio stm32 lite 1.4.0/armtools/bin/../lib/gcc/arm-atollic-eabi/4.4.1/../../../../arm-atollic-eabi/lib/thumb/thumb2\libc.a(lib_a-fclose.o)
 .vfp11_veneer  0x080005b8        0x0 c:/program files/atollic/truestudio stm32 lite 1.4.0/armtools/bin/../lib/gcc/arm-atollic-eabi/4.4.1/../../../../arm-atollic-eabi/lib/thumb/thumb2\libc.a(lib_a-fflush.o)
 .vfp11_veneer  0x080005b8        0x0 c:/program files/atollic/truestudio stm32 lite 1.4.0/armtools/bin/../lib/gcc/arm-atollic-eabi/4.4.1/../../../../arm-atollic-eabi/lib/thumb/thumb2\libc.a(lib_a-freer.o)
 .vfp11_veneer  0x080005b8        0x0 c:/program files/atollic/truestudio stm32 lite 1.4.0/armtools/bin/../lib/gcc/arm-atollic-eabi/4.4.1/../../../../arm-atollic-eabi/lib/thumb/thumb2\libc.a(lib_a-lseekr.o)
 .vfp11_veneer  0x080005b8        0x0 c:/program files/atollic/truestudio stm32 lite 1.4.0/armtools/bin/../lib/gcc/arm-atollic-eabi/4.4.1/../../../../arm-atollic-eabi/lib/thumb/thumb2\libc.a(lib_a-readr.o)
 .vfp11_veneer  0x080005b8        0x0 c:/program files/atollic/truestudio stm32 lite 1.4.0/armtools/bin/../lib/gcc/arm-atollic-eabi/4.4.1/thumb/thumb2/crtend.o
 .vfp11_veneer  0x080005b8        0x0 c:/program files/atollic/truestudio stm32 lite 1.4.0/armtools/bin/../lib/gcc/arm-atollic-eabi/4.4.1/thumb/thumb2/crtn.o

.v4_bx          0x080005b8        0x0
 .v4_bx         0x080005b8        0x0 c:/program files/atollic/truestudio stm32 lite 1.4.0/armtools/bin/../lib/gcc/arm-atollic-eabi/4.4.1/thumb/thumb2/crti.o
 .v4_bx         0x080005b8        0x0 c:/program files/atollic/truestudio stm32 lite 1.4.0/armtools/bin/../lib/gcc/arm-atollic-eabi/4.4.1/thumb/thumb2/crtbegin.o
 .v4_bx         0x080005b8        0x0 c:/program files/atollic/truestudio stm32 lite 1.4.0/armtools/bin/../lib/gcc/arm-atollic-eabi/4.4.1/../../../../arm-atollic-eabi/lib/thumb/thumb2/crt0.o
 .v4_bx         0x080005b8        0x0 src\stm32f10x_it.o
 .v4_bx         0x080005b8        0x0 src\main.o
 .v4_bx         0x080005b8        0x0 firmware\STM32F10x_StdPeriph_Driver\src\stm32f10x_wwdg.o
 .v4_bx         0x080005b8        0x0 firmware\STM32F10x_StdPeriph_Driver\src\stm32f10x_usart.o
 .v4_bx         0x080005b8        0x0 firmware\STM32F10x_StdPeriph_Driver\src\stm32f10x_tim.o
 .v4_bx         0x080005b8        0x0 firmware\STM32F10x_StdPeriph_Driver\src\stm32f10x_spi.o
 .v4_bx         0x080005b8        0x0 firmware\STM32F10x_StdPeriph_Driver\src\stm32f10x_sdio.o
 .v4_bx         0x080005b8        0x0 firmware\STM32F10x_StdPeriph_Driver\src\stm32f10x_rtc.o
 .v4_bx         0x080005b8        0x0 firmware\STM32F10x_StdPeriph_Driver\src\stm32f10x_rcc.o
 .v4_bx         0x080005b8        0x0 firmware\STM32F10x_StdPeriph_Driver\src\stm32f10x_pwr.o
 .v4_bx         0x080005b8        0x0 firmware\STM32F10x_StdPeriph_Driver\src\stm32f10x_iwdg.o
 .v4_bx         0x080005b8        0x0 firmware\STM32F10x_StdPeriph_Driver\src\stm32f10x_i2c.o
 .v4_bx         0x080005b8        0x0 firmware\STM32F10x_StdPeriph_Driver\src\stm32f10x_gpio.o
 .v4_bx         0x080005b8        0x0 firmware\STM32F10x_StdPeriph_Driver\src\stm32f10x_fsmc.o
 .v4_bx         0x080005b8        0x0 firmware\STM32F10x_StdPeriph_Driver\src\stm32f10x_flash.o
 .v4_bx         0x080005b8        0x0 firmware\STM32F10x_StdPeriph_Driver\src\stm32f10x_exti.o
 .v4_bx         0x080005b8        0x0 firmware\STM32F10x_StdPeriph_Driver\src\stm32f10x_dma.o
 .v4_bx         0x080005b8        0x0 firmware\STM32F10x_StdPeriph_Driver\src\stm32f10x_dbgmcu.o
 .v4_bx         0x080005b8        0x0 firmware\STM32F10x_StdPeriph_Driver\src\stm32f10x_dac.o
 .v4_bx         0x080005b8        0x0 firmware\STM32F10x_StdPeriph_Driver\src\stm32f10x_crc.o
 .v4_bx         0x080005b8        0x0 firmware\STM32F10x_StdPeriph_Driver\src\stm32f10x_cec.o
 .v4_bx         0x080005b8        0x0 firmware\STM32F10x_StdPeriph_Driver\src\stm32f10x_can.o
 .v4_bx         0x080005b8        0x0 firmware\STM32F10x_StdPeriph_Driver\src\stm32f10x_bkp.o
 .v4_bx         0x080005b8        0x0 firmware\STM32F10x_StdPeriph_Driver\src\stm32f10x_adc.o
 .v4_bx         0x080005b8        0x0 firmware\STM32F10x_StdPeriph_Driver\src\misc.o
 .v4_bx         0x080005b8        0x0 firmware\CMSIS\CM3\DeviceSupport\ST\STM32F10x\system_stm32f10x.o
 .v4_bx         0x080005b8        0x0 firmware\CMSIS\CM3\DeviceSupport\ST\STM32F10x\startup\TrueSTUDIO\startup_stm32f10x_xl.o
 .v4_bx         0x080005b8        0x0 firmware\CMSIS\CM3\CoreSupport\core_cm3.o
 .v4_bx         0x080005b8        0x0 c:/program files/atollic/truestudio stm32 lite 1.4.0/armtools/bin/../lib/gcc/arm-atollic-eabi/4.4.1/../../../../arm-atollic-eabi/lib/thumb/thumb2\libc.a(lib_a-atexit.o)
 .v4_bx         0x080005b8        0x0 c:/program files/atollic/truestudio stm32 lite 1.4.0/armtools/bin/../lib/gcc/arm-atollic-eabi/4.4.1/../../../../arm-atollic-eabi/lib/thumb/thumb2\libc.a(lib_a-exit.o)
 .v4_bx         0x080005b8        0x0 c:/program files/atollic/truestudio stm32 lite 1.4.0/armtools/bin/../lib/gcc/arm-atollic-eabi/4.4.1/../../../../arm-atollic-eabi/lib/thumb/thumb2\libc.a(lib_a-impure.o)
 .v4_bx         0x080005b8        0x0 c:/program files/atollic/truestudio stm32 lite 1.4.0/armtools/bin/../lib/gcc/arm-atollic-eabi/4.4.1/../../../../arm-atollic-eabi/lib/thumb/thumb2\libc.a(lib_a-init.o)
 .v4_bx         0x080005b8        0x0 c:/program files/atollic/truestudio stm32 lite 1.4.0/armtools/bin/../lib/gcc/arm-atollic-eabi/4.4.1/../../../../arm-atollic-eabi/lib/thumb/thumb2\libc.a(lib_a-memset.o)
 .v4_bx         0x080005b8        0x0 c:/program files/atollic/truestudio stm32 lite 1.4.0/armtools/bin/../lib/gcc/arm-atollic-eabi/4.4.1/../../../../arm-atollic-eabi/lib/thumb/thumb2\libc.a(lib_a-syscalls.o)
 .v4_bx         0x080005b8        0x0 c:/program files/atollic/truestudio stm32 lite 1.4.0/armtools/bin/../lib/gcc/arm-atollic-eabi/4.4.1/../../../../arm-atollic-eabi/lib/thumb/thumb2\libc.a(lib_a-__atexit.o)
 .v4_bx         0x080005b8        0x0 c:/program files/atollic/truestudio stm32 lite 1.4.0/armtools/bin/../lib/gcc/arm-atollic-eabi/4.4.1/../../../../arm-atollic-eabi/lib/thumb/thumb2\libc.a(lib_a-__call_atexit.o)
 .v4_bx         0x080005b8        0x0 c:/program files/atollic/truestudio stm32 lite 1.4.0/armtools/bin/../lib/gcc/arm-atollic-eabi/4.4.1/../../../../arm-atollic-eabi/lib/thumb/thumb2\libc.a(lib_a-findfp.o)
 .v4_bx         0x080005b8        0x0 c:/program files/atollic/truestudio stm32 lite 1.4.0/armtools/bin/../lib/gcc/arm-atollic-eabi/4.4.1/../../../../arm-atollic-eabi/lib/thumb/thumb2\libc.a(lib_a-fwalk.o)
 .v4_bx         0x080005b8        0x0 c:/program files/atollic/truestudio stm32 lite 1.4.0/armtools/bin/../lib/gcc/arm-atollic-eabi/4.4.1/../../../../arm-atollic-eabi/lib/thumb/thumb2\libc.a(lib_a-malloc.o)
 .v4_bx         0x080005b8        0x0 c:/program files/atollic/truestudio stm32 lite 1.4.0/armtools/bin/../lib/gcc/arm-atollic-eabi/4.4.1/../../../../arm-atollic-eabi/lib/thumb/thumb2\libc.a(lib_a-mallocr.o)
 .v4_bx         0x080005b8        0x0 c:/program files/atollic/truestudio stm32 lite 1.4.0/armtools/bin/../lib/gcc/arm-atollic-eabi/4.4.1/../../../../arm-atollic-eabi/lib/thumb/thumb2\libc.a(lib_a-mlock.o)
 .v4_bx         0x080005b8        0x0 c:/program files/atollic/truestudio stm32 lite 1.4.0/armtools/bin/../lib/gcc/arm-atollic-eabi/4.4.1/../../../../arm-atollic-eabi/lib/thumb/thumb2\libc.a(lib_a-reent.o)
 .v4_bx         0x080005b8        0x0 c:/program files/atollic/truestudio stm32 lite 1.4.0/armtools/bin/../lib/gcc/arm-atollic-eabi/4.4.1/../../../../arm-atollic-eabi/lib/thumb/thumb2\libc.a(lib_a-sbrkr.o)
 .v4_bx         0x080005b8        0x0 c:/program files/atollic/truestudio stm32 lite 1.4.0/armtools/bin/../lib/gcc/arm-atollic-eabi/4.4.1/../../../../arm-atollic-eabi/lib/thumb/thumb2\libc.a(lib_a-stdio.o)
 .v4_bx         0x080005b8        0x0 c:/program files/atollic/truestudio stm32 lite 1.4.0/armtools/bin/../lib/gcc/arm-atollic-eabi/4.4.1/../../../../arm-atollic-eabi/lib/thumb/thumb2\libc.a(lib_a-writer.o)
 .v4_bx         0x080005b8        0x0 c:/program files/atollic/truestudio stm32 lite 1.4.0/armtools/bin/../lib/gcc/arm-atollic-eabi/4.4.1/../../../../arm-atollic-eabi/lib/thumb/thumb2\libc.a(lib_a-closer.o)
 .v4_bx         0x080005b8        0x0 c:/program files/atollic/truestudio stm32 lite 1.4.0/armtools/bin/../lib/gcc/arm-atollic-eabi/4.4.1/../../../../arm-atollic-eabi/lib/thumb/thumb2\libc.a(lib_a-fclose.o)
 .v4_bx         0x080005b8        0x0 c:/program files/atollic/truestudio stm32 lite 1.4.0/armtools/bin/../lib/gcc/arm-atollic-eabi/4.4.1/../../../../arm-atollic-eabi/lib/thumb/thumb2\libc.a(lib_a-fflush.o)
 .v4_bx         0x080005b8        0x0 c:/program files/atollic/truestudio stm32 lite 1.4.0/armtools/bin/../lib/gcc/arm-atollic-eabi/4.4.1/../../../../arm-atollic-eabi/lib/thumb/thumb2\libc.a(lib_a-freer.o)
 .v4_bx         0x080005b8        0x0 c:/program files/atollic/truestudio stm32 lite 1.4.0/armtools/bin/../lib/gcc/arm-atollic-eabi/4.4.1/../../../../arm-atollic-eabi/lib/thumb/thumb2\libc.a(lib_a-lseekr.o)
 .v4_bx         0x080005b8        0x0 c:/program files/atollic/truestudio stm32 lite 1.4.0/armtools/bin/../lib/gcc/arm-atollic-eabi/4.4.1/../../../../arm-atollic-eabi/lib/thumb/thumb2\libc.a(lib_a-readr.o)
 .v4_bx         0x080005b8        0x0 c:/program files/atollic/truestudio stm32 lite 1.4.0/armtools/bin/../lib/gcc/arm-atollic-eabi/4.4.1/thumb/thumb2/crtend.o
 .v4_bx         0x080005b8        0x0 c:/program files/atollic/truestudio stm32 lite 1.4.0/armtools/bin/../lib/gcc/arm-atollic-eabi/4.4.1/thumb/thumb2/crtn.o

.ARM.extab
 *(.ARM.extab* .gnu.linkonce.armextab.*)

.ARM            0x080005b8        0x0
                0x080005b8                __exidx_start = .
 *(.ARM.exidx*)
                0x080005b8                __exidx_end = .

.preinit_array  0x080005b8        0x0
                0x080005b8                PROVIDE (__preinit_array_start, .)
 *(.preinit_array*)
                0x080005b8                PROVIDE (__preinit_array_end, .)

.init_array     0x080005b8        0x4
                0x080005b8                PROVIDE (__init_array_start, .)
 *(SORT(.init_array.*))
 *(.init_array*)
 .init_array    0x080005b8        0x4 c:/program files/atollic/truestudio stm32 lite 1.4.0/armtools/bin/../lib/gcc/arm-atollic-eabi/4.4.1/thumb/thumb2/crtbegin.o
                0x080005bc                PROVIDE (__init_array_end, .)

.fini_array     0x080005bc        0x4
                0x080005bc                PROVIDE (__fini_array_start, .)
 *(.fini_array*)
 .fini_array    0x080005bc        0x4 c:/program files/atollic/truestudio stm32 lite 1.4.0/armtools/bin/../lib/gcc/arm-atollic-eabi/4.4.1/thumb/thumb2/crtbegin.o
 *(SORT(.fini_array.*))
                0x080005c0                PROVIDE (__fini_array_end, .)
                0x080005c0                _sidata = .

.data           0x20000000        0x0 load address 0x080005c0
                0x20000000                . = ALIGN (0x4)
                0x20000000                _sdata = .
 *(.data)
 *(.data*)
                0x20000000                . = ALIGN (0x4)
                0x20000000                _edata = .

.jcr            0x20000000        0x0
 .jcr           0x20000000        0x0 c:/program files/atollic/truestudio stm32 lite 1.4.0/armtools/bin/../lib/gcc/arm-atollic-eabi/4.4.1/thumb/thumb2/crtbegin.o
                0x20000000                . = ALIGN (0x4)

.bss            0x20000000       0x1c
                0x20000000                _sbss = .
                0x20000000                __bss_start__ = _sbss
 *(.bss)
 .bss           0x20000000       0x1c c:/program files/atollic/truestudio stm32 lite 1.4.0/armtools/bin/../lib/gcc/arm-atollic-eabi/4.4.1/thumb/thumb2/crtbegin.o
 *(.bss*)
 *(COMMON)
                0x2000001c                . = ALIGN (0x4)
                0x2000001c                _ebss = .
                0x2000001c                __bss_end__ = _ebss
                0x2000001c                PROVIDE (end, _ebss)
                0x2000001c                PROVIDE (_end, _ebss)

._user_heap_stack
                0x2000001c      0x400
                0x2000001c                . = ALIGN (0x4)
                0x2000001c                . = (. + _Min_Heap_Size)
                0x2000041c                . = (. + _Min_Stack_Size)
 *fill*         0x2000001c      0x400 00
                0x2000041c                . = ALIGN (0x4)

.memory_b1_text
 *(.mb1text)
 *(.mb1text*)
 *(.mb1rodata)
 *(.mb1rodata*)

/DISCARD/
 libc.a(*)
 libm.a(*)
 libgcc.a(*)

.ARM.attributes
                0x00000000       0x27
 *(.ARM.attributes)
 .ARM.attributes
                0x00000000       0x17 c:/program files/atollic/truestudio stm32 lite 1.4.0/armtools/bin/../lib/gcc/arm-atollic-eabi/4.4.1/thumb/thumb2/crti.o
 .ARM.attributes
                0x00000017       0x27 c:/program files/atollic/truestudio stm32 lite 1.4.0/armtools/bin/../lib/gcc/arm-atollic-eabi/4.4.1/thumb/thumb2/crtbegin.o
 .ARM.attributes
                0x0000003e       0x17 c:/program files/atollic/truestudio stm32 lite 1.4.0/armtools/bin/../lib/gcc/arm-atollic-eabi/4.4.1/../../../../arm-atollic-eabi/lib/thumb/thumb2/crt0.o
 .ARM.attributes
                0x00000055       0x31 src\stm32f10x_it.o
 .ARM.attributes
                0x00000086       0x31 src\main.o
 .ARM.attributes
                0x000000b7       0x31 firmware\STM32F10x_StdPeriph_Driver\src\stm32f10x_wwdg.o
 .ARM.attributes
                0x000000e8       0x31 firmware\STM32F10x_StdPeriph_Driver\src\stm32f10x_usart.o
 .ARM.attributes
                0x00000119       0x31 firmware\STM32F10x_StdPeriph_Driver\src\stm32f10x_tim.o
 .ARM.attributes
                0x0000014a       0x31 firmware\STM32F10x_StdPeriph_Driver\src\stm32f10x_spi.o
 .ARM.attributes
                0x0000017b       0x31 firmware\STM32F10x_StdPeriph_Driver\src\stm32f10x_sdio.o
 .ARM.attributes
                0x000001ac       0x31 firmware\STM32F10x_StdPeriph_Driver\src\stm32f10x_rtc.o
 .ARM.attributes
                0x000001dd       0x31 firmware\STM32F10x_StdPeriph_Driver\src\stm32f10x_rcc.o
 .ARM.attributes
                0x0000020e       0x31 firmware\STM32F10x_StdPeriph_Driver\src\stm32f10x_pwr.o
 .ARM.attributes
                0x0000023f       0x31 firmware\STM32F10x_StdPeriph_Driver\src\stm32f10x_iwdg.o
 .ARM.attributes
                0x00000270       0x31 firmware\STM32F10x_StdPeriph_Driver\src\stm32f10x_i2c.o
 .ARM.attributes
                0x000002a1       0x31 firmware\STM32F10x_StdPeriph_Driver\src\stm32f10x_gpio.o
 .ARM.attributes
                0x000002d2       0x31 firmware\STM32F10x_StdPeriph_Driver\src\stm32f10x_fsmc.o
 .ARM.attributes
                0x00000303       0x31 firmware\STM32F10x_StdPeriph_Driver\src\stm32f10x_flash.o
 .ARM.attributes
                0x00000334       0x31 firmware\STM32F10x_StdPeriph_Driver\src\stm32f10x_exti.o
 .ARM.attributes
                0x00000365       0x31 firmware\STM32F10x_StdPeriph_Driver\src\stm32f10x_dma.o
 .ARM.attributes
                0x00000396       0x31 firmware\STM32F10x_StdPeriph_Driver\src\stm32f10x_dbgmcu.o
 .ARM.attributes
                0x000003c7       0x31 firmware\STM32F10x_StdPeriph_Driver\src\stm32f10x_dac.o
 .ARM.attributes
                0x000003f8       0x31 firmware\STM32F10x_StdPeriph_Driver\src\stm32f10x_crc.o
 .ARM.attributes
                0x00000429       0x31 firmware\STM32F10x_StdPeriph_Driver\src\stm32f10x_cec.o
 .ARM.attributes
                0x0000045a       0x31 firmware\STM32F10x_StdPeriph_Driver\src\stm32f10x_can.o
 .ARM.attributes
                0x0000048b       0x31 firmware\STM32F10x_StdPeriph_Driver\src\stm32f10x_bkp.o
 .ARM.attributes
                0x000004bc       0x31 firmware\STM32F10x_StdPeriph_Driver\src\stm32f10x_adc.o
 .ARM.attributes
                0x000004ed       0x31 firmware\STM32F10x_StdPeriph_Driver\src\misc.o
 .ARM.attributes
                0x0000051e       0x31 firmware\CMSIS\CM3\DeviceSupport\ST\STM32F10x\system_stm32f10x.o
 .ARM.attributes
                0x0000054f       0x21 firmware\CMSIS\CM3\DeviceSupport\ST\STM32F10x\startup\TrueSTUDIO\startup_stm32f10x_xl.o
 .ARM.attributes
                0x00000570       0x31 firmware\CMSIS\CM3\CoreSupport\core_cm3.o
 .ARM.attributes
                0x000005a1       0x27 c:/program files/atollic/truestudio stm32 lite 1.4.0/armtools/bin/../lib/gcc/arm-atollic-eabi/4.4.1/../../../../arm-atollic-eabi/lib/thumb/thumb2\libc.a(lib_a-atexit.o)
 .ARM.attributes
                0x000005c8       0x27 c:/program files/atollic/truestudio stm32 lite 1.4.0/armtools/bin/../lib/gcc/arm-atollic-eabi/4.4.1/../../../../arm-atollic-eabi/lib/thumb/thumb2\libc.a(lib_a-exit.o)
 .ARM.attributes
                0x000005ef       0x25 c:/program files/atollic/truestudio stm32 lite 1.4.0/armtools/bin/../lib/gcc/arm-atollic-eabi/4.4.1/../../../../arm-atollic-eabi/lib/thumb/thumb2\libc.a(lib_a-impure.o)
 .ARM.attributes
                0x00000614       0x27 c:/program files/atollic/truestudio stm32 lite 1.4.0/armtools/bin/../lib/gcc/arm-atollic-eabi/4.4.1/../../../../arm-atollic-eabi/lib/thumb/thumb2\libc.a(lib_a-init.o)
 .ARM.attributes
                0x0000063b       0x27 c:/program files/atollic/truestudio stm32 lite 1.4.0/armtools/bin/../lib/gcc/arm-atollic-eabi/4.4.1/../../../../arm-atollic-eabi/lib/thumb/thumb2\libc.a(lib_a-memset.o)
 .ARM.attributes
                0x00000662       0x27 c:/program files/atollic/truestudio stm32 lite 1.4.0/armtools/bin/../lib/gcc/arm-atollic-eabi/4.4.1/../../../../arm-atollic-eabi/lib/thumb/thumb2\libc.a(lib_a-syscalls.o)
 .ARM.attributes
                0x00000689       0x27 c:/program files/atollic/truestudio stm32 lite 1.4.0/armtools/bin/../lib/gcc/arm-atollic-eabi/4.4.1/../../../../arm-atollic-eabi/lib/thumb/thumb2\libc.a(lib_a-__atexit.o)
 .ARM.attributes
                0x000006b0       0x27 c:/program files/atollic/truestudio stm32 lite 1.4.0/armtools/bin/../lib/gcc/arm-atollic-eabi/4.4.1/../../../../arm-atollic-eabi/lib/thumb/thumb2\libc.a(lib_a-__call_atexit.o)
 .ARM.attributes
                0x000006d7       0x27 c:/program files/atollic/truestudio stm32 lite 1.4.0/armtools/bin/../lib/gcc/arm-atollic-eabi/4.4.1/../../../../arm-atollic-eabi/lib/thumb/thumb2\libc.a(lib_a-findfp.o)
 .ARM.attributes
                0x000006fe       0x27 c:/program files/atollic/truestudio stm32 lite 1.4.0/armtools/bin/../lib/gcc/arm-atollic-eabi/4.4.1/../../../../arm-atollic-eabi/lib/thumb/thumb2\libc.a(lib_a-fwalk.o)
 .ARM.attributes
                0x00000725       0x27 c:/program files/atollic/truestudio stm32 lite 1.4.0/armtools/bin/../lib/gcc/arm-atollic-eabi/4.4.1/../../../../arm-atollic-eabi/lib/thumb/thumb2\libc.a(lib_a-malloc.o)
 .ARM.attributes
                0x0000074c       0x27 c:/program files/atollic/truestudio stm32 lite 1.4.0/armtools/bin/../lib/gcc/arm-atollic-eabi/4.4.1/../../../../arm-atollic-eabi/lib/thumb/thumb2\libc.a(lib_a-mallocr.o)
 .ARM.attributes
                0x00000773       0x27 c:/program files/atollic/truestudio stm32 lite 1.4.0/armtools/bin/../lib/gcc/arm-atollic-eabi/4.4.1/../../../../arm-atollic-eabi/lib/thumb/thumb2\libc.a(lib_a-mlock.o)
 .ARM.attributes
                0x0000079a       0x27 c:/program files/atollic/truestudio stm32 lite 1.4.0/armtools/bin/../lib/gcc/arm-atollic-eabi/4.4.1/../../../../arm-atollic-eabi/lib/thumb/thumb2\libc.a(lib_a-reent.o)
 .ARM.attributes
                0x000007c1       0x27 c:/program files/atollic/truestudio stm32 lite 1.4.0/armtools/bin/../lib/gcc/arm-atollic-eabi/4.4.1/../../../../arm-atollic-eabi/lib/thumb/thumb2\libc.a(lib_a-sbrkr.o)
 .ARM.attributes
                0x000007e8       0x27 c:/program files/atollic/truestudio stm32 lite 1.4.0/armtools/bin/../lib/gcc/arm-atollic-eabi/4.4.1/../../../../arm-atollic-eabi/lib/thumb/thumb2\libc.a(lib_a-stdio.o)
 .ARM.attributes
                0x0000080f       0x27 c:/program files/atollic/truestudio stm32 lite 1.4.0/armtools/bin/../lib/gcc/arm-atollic-eabi/4.4.1/../../../../arm-atollic-eabi/lib/thumb/thumb2\libc.a(lib_a-writer.o)
 .ARM.attributes
                0x00000836       0x27 c:/program files/atollic/truestudio stm32 lite 1.4.0/armtools/bin/../lib/gcc/arm-atollic-eabi/4.4.1/../../../../arm-atollic-eabi/lib/thumb/thumb2\libc.a(lib_a-closer.o)
 .ARM.attributes
                0x0000085d       0x27 c:/program files/atollic/truestudio stm32 lite 1.4.0/armtools/bin/../lib/gcc/arm-atollic-eabi/4.4.1/../../../../arm-atollic-eabi/lib/thumb/thumb2\libc.a(lib_a-fclose.o)
 .ARM.attributes
                0x00000884       0x27 c:/program files/atollic/truestudio stm32 lite 1.4.0/armtools/bin/../lib/gcc/arm-atollic-eabi/4.4.1/../../../../arm-atollic-eabi/lib/thumb/thumb2\libc.a(lib_a-fflush.o)
 .ARM.attributes
                0x000008ab       0x27 c:/program files/atollic/truestudio stm32 lite 1.4.0/armtools/bin/../lib/gcc/arm-atollic-eabi/4.4.1/../../../../arm-atollic-eabi/lib/thumb/thumb2\libc.a(lib_a-freer.o)
 .ARM.attributes
                0x000008d2       0x27 c:/program files/atollic/truestudio stm32 lite 1.4.0/armtools/bin/../lib/gcc/arm-atollic-eabi/4.4.1/../../../../arm-atollic-eabi/lib/thumb/thumb2\libc.a(lib_a-lseekr.o)
 .ARM.attributes
                0x000008f9       0x27 c:/program files/atollic/truestudio stm32 lite 1.4.0/armtools/bin/../lib/gcc/arm-atollic-eabi/4.4.1/../../../../arm-atollic-eabi/lib/thumb/thumb2\libc.a(lib_a-readr.o)
 .ARM.attributes
                0x00000920       0x25 c:/program files/atollic/truestudio stm32 lite 1.4.0/armtools/bin/../lib/gcc/arm-atollic-eabi/4.4.1/thumb/thumb2/crtend.o
 .ARM.attributes
                0x00000945       0x17 c:/program files/atollic/truestudio stm32 lite 1.4.0/armtools/bin/../lib/gcc/arm-atollic-eabi/4.4.1/thumb/thumb2/crtn.o
OUTPUT(iqmath.elf elf32-littlearm)

.debug_line     0x00000000     0x52fe
 .debug_line    0x00000000       0x67 c:/program files/atollic/truestudio stm32 lite 1.4.0/armtools/bin/../lib/gcc/arm-atollic-eabi/4.4.1/thumb/thumb2/crti.o
 .debug_line    0x00000067       0xfd src\stm32f10x_it.o
 .debug_line    0x00000164       0xe1 src\main.o
 .debug_line    0x00000245      0x1d4 firmware\STM32F10x_StdPeriph_Driver\src\stm32f10x_wwdg.o
 .debug_line    0x00000419      0x422 firmware\STM32F10x_StdPeriph_Driver\src\stm32f10x_usart.o
 .debug_line    0x0000083b      0x9a1 firmware\STM32F10x_StdPeriph_Driver\src\stm32f10x_tim.o
 .debug_line    0x000011dc      0x398 firmware\STM32F10x_StdPeriph_Driver\src\stm32f10x_spi.o
 .debug_line    0x00001574      0x3d5 firmware\STM32F10x_StdPeriph_Driver\src\stm32f10x_sdio.o
 .debug_line    0x00001949      0x258 firmware\STM32F10x_StdPeriph_Driver\src\stm32f10x_rtc.o
 .debug_line    0x00001ba1      0x43c firmware\STM32F10x_StdPeriph_Driver\src\stm32f10x_rcc.o
 .debug_line    0x00001fdd      0x227 firmware\STM32F10x_StdPeriph_Driver\src\stm32f10x_pwr.o
 .debug_line    0x00002204      0x1ad firmware\STM32F10x_StdPeriph_Driver\src\stm32f10x_iwdg.o
 .debug_line    0x000023b1      0x44d firmware\STM32F10x_StdPeriph_Driver\src\stm32f10x_i2c.o
 .debug_line    0x000027fe      0x331 firmware\STM32F10x_StdPeriph_Driver\src\stm32f10x_gpio.o
 .debug_line    0x00002b2f      0x3bd firmware\STM32F10x_StdPeriph_Driver\src\stm32f10x_fsmc.o
 .debug_line    0x00002eec      0x54b firmware\STM32F10x_StdPeriph_Driver\src\stm32f10x_flash.o
 .debug_line    0x00003437      0x22f firmware\STM32F10x_StdPeriph_Driver\src\stm32f10x_exti.o
 .debug_line    0x00003666      0x27b firmware\STM32F10x_StdPeriph_Driver\src\stm32f10x_dma.o
 .debug_line    0x000038e1      0x177 firmware\STM32F10x_StdPeriph_Driver\src\stm32f10x_dbgmcu.o
 .debug_line    0x00003a58      0x27e firmware\STM32F10x_StdPeriph_Driver\src\stm32f10x_dac.o
 .debug_line    0x00003cd6      0x1ad firmware\STM32F10x_StdPeriph_Driver\src\stm32f10x_crc.o
 .debug_line    0x00003e83      0x296 firmware\STM32F10x_StdPeriph_Driver\src\stm32f10x_cec.o
 .debug_line    0x00004119      0x3e8 firmware\STM32F10x_StdPeriph_Driver\src\stm32f10x_can.o
 .debug_line    0x00004501      0x223 firmware\STM32F10x_StdPeriph_Driver\src\stm32f10x_bkp.o
 .debug_line    0x00004724      0x4ad firmware\STM32F10x_StdPeriph_Driver\src\stm32f10x_adc.o
 .debug_line    0x00004bd1      0x1d4 firmware\STM32F10x_StdPeriph_Driver\src\misc.o
 .debug_line    0x00004da5      0x1d1 firmware\CMSIS\CM3\DeviceSupport\ST\STM32F10x\system_stm32f10x.o
 .debug_line    0x00004f76       0xb0 firmware\CMSIS\CM3\DeviceSupport\ST\STM32F10x\startup\TrueSTUDIO\startup_stm32f10x_xl.o
 .debug_line    0x00005026      0x26e firmware\CMSIS\CM3\CoreSupport\core_cm3.o
 .debug_line    0x00005294       0x6a c:/program files/atollic/truestudio stm32 lite 1.4.0/armtools/bin/../lib/gcc/arm-atollic-eabi/4.4.1/thumb/thumb2/crtn.o

.debug_info     0x00000000     0xb80d
 .debug_info    0x00000000       0x7d c:/program files/atollic/truestudio stm32 lite 1.4.0/armtools/bin/../lib/gcc/arm-atollic-eabi/4.4.1/thumb/thumb2/crti.o
 .debug_info    0x0000007d      0x143 src\stm32f10x_it.o
 .debug_info    0x000001c0       0xfb src\main.o
 .debug_info    0x000002bb      0x222 firmware\STM32F10x_StdPeriph_Driver\src\stm32f10x_wwdg.o
 .debug_info    0x000004dd      0xa59 firmware\STM32F10x_StdPeriph_Driver\src\stm32f10x_usart.o
 .debug_info    0x00000f36     0x1e11 firmware\STM32F10x_StdPeriph_Driver\src\stm32f10x_tim.o
 .debug_info    0x00002d47      0x96a firmware\STM32F10x_StdPeriph_Driver\src\stm32f10x_spi.o
 .debug_info    0x000036b1      0x87c firmware\STM32F10x_StdPeriph_Driver\src\stm32f10x_sdio.o
 .debug_info    0x00003f2d      0x44c firmware\STM32F10x_StdPeriph_Driver\src\stm32f10x_rtc.o
 .debug_info    0x00004379      0x8e3 firmware\STM32F10x_StdPeriph_Driver\src\stm32f10x_rcc.o
 .debug_info    0x00004c5c      0x2b7 firmware\STM32F10x_StdPeriph_Driver\src\stm32f10x_pwr.o
 .debug_info    0x00004f13      0x1ed firmware\STM32F10x_StdPeriph_Driver\src\stm32f10x_iwdg.o
 .debug_info    0x00005100      0xb54 firmware\STM32F10x_StdPeriph_Driver\src\stm32f10x_i2c.o
 .debug_info    0x00005c54      0x705 firmware\STM32F10x_StdPeriph_Driver\src\stm32f10x_gpio.o
 .debug_info    0x00006359      0x93d firmware\STM32F10x_StdPeriph_Driver\src\stm32f10x_fsmc.o
 .debug_info    0x00006c96      0x965 firmware\STM32F10x_StdPeriph_Driver\src\stm32f10x_flash.o
 .debug_info    0x000075fb      0x34e firmware\STM32F10x_StdPeriph_Driver\src\stm32f10x_exti.o
 .debug_info    0x00007949      0x456 firmware\STM32F10x_StdPeriph_Driver\src\stm32f10x_dma.o
 .debug_info    0x00007d9f      0x147 firmware\STM32F10x_StdPeriph_Driver\src\stm32f10x_dbgmcu.o
 .debug_info    0x00007ee6      0x4ba firmware\STM32F10x_StdPeriph_Driver\src\stm32f10x_dac.o
 .debug_info    0x000083a0      0x1ed firmware\STM32F10x_StdPeriph_Driver\src\stm32f10x_crc.o
 .debug_info    0x0000858d      0x429 firmware\STM32F10x_StdPeriph_Driver\src\stm32f10x_cec.o
 .debug_info    0x000089b6      0xaf6 firmware\STM32F10x_StdPeriph_Driver\src\stm32f10x_can.o
 .debug_info    0x000094ac      0x866 firmware\STM32F10x_StdPeriph_Driver\src\stm32f10x_bkp.o
 .debug_info    0x00009d12      0xc07 firmware\STM32F10x_StdPeriph_Driver\src\stm32f10x_adc.o
 .debug_info    0x0000a919      0x51d firmware\STM32F10x_StdPeriph_Driver\src\misc.o
 .debug_info    0x0000ae36      0x332 firmware\CMSIS\CM3\DeviceSupport\ST\STM32F10x\system_stm32f10x.o
 .debug_info    0x0000b168       0xe0 firmware\CMSIS\CM3\DeviceSupport\ST\STM32F10x\startup\TrueSTUDIO\startup_stm32f10x_xl.o
 .debug_info    0x0000b248      0x548 firmware\CMSIS\CM3\CoreSupport\core_cm3.o
 .debug_info    0x0000b790       0x7d c:/program files/atollic/truestudio stm32 lite 1.4.0/armtools/bin/../lib/gcc/arm-atollic-eabi/4.4.1/thumb/thumb2/crtn.o

.debug_abbrev   0x00000000     0x230e
 .debug_abbrev  0x00000000       0x12 c:/program files/atollic/truestudio stm32 lite 1.4.0/armtools/bin/../lib/gcc/arm-atollic-eabi/4.4.1/thumb/thumb2/crti.o
 .debug_abbrev  0x00000012       0x62 src\stm32f10x_it.o
 .debug_abbrev  0x00000074       0x82 src\main.o
 .debug_abbrev  0x000000f6      0x103 firmware\STM32F10x_StdPeriph_Driver\src\stm32f10x_wwdg.o
 .debug_abbrev  0x000001f9      0x159 firmware\STM32F10x_StdPeriph_Driver\src\stm32f10x_usart.o
 .debug_abbrev  0x00000352      0x17d firmware\STM32F10x_StdPeriph_Driver\src\stm32f10x_tim.o
 .debug_abbrev  0x000004cf      0x168 firmware\STM32F10x_StdPeriph_Driver\src\stm32f10x_spi.o
 .debug_abbrev  0x00000637      0x1ad firmware\STM32F10x_StdPeriph_Driver\src\stm32f10x_sdio.o
 .debug_abbrev  0x000007e4      0x171 firmware\STM32F10x_StdPeriph_Driver\src\stm32f10x_rtc.o
 .debug_abbrev  0x00000955      0x19c firmware\STM32F10x_StdPeriph_Driver\src\stm32f10x_rcc.o
 .debug_abbrev  0x00000af1      0x14b firmware\STM32F10x_StdPeriph_Driver\src\stm32f10x_pwr.o
 .debug_abbrev  0x00000c3c      0x105 firmware\STM32F10x_StdPeriph_Driver\src\stm32f10x_iwdg.o
 .debug_abbrev  0x00000d41      0x168 firmware\STM32F10x_StdPeriph_Driver\src\stm32f10x_i2c.o
 .debug_abbrev  0x00000ea9      0x1a2 firmware\STM32F10x_StdPeriph_Driver\src\stm32f10x_gpio.o
 .debug_abbrev  0x0000104b      0x171 firmware\STM32F10x_StdPeriph_Driver\src\stm32f10x_fsmc.o
 .debug_abbrev  0x000011bc      0x18e firmware\STM32F10x_StdPeriph_Driver\src\stm32f10x_flash.o
 .debug_abbrev  0x0000134a      0x155 firmware\STM32F10x_StdPeriph_Driver\src\stm32f10x_exti.o
 .debug_abbrev  0x0000149f      0x159 firmware\STM32F10x_StdPeriph_Driver\src\stm32f10x_dma.o
 .debug_abbrev  0x000015f8       0xe5 firmware\STM32F10x_StdPeriph_Driver\src\stm32f10x_dbgmcu.o
 .debug_abbrev  0x000016dd      0x174 firmware\STM32F10x_StdPeriph_Driver\src\stm32f10x_dac.o
 .debug_abbrev  0x00001851      0x108 firmware\STM32F10x_StdPeriph_Driver\src\stm32f10x_crc.o
 .debug_abbrev  0x00001959      0x194 firmware\STM32F10x_StdPeriph_Driver\src\stm32f10x_cec.o
 .debug_abbrev  0x00001aed      0x1b7 firmware\STM32F10x_StdPeriph_Driver\src\stm32f10x_can.o
 .debug_abbrev  0x00001ca4      0x161 firmware\STM32F10x_StdPeriph_Driver\src\stm32f10x_bkp.o
 .debug_abbrev  0x00001e05      0x17f firmware\STM32F10x_StdPeriph_Driver\src\stm32f10x_adc.o
 .debug_abbrev  0x00001f84      0x140 firmware\STM32F10x_StdPeriph_Driver\src\misc.o
 .debug_abbrev  0x000020c4      0x14f firmware\CMSIS\CM3\DeviceSupport\ST\STM32F10x\system_stm32f10x.o
 .debug_abbrev  0x00002213       0x12 firmware\CMSIS\CM3\DeviceSupport\ST\STM32F10x\startup\TrueSTUDIO\startup_stm32f10x_xl.o
 .debug_abbrev  0x00002225       0xd7 firmware\CMSIS\CM3\CoreSupport\core_cm3.o
 .debug_abbrev  0x000022fc       0x12 c:/program files/atollic/truestudio stm32 lite 1.4.0/armtools/bin/../lib/gcc/arm-atollic-eabi/4.4.1/thumb/thumb2/crtn.o

.debug_aranges  0x00000000     0x12e8
 .debug_aranges
                0x00000000       0x28 c:/program files/atollic/truestudio stm32 lite 1.4.0/armtools/bin/../lib/gcc/arm-atollic-eabi/4.4.1/thumb/thumb2/crti.o
 .debug_aranges
                0x00000028       0x60 src\stm32f10x_it.o
 .debug_aranges
                0x00000088       0x20 src\main.o
 .debug_aranges
                0x000000a8       0x58 firmware\STM32F10x_StdPeriph_Driver\src\stm32f10x_wwdg.o
 .debug_aranges
                0x00000100      0x100 firmware\STM32F10x_StdPeriph_Driver\src\stm32f10x_usart.o
 .debug_aranges
                0x00000200      0x2f0 firmware\STM32F10x_StdPeriph_Driver\src\stm32f10x_tim.o
 .debug_aranges
                0x000004f0       0xd0 firmware\STM32F10x_StdPeriph_Driver\src\stm32f10x_spi.o
 .debug_aranges
                0x000005c0      0x108 firmware\STM32F10x_StdPeriph_Driver\src\stm32f10x_sdio.o
 .debug_aranges
                0x000006c8       0x88 firmware\STM32F10x_StdPeriph_Driver\src\stm32f10x_rtc.o
 .debug_aranges
                0x00000750      0x118 firmware\STM32F10x_StdPeriph_Driver\src\stm32f10x_rcc.o
 .debug_aranges
                0x00000868       0x70 firmware\STM32F10x_StdPeriph_Driver\src\stm32f10x_pwr.o
 .debug_aranges
                0x000008d8       0x48 firmware\STM32F10x_StdPeriph_Driver\src\stm32f10x_iwdg.o
 .debug_aranges
                0x00000920      0x118 firmware\STM32F10x_StdPeriph_Driver\src\stm32f10x_i2c.o
 .debug_aranges
                0x00000a38       0xa8 firmware\STM32F10x_StdPeriph_Driver\src\stm32f10x_gpio.o
 .debug_aranges
                0x00000ae0       0xb0 firmware\STM32F10x_StdPeriph_Driver\src\stm32f10x_fsmc.o
 .debug_aranges
                0x00000b90      0x128 firmware\STM32F10x_StdPeriph_Driver\src\stm32f10x_flash.o
 .debug_aranges
                0x00000cb8       0x58 firmware\STM32F10x_StdPeriph_Driver\src\stm32f10x_exti.o
 .debug_aranges
                0x00000d10       0x68 firmware\STM32F10x_StdPeriph_Driver\src\stm32f10x_dma.o
 .debug_aranges
                0x00000d78       0x30 firmware\STM32F10x_StdPeriph_Driver\src\stm32f10x_dbgmcu.o
 .debug_aranges
                0x00000da8       0x78 firmware\STM32F10x_StdPeriph_Driver\src\stm32f10x_dac.o
 .debug_aranges
                0x00000e20       0x48 firmware\STM32F10x_StdPeriph_Driver\src\stm32f10x_crc.o
 .debug_aranges
                0x00000e68       0x88 firmware\STM32F10x_StdPeriph_Driver\src\stm32f10x_cec.o
 .debug_aranges
                0x00000ef0       0xb8 firmware\STM32F10x_StdPeriph_Driver\src\stm32f10x_can.o
 .debug_aranges
                0x00000fa8       0x78 firmware\STM32F10x_StdPeriph_Driver\src\stm32f10x_bkp.o
 .debug_aranges
                0x00001020      0x138 firmware\STM32F10x_StdPeriph_Driver\src\stm32f10x_adc.o
 .debug_aranges
                0x00001158       0x40 firmware\STM32F10x_StdPeriph_Driver\src\misc.o
 .debug_aranges
                0x00001198       0x38 firmware\CMSIS\CM3\DeviceSupport\ST\STM32F10x\system_stm32f10x.o
 .debug_aranges
                0x000011d0       0x28 firmware\CMSIS\CM3\DeviceSupport\ST\STM32F10x\startup\TrueSTUDIO\startup_stm32f10x_xl.o
 .debug_aranges
                0x000011f8       0xc8 firmware\CMSIS\CM3\CoreSupport\core_cm3.o
 .debug_aranges
                0x000012c0       0x28 c:/program files/atollic/truestudio stm32 lite 1.4.0/armtools/bin/../lib/gcc/arm-atollic-eabi/4.4.1/thumb/thumb2/crtn.o

.debug_ranges   0x00000000     0x11f8
 .debug_ranges  0x00000000       0x20 c:/program files/atollic/truestudio stm32 lite 1.4.0/armtools/bin/../lib/gcc/arm-atollic-eabi/4.4.1/thumb/thumb2/crti.o
 .debug_ranges  0x00000020       0x58 src\stm32f10x_it.o
 .debug_ranges  0x00000078       0x18 src\main.o
 .debug_ranges  0x00000090       0x50 firmware\STM32F10x_StdPeriph_Driver\src\stm32f10x_wwdg.o
 .debug_ranges  0x000000e0       0xf8 firmware\STM32F10x_StdPeriph_Driver\src\stm32f10x_usart.o
 .debug_ranges  0x000001d8      0x2e8 firmware\STM32F10x_StdPeriph_Driver\src\stm32f10x_tim.o
 .debug_ranges  0x000004c0       0xc8 firmware\STM32F10x_StdPeriph_Driver\src\stm32f10x_spi.o
 .debug_ranges  0x00000588      0x100 firmware\STM32F10x_StdPeriph_Driver\src\stm32f10x_sdio.o
 .debug_ranges  0x00000688       0x80 firmware\STM32F10x_StdPeriph_Driver\src\stm32f10x_rtc.o
 .debug_ranges  0x00000708      0x110 firmware\STM32F10x_StdPeriph_Driver\src\stm32f10x_rcc.o
 .debug_ranges  0x00000818       0x68 firmware\STM32F10x_StdPeriph_Driver\src\stm32f10x_pwr.o
 .debug_ranges  0x00000880       0x40 firmware\STM32F10x_StdPeriph_Driver\src\stm32f10x_iwdg.o
 .debug_ranges  0x000008c0      0x110 firmware\STM32F10x_StdPeriph_Driver\src\stm32f10x_i2c.o
 .debug_ranges  0x000009d0       0xa0 firmware\STM32F10x_StdPeriph_Driver\src\stm32f10x_gpio.o
 .debug_ranges  0x00000a70       0xa8 firmware\STM32F10x_StdPeriph_Driver\src\stm32f10x_fsmc.o
 .debug_ranges  0x00000b18      0x120 firmware\STM32F10x_StdPeriph_Driver\src\stm32f10x_flash.o
 .debug_ranges  0x00000c38       0x50 firmware\STM32F10x_StdPeriph_Driver\src\stm32f10x_exti.o
 .debug_ranges  0x00000c88       0x60 firmware\STM32F10x_StdPeriph_Driver\src\stm32f10x_dma.o
 .debug_ranges  0x00000ce8       0x28 firmware\STM32F10x_StdPeriph_Driver\src\stm32f10x_dbgmcu.o
 .debug_ranges  0x00000d10       0x70 firmware\STM32F10x_StdPeriph_Driver\src\stm32f10x_dac.o
 .debug_ranges  0x00000d80       0x40 firmware\STM32F10x_StdPeriph_Driver\src\stm32f10x_crc.o
 .debug_ranges  0x00000dc0       0x80 firmware\STM32F10x_StdPeriph_Driver\src\stm32f10x_cec.o
 .debug_ranges  0x00000e40       0xb0 firmware\STM32F10x_StdPeriph_Driver\src\stm32f10x_can.o
 .debug_ranges  0x00000ef0       0x70 firmware\STM32F10x_StdPeriph_Driver\src\stm32f10x_bkp.o
 .debug_ranges  0x00000f60      0x130 firmware\STM32F10x_StdPeriph_Driver\src\stm32f10x_adc.o
 .debug_ranges  0x00001090       0x38 firmware\STM32F10x_StdPeriph_Driver\src\misc.o
 .debug_ranges  0x000010c8       0x30 firmware\CMSIS\CM3\DeviceSupport\ST\STM32F10x\system_stm32f10x.o
 .debug_ranges  0x000010f8       0x20 firmware\CMSIS\CM3\DeviceSupport\ST\STM32F10x\startup\TrueSTUDIO\startup_stm32f10x_xl.o
 .debug_ranges  0x00001118       0xc0 firmware\CMSIS\CM3\CoreSupport\core_cm3.o
 .debug_ranges  0x000011d8       0x20 c:/program files/atollic/truestudio stm32 lite 1.4.0/armtools/bin/../lib/gcc/arm-atollic-eabi/4.4.1/thumb/thumb2/crtn.o

.comment        0x00000000     0x12b0
 .comment       0x00000000       0x5c c:/program files/atollic/truestudio stm32 lite 1.4.0/armtools/bin/../lib/gcc/arm-atollic-eabi/4.4.1/thumb/thumb2/crtbegin.o
 .comment       0x0000005c       0x5c src\stm32f10x_it.o
 .comment       0x000000b8       0x5c src\main.o
 .comment       0x00000114       0x5c firmware\STM32F10x_StdPeriph_Driver\src\stm32f10x_wwdg.o
 .comment       0x00000170       0x5c firmware\STM32F10x_StdPeriph_Driver\src\stm32f10x_usart.o
 .comment       0x000001cc       0x5c firmware\STM32F10x_StdPeriph_Driver\src\stm32f10x_tim.o
 .comment       0x00000228       0x5c firmware\STM32F10x_StdPeriph_Driver\src\stm32f10x_spi.o
 .comment       0x00000284       0x5c firmware\STM32F10x_StdPeriph_Driver\src\stm32f10x_sdio.o
 .comment       0x000002e0       0x5c firmware\STM32F10x_StdPeriph_Driver\src\stm32f10x_rtc.o
 .comment       0x0000033c       0x5c firmware\STM32F10x_StdPeriph_Driver\src\stm32f10x_rcc.o
 .comment       0x00000398       0x5c firmware\STM32F10x_StdPeriph_Driver\src\stm32f10x_pwr.o
 .comment       0x000003f4       0x5c firmware\STM32F10x_StdPeriph_Driver\src\stm32f10x_iwdg.o
 .comment       0x00000450       0x5c firmware\STM32F10x_StdPeriph_Driver\src\stm32f10x_i2c.o
 .comment       0x000004ac       0x5c firmware\STM32F10x_StdPeriph_Driver\src\stm32f10x_gpio.o
 .comment       0x00000508       0x5c firmware\STM32F10x_StdPeriph_Driver\src\stm32f10x_fsmc.o
 .comment       0x00000564       0x5c firmware\STM32F10x_StdPeriph_Driver\src\stm32f10x_flash.o
 .comment       0x000005c0       0x5c firmware\STM32F10x_StdPeriph_Driver\src\stm32f10x_exti.o
 .comment       0x0000061c       0x5c firmware\STM32F10x_StdPeriph_Driver\src\stm32f10x_dma.o
 .comment       0x00000678       0x5c firmware\STM32F10x_StdPeriph_Driver\src\stm32f10x_dbgmcu.o
 .comment       0x000006d4       0x5c firmware\STM32F10x_StdPeriph_Driver\src\stm32f10x_dac.o
 .comment       0x00000730       0x5c firmware\STM32F10x_StdPeriph_Driver\src\stm32f10x_crc.o
 .comment       0x0000078c       0x5c firmware\STM32F10x_StdPeriph_Driver\src\stm32f10x_cec.o
 .comment       0x000007e8       0x5c firmware\STM32F10x_StdPeriph_Driver\src\stm32f10x_can.o
 .comment       0x00000844       0x5c firmware\STM32F10x_StdPeriph_Driver\src\stm32f10x_bkp.o
 .comment       0x000008a0       0x5c firmware\STM32F10x_StdPeriph_Driver\src\stm32f10x_adc.o
 .comment       0x000008fc       0x5c firmware\STM32F10x_StdPeriph_Driver\src\misc.o
 .comment       0x00000958       0x5c firmware\CMSIS\CM3\DeviceSupport\ST\STM32F10x\system_stm32f10x.o
 .comment       0x000009b4       0x5c firmware\CMSIS\CM3\CoreSupport\core_cm3.o
 .comment       0x00000a10       0x5c c:/program files/atollic/truestudio stm32 lite 1.4.0/armtools/bin/../lib/gcc/arm-atollic-eabi/4.4.1/../../../../arm-atollic-eabi/lib/thumb/thumb2\libc.a(lib_a-atexit.o)
 .comment       0x00000a6c       0x5c c:/program files/atollic/truestudio stm32 lite 1.4.0/armtools/bin/../lib/gcc/arm-atollic-eabi/4.4.1/../../../../arm-atollic-eabi/lib/thumb/thumb2\libc.a(lib_a-exit.o)
 .comment       0x00000ac8       0x5c c:/program files/atollic/truestudio stm32 lite 1.4.0/armtools/bin/../lib/gcc/arm-atollic-eabi/4.4.1/../../../../arm-atollic-eabi/lib/thumb/thumb2\libc.a(lib_a-impure.o)
 .comment       0x00000b24       0x5c c:/program files/atollic/truestudio stm32 lite 1.4.0/armtools/bin/../lib/gcc/arm-atollic-eabi/4.4.1/../../../../arm-atollic-eabi/lib/thumb/thumb2\libc.a(lib_a-init.o)
 .comment       0x00000b80       0x5c c:/program files/atollic/truestudio stm32 lite 1.4.0/armtools/bin/../lib/gcc/arm-atollic-eabi/4.4.1/../../../../arm-atollic-eabi/lib/thumb/thumb2\libc.a(lib_a-memset.o)
 .comment       0x00000bdc       0x5c c:/program files/atollic/truestudio stm32 lite 1.4.0/armtools/bin/../lib/gcc/arm-atollic-eabi/4.4.1/../../../../arm-atollic-eabi/lib/thumb/thumb2\libc.a(lib_a-syscalls.o)
 .comment       0x00000c38       0x5c c:/program files/atollic/truestudio stm32 lite 1.4.0/armtools/bin/../lib/gcc/arm-atollic-eabi/4.4.1/../../../../arm-atollic-eabi/lib/thumb/thumb2\libc.a(lib_a-__atexit.o)
 .comment       0x00000c94       0x5c c:/program files/atollic/truestudio stm32 lite 1.4.0/armtools/bin/../lib/gcc/arm-atollic-eabi/4.4.1/../../../../arm-atollic-eabi/lib/thumb/thumb2\libc.a(lib_a-__call_atexit.o)
 .comment       0x00000cf0       0x5c c:/program files/atollic/truestudio stm32 lite 1.4.0/armtools/bin/../lib/gcc/arm-atollic-eabi/4.4.1/../../../../arm-atollic-eabi/lib/thumb/thumb2\libc.a(lib_a-findfp.o)
 .comment       0x00000d4c       0x5c c:/program files/atollic/truestudio stm32 lite 1.4.0/armtools/bin/../lib/gcc/arm-atollic-eabi/4.4.1/../../../../arm-atollic-eabi/lib/thumb/thumb2\libc.a(lib_a-fwalk.o)
 .comment       0x00000da8       0x5c c:/program files/atollic/truestudio stm32 lite 1.4.0/armtools/bin/../lib/gcc/arm-atollic-eabi/4.4.1/../../../../arm-atollic-eabi/lib/thumb/thumb2\libc.a(lib_a-malloc.o)
 .comment       0x00000e04       0x5c c:/program files/atollic/truestudio stm32 lite 1.4.0/armtools/bin/../lib/gcc/arm-atollic-eabi/4.4.1/../../../../arm-atollic-eabi/lib/thumb/thumb2\libc.a(lib_a-mallocr.o)
 .comment       0x00000e60       0x5c c:/program files/atollic/truestudio stm32 lite 1.4.0/armtools/bin/../lib/gcc/arm-atollic-eabi/4.4.1/../../../../arm-atollic-eabi/lib/thumb/thumb2\libc.a(lib_a-mlock.o)
 .comment       0x00000ebc       0x5c c:/program files/atollic/truestudio stm32 lite 1.4.0/armtools/bin/../lib/gcc/arm-atollic-eabi/4.4.1/../../../../arm-atollic-eabi/lib/thumb/thumb2\libc.a(lib_a-reent.o)
 .comment       0x00000f18       0x5c c:/program files/atollic/truestudio stm32 lite 1.4.0/armtools/bin/../lib/gcc/arm-atollic-eabi/4.4.1/../../../../arm-atollic-eabi/lib/thumb/thumb2\libc.a(lib_a-sbrkr.o)
 .comment       0x00000f74       0x5c c:/program files/atollic/truestudio stm32 lite 1.4.0/armtools/bin/../lib/gcc/arm-atollic-eabi/4.4.1/../../../../arm-atollic-eabi/lib/thumb/thumb2\libc.a(lib_a-stdio.o)
 .comment       0x00000fd0       0x5c c:/program files/atollic/truestudio stm32 lite 1.4.0/armtools/bin/../lib/gcc/arm-atollic-eabi/4.4.1/../../../../arm-atollic-eabi/lib/thumb/thumb2\libc.a(lib_a-writer.o)
 .comment       0x0000102c       0x5c c:/program files/atollic/truestudio stm32 lite 1.4.0/armtools/bin/../lib/gcc/arm-atollic-eabi/4.4.1/../../../../arm-atollic-eabi/lib/thumb/thumb2\libc.a(lib_a-closer.o)
 .comment       0x00001088       0x5c c:/program files/atollic/truestudio stm32 lite 1.4.0/armtools/bin/../lib/gcc/arm-atollic-eabi/4.4.1/../../../../arm-atollic-eabi/lib/thumb/thumb2\libc.a(lib_a-fclose.o)
 .comment       0x000010e4       0x5c c:/program files/atollic/truestudio stm32 lite 1.4.0/armtools/bin/../lib/gcc/arm-atollic-eabi/4.4.1/../../../../arm-atollic-eabi/lib/thumb/thumb2\libc.a(lib_a-fflush.o)
 .comment       0x00001140       0x5c c:/program files/atollic/truestudio stm32 lite 1.4.0/armtools/bin/../lib/gcc/arm-atollic-eabi/4.4.1/../../../../arm-atollic-eabi/lib/thumb/thumb2\libc.a(lib_a-freer.o)
 .comment       0x0000119c       0x5c c:/program files/atollic/truestudio stm32 lite 1.4.0/armtools/bin/../lib/gcc/arm-atollic-eabi/4.4.1/../../../../arm-atollic-eabi/lib/thumb/thumb2\libc.a(lib_a-lseekr.o)
 .comment       0x000011f8       0x5c c:/program files/atollic/truestudio stm32 lite 1.4.0/armtools/bin/../lib/gcc/arm-atollic-eabi/4.4.1/../../../../arm-atollic-eabi/lib/thumb/thumb2\libc.a(lib_a-readr.o)
 .comment       0x00001254       0x5c c:/program files/atollic/truestudio stm32 lite 1.4.0/armtools/bin/../lib/gcc/arm-atollic-eabi/4.4.1/thumb/thumb2/crtend.o

.debug_loc      0x00000000     0x69af
 .debug_loc     0x00000000      0x183 src\stm32f10x_it.o
 .debug_loc     0x00000183       0x37 src\main.o
 .debug_loc     0x000001ba      0x188 firmware\STM32F10x_StdPeriph_Driver\src\stm32f10x_wwdg.o
 .debug_loc     0x00000342      0x63b firmware\STM32F10x_StdPeriph_Driver\src\stm32f10x_usart.o
 .debug_loc     0x0000097d     0x138d firmware\STM32F10x_StdPeriph_Driver\src\stm32f10x_tim.o
 .debug_loc     0x00001d0a      0x4f1 firmware\STM32F10x_StdPeriph_Driver\src\stm32f10x_spi.o
 .debug_loc     0x000021fb      0x62a firmware\STM32F10x_StdPeriph_Driver\src\stm32f10x_sdio.o
 .debug_loc     0x00002825      0x2d2 firmware\STM32F10x_StdPeriph_Driver\src\stm32f10x_rtc.o
 .debug_loc     0x00002af7      0x6bc firmware\STM32F10x_StdPeriph_Driver\src\stm32f10x_rcc.o
 .debug_loc     0x000031b3      0x22d firmware\STM32F10x_StdPeriph_Driver\src\stm32f10x_pwr.o
 .debug_loc     0x000033e0      0x132 firmware\STM32F10x_StdPeriph_Driver\src\stm32f10x_iwdg.o
 .debug_loc     0x00003512      0x6e0 firmware\STM32F10x_StdPeriph_Driver\src\stm32f10x_i2c.o
 .debug_loc     0x00003bf2      0x3d2 firmware\STM32F10x_StdPeriph_Driver\src\stm32f10x_gpio.o
 .debug_loc     0x00003fc4      0x409 firmware\STM32F10x_StdPeriph_Driver\src\stm32f10x_fsmc.o
 .debug_loc     0x000043cd      0x6ee firmware\STM32F10x_StdPeriph_Driver\src\stm32f10x_flash.o
 .debug_loc     0x00004abb      0x1ac firmware\STM32F10x_StdPeriph_Driver\src\stm32f10x_exti.o
 .debug_loc     0x00004c67      0x226 firmware\STM32F10x_StdPeriph_Driver\src\stm32f10x_dma.o
 .debug_loc     0x00004e8d       0x8d firmware\STM32F10x_StdPeriph_Driver\src\stm32f10x_dbgmcu.o
 .debug_loc     0x00004f1a      0x288 firmware\STM32F10x_StdPeriph_Driver\src\stm32f10x_dac.o
 .debug_loc     0x000051a2      0x126 firmware\STM32F10x_StdPeriph_Driver\src\stm32f10x_crc.o
 .debug_loc     0x000052c8      0x2de firmware\STM32F10x_StdPeriph_Driver\src\stm32f10x_cec.o
 .debug_loc     0x000055a6      0x44c firmware\STM32F10x_StdPeriph_Driver\src\stm32f10x_can.o
 .debug_loc     0x000059f2      0x258 firmware\STM32F10x_StdPeriph_Driver\src\stm32f10x_bkp.o
 .debug_loc     0x00005c4a      0x7b0 firmware\STM32F10x_StdPeriph_Driver\src\stm32f10x_adc.o
 .debug_loc     0x000063fa      0x113 firmware\STM32F10x_StdPeriph_Driver\src\misc.o
 .debug_loc     0x0000650d       0xc4 firmware\CMSIS\CM3\DeviceSupport\ST\STM32F10x\system_stm32f10x.o
 .debug_loc     0x000065d1      0x3de firmware\CMSIS\CM3\CoreSupport\core_cm3.o

.debug_pubnames
                0x00000000     0x2cc8
 .debug_pubnames
                0x00000000       0xc6 src\stm32f10x_it.o
 .debug_pubnames
                0x000000c6       0x1b src\main.o
 .debug_pubnames
                0x000000e1       0xb0 firmware\STM32F10x_StdPeriph_Driver\src\stm32f10x_wwdg.o
 .debug_pubnames
                0x00000191      0x294 firmware\STM32F10x_StdPeriph_Driver\src\stm32f10x_usart.o
 .debug_pubnames
                0x00000425      0x7b0 firmware\STM32F10x_StdPeriph_Driver\src\stm32f10x_tim.o
 .debug_pubnames
                0x00000bd5      0x1f6 firmware\STM32F10x_StdPeriph_Driver\src\stm32f10x_spi.o
 .debug_pubnames
                0x00000dcb      0x2ac firmware\STM32F10x_StdPeriph_Driver\src\stm32f10x_sdio.o
 .debug_pubnames
                0x00001077      0x136 firmware\STM32F10x_StdPeriph_Driver\src\stm32f10x_rtc.o
 .debug_pubnames
                0x000011ad      0x2c4 firmware\STM32F10x_StdPeriph_Driver\src\stm32f10x_rcc.o
 .debug_pubnames
                0x00001471       0xcb firmware\STM32F10x_StdPeriph_Driver\src\stm32f10x_pwr.o
 .debug_pubnames
                0x0000153c       0x91 firmware\STM32F10x_StdPeriph_Driver\src\stm32f10x_iwdg.o
 .debug_pubnames
                0x000015cd      0x2b0 firmware\STM32F10x_StdPeriph_Driver\src\stm32f10x_i2c.o
 .debug_pubnames
                0x0000187d      0x19d firmware\STM32F10x_StdPeriph_Driver\src\stm32f10x_gpio.o
 .debug_pubnames
                0x00001a1a      0x1a3 firmware\STM32F10x_StdPeriph_Driver\src\stm32f10x_fsmc.o
 .debug_pubnames
                0x00001bbd      0x38b firmware\STM32F10x_StdPeriph_Driver\src\stm32f10x_flash.o
 .debug_pubnames
                0x00001f48       0xbb firmware\STM32F10x_StdPeriph_Driver\src\stm32f10x_exti.o
 .debug_pubnames
                0x00002003       0xcf firmware\STM32F10x_StdPeriph_Driver\src\stm32f10x_dma.o
 .debug_pubnames
                0x000020d2       0x4c firmware\STM32F10x_StdPeriph_Driver\src\stm32f10x_dbgmcu.o
 .debug_pubnames
                0x0000211e      0x116 firmware\STM32F10x_StdPeriph_Driver\src\stm32f10x_dac.o
 .debug_pubnames
                0x00002234       0x82 firmware\STM32F10x_StdPeriph_Driver\src\stm32f10x_crc.o
 .debug_pubnames
                0x000022b6      0x12b firmware\STM32F10x_StdPeriph_Driver\src\stm32f10x_cec.o
 .debug_pubnames
                0x000023e1      0x17b firmware\STM32F10x_StdPeriph_Driver\src\stm32f10x_can.o
 .debug_pubnames
                0x0000255c      0x128 firmware\STM32F10x_StdPeriph_Driver\src\stm32f10x_bkp.o
 .debug_pubnames
                0x00002684      0x401 firmware\STM32F10x_StdPeriph_Driver\src\stm32f10x_adc.o
 .debug_pubnames
                0x00002a85       0x89 firmware\STM32F10x_StdPeriph_Driver\src\misc.o
 .debug_pubnames
                0x00002b0e       0x61 firmware\CMSIS\CM3\DeviceSupport\ST\STM32F10x\system_stm32f10x.o
 .debug_pubnames
                0x00002b6f      0x159 firmware\CMSIS\CM3\CoreSupport\core_cm3.o

.debug_str      0x00000000     0x4be5
 .debug_str     0x00000000      0x170 src\stm32f10x_it.o
                                0x1a4 (size before relaxing)
 .debug_str     0x00000170       0x25 src\main.o
                                0x137 (size before relaxing)
 .debug_str     0x00000195       0xf0 firmware\STM32F10x_StdPeriph_Driver\src\stm32f10x_wwdg.o
                                0x213 (size before relaxing)
 .debug_str     0x00000285      0x4f4 firmware\STM32F10x_StdPeriph_Driver\src\stm32f10x_usart.o
                                0x648 (size before relaxing)
 .debug_str     0x00000779      0xb8e firmware\STM32F10x_StdPeriph_Driver\src\stm32f10x_tim.o
                                0xd95 (size before relaxing)
 .debug_str     0x00001307      0x37b firmware\STM32F10x_StdPeriph_Driver\src\stm32f10x_spi.o
                                0x5b5 (size before relaxing)
 .debug_str     0x00001682      0x466 firmware\STM32F10x_StdPeriph_Driver\src\stm32f10x_sdio.o
                                0x5e6 (size before relaxing)
 .debug_str     0x00001ae8      0x186 firmware\STM32F10x_StdPeriph_Driver\src\stm32f10x_rtc.o
                                0x346 (size before relaxing)
 .debug_str     0x00001c6e      0x3cd firmware\STM32F10x_StdPeriph_Driver\src\stm32f10x_rcc.o
                                0x5bd (size before relaxing)
 .debug_str     0x0000203b      0x10e firmware\STM32F10x_StdPeriph_Driver\src\stm32f10x_pwr.o
                                0x267 (size before relaxing)
 .debug_str     0x00002149       0xcd firmware\STM32F10x_StdPeriph_Driver\src\stm32f10x_iwdg.o
                                0x207 (size before relaxing)
 .debug_str     0x00002216      0x393 firmware\STM32F10x_StdPeriph_Driver\src\stm32f10x_i2c.o
                                0x5f6 (size before relaxing)
 .debug_str     0x000025a9      0x364 firmware\STM32F10x_StdPeriph_Driver\src\stm32f10x_gpio.o
                                0x4c4 (size before relaxing)
 .debug_str     0x0000290d      0x54e firmware\STM32F10x_StdPeriph_Driver\src\stm32f10x_fsmc.o
                                0x6bd (size before relaxing)
 .debug_str     0x00002e5b      0x49e firmware\STM32F10x_StdPeriph_Driver\src\stm32f10x_flash.o
                                0x62d (size before relaxing)
 .debug_str     0x000032f9      0x1b2 firmware\STM32F10x_StdPeriph_Driver\src\stm32f10x_exti.o
                                0x309 (size before relaxing)
 .debug_str     0x000034ab      0x1df firmware\STM32F10x_StdPeriph_Driver\src\stm32f10x_dma.o
                                0x342 (size before relaxing)
 .debug_str     0x0000368a       0x81 firmware\STM32F10x_StdPeriph_Driver\src\stm32f10x_dbgmcu.o
                                0x1b0 (size before relaxing)
 .debug_str     0x0000370b      0x210 firmware\STM32F10x_StdPeriph_Driver\src\stm32f10x_dac.o
                                0x353 (size before relaxing)
 .debug_str     0x0000391b       0xb6 firmware\STM32F10x_StdPeriph_Driver\src\stm32f10x_crc.o
                                0x1e7 (size before relaxing)
 .debug_str     0x000039d1      0x1a0 firmware\STM32F10x_StdPeriph_Driver\src\stm32f10x_cec.o
                                0x322 (size before relaxing)
 .debug_str     0x00003b71      0x477 firmware\STM32F10x_StdPeriph_Driver\src\stm32f10x_can.o
                                0x629 (size before relaxing)
 .debug_str     0x00003fe8      0x318 firmware\STM32F10x_StdPeriph_Driver\src\stm32f10x_bkp.o
                                0x561 (size before relaxing)
 .debug_str     0x00004300      0x50f firmware\STM32F10x_StdPeriph_Driver\src\stm32f10x_adc.o
                                0x6b3 (size before relaxing)
 .debug_str     0x0000480f      0x1e6 firmware\STM32F10x_StdPeriph_Driver\src\misc.o
                                0x35b (size before relaxing)
 .debug_str     0x000049f5       0x91 firmware\CMSIS\CM3\DeviceSupport\ST\STM32F10x\system_stm32f10x.o
                                0x247 (size before relaxing)
 .debug_str     0x00004a86      0x15f firmware\CMSIS\CM3\CoreSupport\core_cm3.o
                                0x281 (size before relaxing)

Cross Reference Table

Symbol                                            File
ADC1_2_IRQHandler                                 firmware\CMSIS\CM3\DeviceSupport\ST\STM32F10x\startup\TrueSTUDIO\startup_stm32f10x_xl.o
ADC3_IRQHandler                                   firmware\CMSIS\CM3\DeviceSupport\ST\STM32F10x\startup\TrueSTUDIO\startup_stm32f10x_xl.o
ADC_AnalogWatchdogCmd                             firmware\STM32F10x_StdPeriph_Driver\src\stm32f10x_adc.o
ADC_AnalogWatchdogSingleChannelConfig             firmware\STM32F10x_StdPeriph_Driver\src\stm32f10x_adc.o
ADC_AnalogWatchdogThresholdsConfig                firmware\STM32F10x_StdPeriph_Driver\src\stm32f10x_adc.o
ADC_AutoInjectedConvCmd                           firmware\STM32F10x_StdPeriph_Driver\src\stm32f10x_adc.o
ADC_ClearFlag                                     firmware\STM32F10x_StdPeriph_Driver\src\stm32f10x_adc.o
ADC_ClearITPendingBit                             firmware\STM32F10x_StdPeriph_Driver\src\stm32f10x_adc.o
ADC_Cmd                                           firmware\STM32F10x_StdPeriph_Driver\src\stm32f10x_adc.o
ADC_DMACmd                                        firmware\STM32F10x_StdPeriph_Driver\src\stm32f10x_adc.o
ADC_DeInit                                        firmware\STM32F10x_StdPeriph_Driver\src\stm32f10x_adc.o
ADC_DiscModeChannelCountConfig                    firmware\STM32F10x_StdPeriph_Driver\src\stm32f10x_adc.o
ADC_DiscModeCmd                                   firmware\STM32F10x_StdPeriph_Driver\src\stm32f10x_adc.o
ADC_ExternalTrigConvCmd                           firmware\STM32F10x_StdPeriph_Driver\src\stm32f10x_adc.o
ADC_ExternalTrigInjectedConvCmd                   firmware\STM32F10x_StdPeriph_Driver\src\stm32f10x_adc.o
ADC_ExternalTrigInjectedConvConfig                firmware\STM32F10x_StdPeriph_Driver\src\stm32f10x_adc.o
ADC_GetCalibrationStatus                          firmware\STM32F10x_StdPeriph_Driver\src\stm32f10x_adc.o
ADC_GetConversionValue                            firmware\STM32F10x_StdPeriph_Driver\src\stm32f10x_adc.o
ADC_GetDualModeConversionValue                    firmware\STM32F10x_StdPeriph_Driver\src\stm32f10x_adc.o
ADC_GetFlagStatus                                 firmware\STM32F10x_StdPeriph_Driver\src\stm32f10x_adc.o
ADC_GetITStatus                                   firmware\STM32F10x_StdPeriph_Driver\src\stm32f10x_adc.o
ADC_GetInjectedConversionValue                    firmware\STM32F10x_StdPeriph_Driver\src\stm32f10x_adc.o
ADC_GetResetCalibrationStatus                     firmware\STM32F10x_StdPeriph_Driver\src\stm32f10x_adc.o
ADC_GetSoftwareStartConvStatus                    firmware\STM32F10x_StdPeriph_Driver\src\stm32f10x_adc.o
ADC_GetSoftwareStartInjectedConvCmdStatus         firmware\STM32F10x_StdPeriph_Driver\src\stm32f10x_adc.o
ADC_ITConfig                                      firmware\STM32F10x_StdPeriph_Driver\src\stm32f10x_adc.o
ADC_Init                                          firmware\STM32F10x_StdPeriph_Driver\src\stm32f10x_adc.o
ADC_InjectedChannelConfig                         firmware\STM32F10x_StdPeriph_Driver\src\stm32f10x_adc.o
ADC_InjectedDiscModeCmd                           firmware\STM32F10x_StdPeriph_Driver\src\stm32f10x_adc.o
ADC_InjectedSequencerLengthConfig                 firmware\STM32F10x_StdPeriph_Driver\src\stm32f10x_adc.o
ADC_RegularChannelConfig                          firmware\STM32F10x_StdPeriph_Driver\src\stm32f10x_adc.o
ADC_ResetCalibration                              firmware\STM32F10x_StdPeriph_Driver\src\stm32f10x_adc.o
ADC_SetInjectedOffset                             firmware\STM32F10x_StdPeriph_Driver\src\stm32f10x_adc.o
ADC_SoftwareStartConvCmd                          firmware\STM32F10x_StdPeriph_Driver\src\stm32f10x_adc.o
ADC_SoftwareStartInjectedConvCmd                  firmware\STM32F10x_StdPeriph_Driver\src\stm32f10x_adc.o
ADC_StartCalibration                              firmware\STM32F10x_StdPeriph_Driver\src\stm32f10x_adc.o
ADC_StructInit                                    firmware\STM32F10x_StdPeriph_Driver\src\stm32f10x_adc.o
ADC_TempSensorVrefintCmd                          firmware\STM32F10x_StdPeriph_Driver\src\stm32f10x_adc.o
AHBPrescTable                                     firmware\CMSIS\CM3\DeviceSupport\ST\STM32F10x\system_stm32f10x.o
BKP_ClearFlag                                     firmware\STM32F10x_StdPeriph_Driver\src\stm32f10x_bkp.o
BKP_ClearITPendingBit                             firmware\STM32F10x_StdPeriph_Driver\src\stm32f10x_bkp.o
BKP_DeInit                                        firmware\STM32F10x_StdPeriph_Driver\src\stm32f10x_bkp.o
BKP_GetFlagStatus                                 firmware\STM32F10x_StdPeriph_Driver\src\stm32f10x_bkp.o
BKP_GetITStatus                                   firmware\STM32F10x_StdPeriph_Driver\src\stm32f10x_bkp.o
BKP_ITConfig                                      firmware\STM32F10x_StdPeriph_Driver\src\stm32f10x_bkp.o
BKP_RTCOutputConfig                               firmware\STM32F10x_StdPeriph_Driver\src\stm32f10x_bkp.o
BKP_ReadBackupRegister                            firmware\STM32F10x_StdPeriph_Driver\src\stm32f10x_bkp.o
BKP_SetRTCCalibrationValue                        firmware\STM32F10x_StdPeriph_Driver\src\stm32f10x_bkp.o
BKP_TamperPinCmd                                  firmware\STM32F10x_StdPeriph_Driver\src\stm32f10x_bkp.o
BKP_TamperPinLevelConfig                          firmware\STM32F10x_StdPeriph_Driver\src\stm32f10x_bkp.o
BKP_WriteBackupRegister                           firmware\STM32F10x_StdPeriph_Driver\src\stm32f10x_bkp.o