###############################################################################
#
# IAR ELF Linker V7.10.1.6676/W32 for ARM                 10/Mar/2020  16:16:51
# Copyright 2007-2014 IAR Systems AB.
#
#    Output file  =  
#        E:\ST_SPI_FW\SPI_MasterV1.0.4\software\Trunk\iar\Debug\Exe\DMU380.out
#    Map file     =  
#        E:\ST_SPI_FW\SPI_MasterV1.0.4\software\Trunk\iar\Debug\List\DMU380.map
#    Command line =  
#        E:\ST_SPI_FW\SPI_MasterV1.0.4\software\Trunk\iar\Debug\Obj\bsp.o
#        E:\ST_SPI_FW\SPI_MasterV1.0.4\software\Trunk\iar\Debug\Obj\circbuf.o
#        E:\ST_SPI_FW\SPI_MasterV1.0.4\software\Trunk\iar\Debug\Obj\commandLine.o
#        E:\ST_SPI_FW\SPI_MasterV1.0.4\software\Trunk\iar\Debug\Obj\commands.o
#        E:\ST_SPI_FW\SPI_MasterV1.0.4\software\Trunk\iar\Debug\Obj\commandTable.o
#        E:\ST_SPI_FW\SPI_MasterV1.0.4\software\Trunk\iar\Debug\Obj\ConfigureGPIOPins.o
#        E:\ST_SPI_FW\SPI_MasterV1.0.4\software\Trunk\iar\Debug\Obj\debug.o
#        E:\ST_SPI_FW\SPI_MasterV1.0.4\software\Trunk\iar\Debug\Obj\debug_usart.o
#        E:\ST_SPI_FW\SPI_MasterV1.0.4\software\Trunk\iar\Debug\Obj\iar_stm32f207zg_sk.o
#        E:\ST_SPI_FW\SPI_MasterV1.0.4\software\Trunk\iar\Debug\Obj\main.o
#        E:\ST_SPI_FW\SPI_MasterV1.0.4\software\Trunk\iar\Debug\Obj\misc.o
#        E:\ST_SPI_FW\SPI_MasterV1.0.4\software\RtosSalvo\Iar\Debug\Exe\salvo.a
#        E:\ST_SPI_FW\SPI_MasterV1.0.4\software\Trunk\iar\Debug\Obj\salvohook_idle.o
#        E:\ST_SPI_FW\SPI_MasterV1.0.4\software\Trunk\iar\Debug\Obj\salvohook_interrupt.o
#        E:\ST_SPI_FW\SPI_MasterV1.0.4\software\Trunk\iar\Debug\Obj\salvohook_wdt.o
#        E:\ST_SPI_FW\SPI_MasterV1.0.4\software\Trunk\iar\Debug\Obj\spi.o
#        E:\ST_SPI_FW\SPI_MasterV1.0.4\software\Trunk\iar\Debug\Obj\startup_stm32f2xx.o
#        E:\ST_SPI_FW\SPI_MasterV1.0.4\software\Trunk\iar\Debug\Obj\stm32f2xx_adc.o
#        E:\ST_SPI_FW\SPI_MasterV1.0.4\software\Trunk\iar\Debug\Obj\stm32f2xx_can.o
#        E:\ST_SPI_FW\SPI_MasterV1.0.4\software\Trunk\iar\Debug\Obj\stm32f2xx_crc.o
#        E:\ST_SPI_FW\SPI_MasterV1.0.4\software\Trunk\iar\Debug\Obj\stm32f2xx_cryp.o
#        E:\ST_SPI_FW\SPI_MasterV1.0.4\software\Trunk\iar\Debug\Obj\stm32f2xx_cryp_aes.o
#        E:\ST_SPI_FW\SPI_MasterV1.0.4\software\Trunk\iar\Debug\Obj\stm32f2xx_cryp_des.o
#        E:\ST_SPI_FW\SPI_MasterV1.0.4\software\Trunk\iar\Debug\Obj\stm32f2xx_cryp_tdes.o
#        E:\ST_SPI_FW\SPI_MasterV1.0.4\software\Trunk\iar\Debug\Obj\stm32f2xx_dac.o
#        E:\ST_SPI_FW\SPI_MasterV1.0.4\software\Trunk\iar\Debug\Obj\stm32f2xx_dbgmcu.o
#        E:\ST_SPI_FW\SPI_MasterV1.0.4\software\Trunk\iar\Debug\Obj\stm32f2xx_dcmi.o
#        E:\ST_SPI_FW\SPI_MasterV1.0.4\software\Trunk\iar\Debug\Obj\stm32f2xx_dma.o
#        E:\ST_SPI_FW\SPI_MasterV1.0.4\software\Trunk\iar\Debug\Obj\stm32f2xx_exti.o
#        E:\ST_SPI_FW\SPI_MasterV1.0.4\software\Trunk\iar\Debug\Obj\stm32f2xx_flash.o
#        E:\ST_SPI_FW\SPI_MasterV1.0.4\software\Trunk\iar\Debug\Obj\stm32f2xx_fsmc.o
#        E:\ST_SPI_FW\SPI_MasterV1.0.4\software\Trunk\iar\Debug\Obj\stm32f2xx_gpio.o
#        E:\ST_SPI_FW\SPI_MasterV1.0.4\software\Trunk\iar\Debug\Obj\stm32f2xx_hash.o
#        E:\ST_SPI_FW\SPI_MasterV1.0.4\software\Trunk\iar\Debug\Obj\stm32f2xx_hash_md5.o
#        E:\ST_SPI_FW\SPI_MasterV1.0.4\software\Trunk\iar\Debug\Obj\stm32f2xx_hash_sha1.o
#        E:\ST_SPI_FW\SPI_MasterV1.0.4\software\Trunk\iar\Debug\Obj\stm32f2xx_i2c.o
#        E:\ST_SPI_FW\SPI_MasterV1.0.4\software\Trunk\iar\Debug\Obj\stm32f2xx_it.o
#        E:\ST_SPI_FW\SPI_MasterV1.0.4\software\Trunk\iar\Debug\Obj\stm32f2xx_iwdg.o
#        E:\ST_SPI_FW\SPI_MasterV1.0.4\software\Trunk\iar\Debug\Obj\stm32f2xx_pwr.o
#        E:\ST_SPI_FW\SPI_MasterV1.0.4\software\Trunk\iar\Debug\Obj\stm32f2xx_rcc.o
#        E:\ST_SPI_FW\SPI_MasterV1.0.4\software\Trunk\iar\Debug\Obj\stm32f2xx_rng.o
#        E:\ST_SPI_FW\SPI_MasterV1.0.4\software\Trunk\iar\Debug\Obj\stm32f2xx_rtc.o
#        E:\ST_SPI_FW\SPI_MasterV1.0.4\software\Trunk\iar\Debug\Obj\stm32f2xx_sdio.o
#        E:\ST_SPI_FW\SPI_MasterV1.0.4\software\Trunk\iar\Debug\Obj\stm32f2xx_spi.o
#        E:\ST_SPI_FW\SPI_MasterV1.0.4\software\Trunk\iar\Debug\Obj\stm32f2xx_syscfg.o
#        E:\ST_SPI_FW\SPI_MasterV1.0.4\software\Trunk\iar\Debug\Obj\stm32f2xx_tim.o
#        E:\ST_SPI_FW\SPI_MasterV1.0.4\software\Trunk\iar\Debug\Obj\stm32f2xx_usart.o
#        E:\ST_SPI_FW\SPI_MasterV1.0.4\software\Trunk\iar\Debug\Obj\stm32f2xx_wwdg.o
#        E:\ST_SPI_FW\SPI_MasterV1.0.4\software\Trunk\iar\Debug\Obj\SyncTimer.o
#        E:\ST_SPI_FW\SPI_MasterV1.0.4\software\Trunk\iar\Debug\Obj\system_stm32f2xx.o
#        E:\ST_SPI_FW\SPI_MasterV1.0.4\software\Trunk\iar\Debug\Obj\timer.o
#        E:\ST_SPI_FW\SPI_MasterV1.0.4\software\Trunk\iar\Debug\Obj\UserCommunication_SPI.o
#        E:\ST_SPI_FW\SPI_MasterV1.0.4\software\Trunk\iar\Debug\Obj\utilities.o
#        -o
#        E:\ST_SPI_FW\SPI_MasterV1.0.4\software\Trunk\iar\Debug\Exe\DMU380.out
#        --map
#        E:\ST_SPI_FW\SPI_MasterV1.0.4\software\Trunk\iar\Debug\List\DMU380.map
#        --log initialization,modules,redirects,sections,unused_fragments
#        --log_file
#        E:\ST_SPI_FW\SPI_MasterV1.0.4\software\Trunk\iar\Debug\List\DMU380.log
#        --config
#        E:\ST_SPI_FW\SPI_MasterV1.0.4\software\Trunk\iar\..\src\board\stm32f2xx_flash.icf
#        --semihosting --entry __iar_program_start --redirect
#        __iar_sh_stdout=__iar_sh_stdout_swo --no_exceptions "D:\Program Files
#        (x86)\IAR Systems\Embedded Workbench
#        7.0\arm\CMSIS\Lib\IAR\iar_cortexM3l_math.a" --vfe
#
###############################################################################

*******************************************************************************
*** RUNTIME MODEL ATTRIBUTES
***

CppFlavor                     = *
__SystemLibrary               = DLib
__dlib_dynamic_initialization = normal


*******************************************************************************
*** PLACEMENT SUMMARY
***

"A1":  place at 0x08000000 { ro section .intvec };
"P2":  place in [from 0x08000000 to 0x080dffff] { ro };
"P3":  place in [from 0x20000000 to 0x20020000] { rw, block CSTACK, block HEAP };

  Section             Kind        Address    Size  Object
  -------             ----        -------    ----  ------
"A1":                                       0x184
  .intvec             ro code  0x08000000   0x184  startup_stm32f2xx.o [1]
                             - 0x08000184   0x184

"P2":                                      0xd2cf
  .text               ro code  0x08000184  0x5030  commands.o [1]
  .text               ro code  0x080051b4   0x190  debug.o [1]
  .text               ro code  0x08005344   0x368  stm32f2xx_rcc.o [1]
  .text               ro code  0x080056ac   0x132  stm32f2xx_gpio.o [1]
  .text               ro code  0x080057de    0x22  zero_init3.o [5]
  .text               ro code  0x08005800    0x54  stm32f2xx_syscfg.o [1]
  .text               ro code  0x08005854    0xdc  stm32f2xx_exti.o [1]
  .text               ro code  0x08005930    0x7c  misc.o [1]
  .text               ro code  0x080059ac    0x2c  salvohook_interrupt.o [1]
  .text               ro code  0x080059d8   0x208  commandLine.o [1]
  .text               ro code  0x08005be0   0x424  spi.o [1]
  .text               ro code  0x08006004    0xc8  timer.o [1]
  .text               ro code  0x080060cc     0x6  ABImemclr4.o [5]
  .rodata             const    0x080060d2     0x2  commandTable.o [1]
  .text               ro code  0x080060d4    0x32  I32ToFlt.o [4]
  .rodata             const    0x08006106     0x2  commandTable.o [1]
  .text               ro code  0x08006108    0x4e  FltToDbl.o [4]
  .rodata             const    0x08006156     0x2  commandTable.o [1]
  .text               ro code  0x08006158   0x1a2  DblMul.o [4]
  .rodata             const    0x080062fa     0x1  commandTable.o [1]
  .text               ro code  0x080062fc    0x90  DblToFlt.o [4]
  .text               ro code  0x0800638c    0x24  FltCmpGe.o [4]
  .text               ro code  0x080063b0    0x44  FltToS32.o [4]
  .text               ro code  0x080063f4     0x8  abs.o [3]
  .text               ro code  0x080063fc    0xe8  DblAdd.o [4]
  .text               ro code  0x080064e4    0x78  utilities.o [1]
  .text               ro code  0x0800655c   0x246  DblDiv.o [4]
  .text               ro code  0x080067a4    0x4c  DblToI32.o [4]
  .text               ro code  0x080067f0    0x42  strcmp_unaligned.o [5]
  .text               ro code  0x08006834   0x11a  bsp.o [1]
  .text               ro code  0x08006950    0x84  UserCommunication_SPI.o [1]
  .text               ro code  0x080069d4    0x2c  I32ToDbl.o [4]
  .text               ro code  0x08006a00    0x2e  DblCmpGe.o [4]
  .text               ro code  0x08006a30    0x2e  DblCmpLe.o [4]
  .rodata             const    0x08006a60    0x7c  commandTable.o [1]
  .text               ro code  0x08006ae0   0x860  pow.o [4]
  .text               ro code  0x08007340    0x24  FltCmpLe.o [4]
  .text               ro code  0x08007364    0xcc  ConfigureGPIOPins.o [1]
  .text               ro code  0x08007430   0x1e0  debug_usart.o [1]
  .text               ro code  0x08007610    0xe6  FltSub.o [4]
  .text               ro code  0x080076f8    0xd8  FltMul.o [4]
  .text               ro code  0x080077d0     0x8  atoi.o [3]
  .text               ro code  0x080077d8     0x8  atof.o [4]
  .text               ro code  0x080077e0    0xfe  stm32f2xx_spi.o [1]
  .text               ro code  0x080078e0    0x2c  salvotimer.o [6]
  .text               ro code  0x0800790c    0x32  ABImemset48.o [5]
  .text               ro code  0x08007940   0x180  DblSub.o [4]
  .text               ro code  0x08007ac0    0x50  iar_stm32f207zg_sk.o [1]
  .text               ro code  0x08007b10    0x8c  stm32f2xx_flash.o [1]
  .text               ro code  0x08007b9c   0x1e0  system_stm32f2xx.o [1]
  .text               ro code  0x08007d7c    0x42  xdnorm.o [4]
  .text               ro code  0x08007dbe    0x7e  xdint.o [4]
  .text               ro code  0x08007e3c    0x20  DblCmpEq.o [4]
  .text               ro code  0x08007e5c     0xc  errno.o [3]
  .text               ro code  0x08007e68    0xac  xlog.o [4]
  .text               ro code  0x08007f14   0x2a4  xexp.o [4]
  .text               ro code  0x080081b8    0x9a  circbuf.o [1]
  .text               ro code  0x08008254   0x19c  stm32f2xx_usart.o [1]
  .text               ro code  0x080083f0    0xd0  salvobinsem.o [6]
  .text               ro code  0x080084c0    0x74  FltAdd.o [4]
  .text               ro code  0x08008534   0x198  xstoul.o [3]
  .text               ro code  0x080086cc   0x14c  xstod.o [4]
  .text               ro code  0x08008818     0x2  xtls.o [3]
  .text               ro code  0x0800881a    0x32  xdtest.o [4]
  .text               ro code  0x0800884c   0x10c  xdscale.o [4]
  .text               ro code  0x08008958   0x12c  salvoevent.o [6]
  .text               ro code  0x08008a84    0x28  isxxx.o [3]
  .text               ro code  0x08008aac    0x14  tolower.o [3]
  .text               ro code  0x08008ac0    0x58  memchr.o [5]
  .text               ro code  0x08008b18   0x134  xstopfx.o [3]
  .text               ro code  0x08008c4c   0x1b8  xstoflt.o [3]
  .rodata             const    0x08008e04    0x64  commandTable.o [1]
  .text               ro code  0x08008e68   0x200  xdtento.o [4]
  .text               ro code  0x08009068   0x218  xstoxflt.o [3]
  .text               ro code  0x08009280    0xa0  salvoqdel.o [6]
  .text               ro code  0x08009320    0xac  salvoqins.o [6]
  .text               ro code  0x080093cc    0x18  setlocale.o [3]
  .text               ro code  0x080093e4    0x16  xlocale_c.o [3]
  .text               ro code  0x080093fa    0x14  xlocale_c.o [3]
  .text               ro code  0x0800940e     0xc  xlocale_c.o [3]
  .text               ro code  0x0800941c    0x6c  localeconv.o [3]
  .text               ro code  0x08009488    0x56  xdunscal.o [4]
  .rodata             const    0x080094e0   0x4c0  commandTable.o [1]
  .text               ro code  0x080099a0   0x218  salvosched.o [6]
  .text               ro code  0x08009bb8     0x2  salvohook_wdt.o [1]
  CODE                ro code  0x08009bbc    0x6c  salvoportiararm.o [6]
  .text               ro code  0x08009c28     0x2  salvohook_idle.o [1]
  .rodata             const    0x08009c2c   0x17c  commandTable.o [1]
  .rodata             const    0x08009da8   0x178  commandTable.o [1]
  .rodata             const    0x08009f20   0x174  commandTable.o [1]
  .rodata             const    0x0800a094   0x174  commandTable.o [1]
  .text               ro code  0x0800a208   0x14c  SyncTimer.o [1]
  .text               ro code  0x0800a354    0xd2  stm32f2xx_tim.o [1]
  .rodata             const    0x0800a428   0x134  commandTable.o [1]
  .rodata             const    0x0800a55c   0x130  commandTable.o [1]
  .rodata             const    0x0800a68c    0xf0  commandTable.o [1]
  .text               ro code  0x0800a77c    0xe0  main.o [1]
  .text               ro code  0x0800a85c    0x48  salvoinit.o [6]
  .text               ro code  0x0800a8a4    0x7a  salvoinit2.o [6]
  .rodata             const    0x0800a920    0xdc  commandTable.o [1]
  .rodata             const    0x0800a9fc    0xd4  commandTable.o [1]
  .text               ro code  0x0800aad0    0xd4  packbits_init.o [5]
  .text               ro code  0x0800aba4     0x6  abort.o [3]
  .text               ro code  0x0800abac    0x14  exit.o [7]
  .rodata             const    0x0800abc0    0xd0  commandTable.o [1]
  .rodata             const    0x0800ac90    0xd0  commandTable.o [1]
  .rodata             const    0x0800ad60    0xd0  commandTable.o [1]
  .rodata             const    0x0800ae30    0xcc  commandTable.o [1]
  .rodata             const    0x0800aefc    0xc0  commandTable.o [1]
  .rodata             const    0x0800afbc    0xc0  commandTable.o [1]
  .rodata             const    0x0800b07c    0xb4  commandTable.o [1]
  .rodata             const    0x0800b130    0xb0  commandTable.o [1]
  .rodata             const    0x0800b1e0    0xac  commandTable.o [1]
  .rodata             const    0x0800b28c    0xa4  commandTable.o [1]
  .rodata             const    0x0800b330    0xa0  commandTable.o [1]
  .rodata             const    0x0800b3d0    0xa0  commandTable.o [1]
  .rodata             const    0x0800b470    0xa0  commandTable.o [1]
  .rodata             const    0x0800b510    0x9c  commandTable.o [1]
  .rodata             const    0x0800b5ac    0x9c  commandTable.o [1]
  .rodata             const    0x0800b648    0x94  commandTable.o [1]
  .rodata             const    0x0800b6dc    0x90  commandTable.o [1]
  .rodata             const    0x0800b76c    0x84  commandTable.o [1]
  .rodata             const    0x0800b7f0    0x80  commandTable.o [1]
  .rodata             const    0x0800b870    0x70  commandTable.o [1]
  .rodata             const    0x0800b8e0    0x64  commandTable.o [1]
  .text               ro code  0x0800b944    0x62  stm32f2xx_it.o [1]
  .rodata             const    0x0800b9a8    0x5c  commandTable.o [1]
  .rodata             const    0x0800ba04    0x5c  commandTable.o [1]
  .rodata             const    0x0800ba60    0x5c  commandTable.o [1]
  .rodata             const    0x0800babc    0x50  commandTable.o [1]
  .rodata             const    0x0800bb0c    0x48  commands.o [1]
  .rodata             const    0x0800bb54    0x44  commandTable.o [1]
  .rodata             const    0x0800bb98    0x44  commandTable.o [1]
  .rodata             const    0x0800bbdc    0x34  commands.o [1]
  .rodata             const    0x0800bc10    0x34  commandTable.o [1]
  .rodata             const    0x0800bc44    0x30  commands.o [1]
  .rodata             const    0x0800bc74    0x30  commands.o [1]
  .rodata             const    0x0800bca4    0x30  commands.o [1]
  .rodata             const    0x0800bcd4    0x30  commandTable.o [1]
  .rodata             const    0x0800bd04    0x30  commandTable.o [1]
  .rodata             const    0x0800bd34    0x30  commandTable.o [1]
  .rodata             const    0x0800bd64    0x30  commandTable.o [1]
  .rodata             const    0x0800bd94    0x30  commandTable.o [1]
  .rodata             const    0x0800bdc4    0x2c  commands.o [1]
  .rodata             const    0x0800bdf0    0x2c  commands.o [1]
  .rodata             const    0x0800be1c    0x2c  commands.o [1]
  .rodata             const    0x0800be48    0x2c  commands.o [1]
  .rodata             const    0x0800be74    0x2c  commands.o [1]
  .rodata             const    0x0800bea0    0x2c  commandTable.o [1]
  .rodata             const    0x0800becc    0x2c  commandTable.o [1]
  .rodata             const    0x0800bef8    0x2c  commandTable.o [1]
  .rodata             const    0x0800bf24    0x2c  commandTable.o [1]
  .rodata             const    0x0800bf50    0x2c  commandTable.o [1]
  .rodata             const    0x0800bf7c    0x2c  commandTable.o [1]
  .rodata             const    0x0800bfa8    0x2c  commandTable.o [1]
  .rodata             const    0x0800bfd4    0x28  commands.o [1]
  .rodata             const    0x0800bffc    0x28  commands.o [1]
  .rodata             const    0x0800c024    0x28  commands.o [1]
  .rodata             const    0x0800c04c    0x28  commands.o [1]
  .rodata             const    0x0800c074    0x28  commands.o [1]
  .rodata             const    0x0800c09c    0x28  commands.o [1]
  .rodata             const    0x0800c0c4    0x28  commands.o [1]
  .rodata             const    0x0800c0ec    0x28  commands.o [1]
  .rodata             const    0x0800c114    0x28  commands.o [1]
  .rodata             const    0x0800c13c    0x28  commands.o [1]
  .rodata             const    0x0800c164    0x28  commands.o [1]
  .rodata             const    0x0800c18c    0x28  commands.o [1]
  .rodata             const    0x0800c1b4    0x28  commandTable.o [1]
  .rodata             const    0x0800c1dc    0x28  commandTable.o [1]
  .rodata             const    0x0800c204    0x28  commandTable.o [1]
  .rodata             const    0x0800c22c    0x28  commandTable.o [1]
  .rodata             const    0x0800c254    0x28  commandTable.o [1]
  .rodata             const    0x0800c27c    0x28  commandTable.o [1]
  .rodata             const    0x0800c2a4    0x28  commandTable.o [1]
  .rodata             const    0x0800c2cc    0x28  commandTable.o [1]
  .rodata             const    0x0800c2f4    0x28  commandTable.o [1]
  .rodata             const    0x0800c31c    0x28  commandTable.o [1]
  .text               ro code  0x0800c344    0x28  data_init.o [5]
  .rodata             const    0x0800c36c    0x24  commands.o [1]
  .rodata             const    0x0800c390    0x24  commands.o [1]
  .rodata             const    0x0800c3b4    0x24  commands.o [1]
  .rodata             const    0x0800c3d8    0x24  commands.o [1]
  .rodata             const    0x0800c3fc    0x24  commands.o [1]
  .rodata             const    0x0800c420    0x24  commands.o [1]
  .rodata             const    0x0800c444    0x24  commands.o [1]
  .rodata             const    0x0800c468    0x24  commands.o [1]
  .rodata             const    0x0800c48c    0x24  commands.o [1]
  .rodata             const    0x0800c4b0    0x24  commands.o [1]
  .rodata             const    0x0800c4d4    0x24  commands.o [1]
  .rodata             const    0x0800c4f8    0x24  commands.o [1]
  .rodata             const    0x0800c51c    0x24  commands.o [1]
  .rodata             const    0x0800c540    0x24  commands.o [1]
  .rodata             const    0x0800c564    0x24  commands.o [1]
  .rodata             const    0x0800c588    0x24  commands.o [1]
  .rodata             const    0x0800c5ac    0x24  commands.o [1]
  .rodata             const    0x0800c5d0    0x24  commands.o [1]
  .rodata             const    0x0800c5f4    0x24  commands.o [1]
  .rodata             const    0x0800c618    0x24  commands.o [1]
  .rodata             const    0x0800c63c    0x24  commands.o [1]
  .rodata             const    0x0800c660    0x24  commands.o [1]
  .rodata             const    0x0800c684    0x24  commands.o [1]
  .rodata             const    0x0800c6a8    0x24  commandTable.o [1]
  .rodata             const    0x0800c6cc    0x24  commandTable.o [1]
  .rodata             const    0x0800c6f0    0x24  commandTable.o [1]
  .rodata             const    0x0800c714    0x24  main.o [1]
  .iar.init_table     const    0x0800c738    0x2c  - Linker created -
  .rodata             const    0x0800c764    0x20  commands.o [1]
  .rodata             const    0x0800c784    0x20  commands.o [1]
  .rodata             const    0x0800c7a4    0x20  commands.o [1]
  .rodata             const    0x0800c7c4    0x20  commands.o [1]
  .rodata             const    0x0800c7e4    0x20  commands.o [1]
  .rodata             const    0x0800c804    0x20  commands.o [1]
  .rodata             const    0x0800c824    0x20  commands.o [1]
  .rodata             const    0x0800c844    0x20  commands.o [1]
  .rodata             const    0x0800c864    0x20  commands.o [1]
  .rodata             const    0x0800c884    0x20  commands.o [1]
  .rodata             const    0x0800c8a4    0x20  commands.o [1]
  .rodata             const    0x0800c8c4    0x20  commands.o [1]
  .rodata             const    0x0800c8e4    0x20  commandTable.o [1]
  .rodata             const    0x0800c904    0x1c  commands.o [1]
  .rodata             const    0x0800c920    0x1c  commands.o [1]
  .rodata             const    0x0800c93c    0x1c  commands.o [1]
  .rodata             const    0x0800c958    0x1c  commands.o [1]
  .rodata             const    0x0800c974    0x1c  commands.o [1]
  .rodata             const    0x0800c990    0x1c  commands.o [1]
  .rodata             const    0x0800c9ac    0x1c  commands.o [1]
  .rodata             const    0x0800c9c8    0x1c  commands.o [1]
  .rodata             const    0x0800c9e4    0x1c  commands.o [1]
  .rodata             const    0x0800ca00    0x1c  commands.o [1]
  .rodata             const    0x0800ca1c    0x1c  commands.o [1]
  .rodata             const    0x0800ca38    0x1c  commands.o [1]
  .rodata             const    0x0800ca54    0x1c  commands.o [1]
  .rodata             const    0x0800ca70    0x1c  commands.o [1]
  .rodata             const    0x0800ca8c    0x1c  commandTable.o [1]
  .rodata             const    0x0800caa8    0x1c  commandTable.o [1]
  .text               ro code  0x0800cac4    0x1a  cmain.o [5]
  .text               ro code  0x0800cade     0x4  low_level_init.o [3]
  .text               ro code  0x0800cae2     0x4  exit.o [3]
  .text               ro code  0x0800cae8     0xa  cexit.o [5]
  .rodata             const    0x0800caf4    0x18  commands.o [1]
  .rodata             const    0x0800cb0c    0x18  commands.o [1]
  .rodata             const    0x0800cb24    0x18  commands.o [1]
  .rodata             const    0x0800cb3c    0x18  commands.o [1]
  .rodata             const    0x0800cb54    0x18  commands.o [1]
  .rodata             const    0x0800cb6c    0x18  commands.o [1]
  .rodata             const    0x0800cb84    0x18  commands.o [1]
  .rodata             const    0x0800cb9c    0x18  commands.o [1]
  .rodata             const    0x0800cbb4    0x18  commands.o [1]
  .rodata             const    0x0800cbcc    0x18  commandTable.o [1]
  .rodata             const    0x0800cbe4    0x18  commandTable.o [1]
  .rodata             const    0x0800cbfc    0x14  commands.o [1]
  .rodata             const    0x0800cc10    0x14  commands.o [1]
  .rodata             const    0x0800cc24    0x14  commands.o [1]
  .rodata             const    0x0800cc38    0x14  commands.o [1]
  .rodata             const    0x0800cc4c    0x14  commands.o [1]
  .rodata             const    0x0800cc60    0x14  commands.o [1]
  .rodata             const    0x0800cc74    0x14  commands.o [1]
  .rodata             const    0x0800cc88    0x14  commands.o [1]
  .rodata             const    0x0800cc9c    0x14  commands.o [1]
  .rodata             const    0x0800ccb0    0x14  commands.o [1]
  .rodata             const    0x0800ccc4    0x14  commands.o [1]
  .rodata             const    0x0800ccd8    0x14  commands.o [1]
  .rodata             const    0x0800ccec    0x14  commands.o [1]
  .rodata             const    0x0800cd00    0x14  commandTable.o [1]
  .rodata             const    0x0800cd14    0x14  commandTable.o [1]
  .rodata             const    0x0800cd28    0x14  commandTable.o [1]
  .rodata             const    0x0800cd3c    0x10  commands.o [1]
  .rodata             const    0x0800cd4c    0x10  commands.o [1]
  .rodata             const    0x0800cd5c    0x10  commands.o [1]
  .rodata             const    0x0800cd6c    0x10  commands.o [1]
  .rodata             const    0x0800cd7c    0x10  commands.o [1]
  .rodata             const    0x0800cd8c    0x10  commands.o [1]
  .rodata             const    0x0800cd9c    0x10  commands.o [1]
  .rodata             const    0x0800cdac    0x10  commands.o [1]
  .rodata             const    0x0800cdbc    0x10  commands.o [1]
  .rodata             const    0x0800cdcc    0x10  commands.o [1]
  .rodata             const    0x0800cddc    0x10  commands.o [1]
  .rodata             const    0x0800cdec    0x10  commands.o [1]
  .rodata             const    0x0800cdfc    0x10  commandTable.o [1]
  .rodata             const    0x0800ce0c    0x10  commandTable.o [1]
  .rodata             const    0x0800ce1c    0x10  commandTable.o [1]
  .rodata             const    0x0800ce2c    0x10  commandTable.o [1]
  .rodata             const    0x0800ce3c    0x10  commandTable.o [1]
  .rodata             const    0x0800ce4c    0x10  commandTable.o [1]
  .rodata             const    0x0800ce5c    0x10  commandTable.o [1]
  .rodata             const    0x0800ce6c    0x10  commandTable.o [1]
  .rodata             const    0x0800ce7c    0x10  commandTable.o [1]
  .rodata             const    0x0800ce8c    0x10  commandTable.o [1]
  .text               ro code  0x0800ce9c    0x10  startup_stm32f2xx.o [1]
  .rodata             const    0x0800ceac     0xc  commands.o [1]
  .rodata             const    0x0800ceb8     0xc  commands.o [1]
  .rodata             const    0x0800cec4     0xc  commands.o [1]
  .rodata             const    0x0800ced0     0xc  commands.o [1]
  .rodata             const    0x0800cedc     0xc  commands.o [1]
  .rodata             const    0x0800cee8     0xc  commands.o [1]
  .rodata             const    0x0800cef4     0xc  commands.o [1]
  .rodata             const    0x0800cf00     0xc  commands.o [1]
  .rodata             const    0x0800cf0c     0xc  commands.o [1]
  .rodata             const    0x0800cf18     0xc  commands.o [1]
  .rodata             const    0x0800cf24     0xc  commands.o [1]
  .rodata             const    0x0800cf30     0xc  commands.o [1]
  .rodata             const    0x0800cf3c     0xc  commands.o [1]
  .rodata             const    0x0800cf48     0xc  commands.o [1]
  .rodata             const    0x0800cf54     0xc  commands.o [1]
  .rodata             const    0x0800cf60     0xc  commands.o [1]
  .rodata             const    0x0800cf6c     0xc  commandTable.o [1]
  .rodata             const    0x0800cf78     0xc  commandTable.o [1]
  .rodata             const    0x0800cf84     0xc  commandTable.o [1]
  .rodata             const    0x0800cf90     0xc  commandTable.o [1]
  .rodata             const    0x0800cf9c     0xc  commandTable.o [1]
  .rodata             const    0x0800cfa8     0xc  commandTable.o [1]
  .rodata             const    0x0800cfb4     0xc  commandTable.o [1]
  .rodata             const    0x0800cfc0     0xc  commandTable.o [1]
  .rodata             const    0x0800cfcc     0xc  commandTable.o [1]
  .rodata             const    0x0800cfd8     0xc  commandTable.o [1]
  .rodata             const    0x0800cfe4     0xc  commandTable.o [1]
  .rodata             const    0x0800cff0     0xc  commandTable.o [1]
  .rodata             const    0x0800cffc     0xc  commandTable.o [1]
  .rodata             const    0x0800d008     0xc  commandTable.o [1]
  .rodata             const    0x0800d014     0xc  commandTable.o [1]
  .rodata             const    0x0800d020     0xc  commandTable.o [1]
  .rodata             const    0x0800d02c     0xc  commandTable.o [1]
  .rodata             const    0x0800d038     0xc  commandTable.o [1]
  .rodata             const    0x0800d044     0xc  commandTable.o [1]
  .rodata             const    0x0800d050     0xc  commandTable.o [1]
  .rodata             const    0x0800d05c     0xc  commandTable.o [1]
  .rodata             const    0x0800d068     0xc  commandTable.o [1]
  .rodata             const    0x0800d074     0xc  commandTable.o [1]
  .rodata             const    0x0800d080     0xc  commandTable.o [1]
  .rodata             const    0x0800d08c     0xc  commandTable.o [1]
  .rodata             const    0x0800d098     0xc  commandTable.o [1]
  .rodata             const    0x0800d0a4     0xc  commandTable.o [1]
  .rodata             const    0x0800d0b0     0xc  commandTable.o [1]
  .rodata             const    0x0800d0bc     0xc  commandTable.o [1]
  .rodata             const    0x0800d0c8     0xc  commandTable.o [1]
  .rodata             const    0x0800d0d4     0xc  commandTable.o [1]
  .rodata             const    0x0800d0e0     0xc  commandTable.o [1]
  .text               ro code  0x0800d0ec     0xc  cstartup_M.o [5]
  .rodata             const    0x0800d0f8     0x8  commands.o [1]
  .rodata             const    0x0800d100     0x8  commands.o [1]
  .rodata             const    0x0800d108     0x8  commands.o [1]
  .rodata             const    0x0800d110     0x8  commands.o [1]
  .rodata             const    0x0800d118     0x8  commands.o [1]
  .rodata             const    0x0800d120     0x8  commands.o [1]
  .rodata             const    0x0800d128     0x8  commands.o [1]
  .rodata             const    0x0800d130     0x8  commands.o [1]
  .rodata             const    0x0800d138     0x8  commands.o [1]
  .rodata             const    0x0800d140     0x8  commands.o [1]
  .rodata             const    0x0800d148     0x8  commands.o [1]
  .rodata             const    0x0800d150     0x8  commands.o [1]
  .rodata             const    0x0800d158     0x8  commands.o [1]
  .rodata             const    0x0800d160     0x8  commands.o [1]
  .rodata             const    0x0800d168     0x8  commands.o [1]
  .rodata             const    0x0800d170     0x8  commands.o [1]
  .rodata             const    0x0800d178     0x8  commands.o [1]
  .rodata             const    0x0800d180     0x8  commands.o [1]
  .rodata             const    0x0800d188     0x8  commands.o [1]
  .rodata             const    0x0800d190     0x8  commands.o [1]
  .rodata             const    0x0800d198     0x8  commands.o [1]
  .rodata             const    0x0800d1a0     0x8  commands.o [1]
  .rodata             const    0x0800d1a8     0x8  commands.o [1]
  .rodata             const    0x0800d1b0     0x8  commands.o [1]
  .rodata             const    0x0800d1b8     0x8  commands.o [1]
  .rodata             const    0x0800d1c0     0x8  commands.o [1]
  .rodata             const    0x0800d1c8     0x8  commands.o [1]
  .rodata             const    0x0800d1d0     0x8  commandTable.o [1]
  .rodata             const    0x0800d1d8     0x8  commandTable.o [1]
  .rodata             const    0x0800d1e0     0x8  commandTable.o [1]
  .rodata             const    0x0800d1e8     0x8  commandTable.o [1]
  .rodata             const    0x0800d1f0     0x8  commandTable.o [1]
  .rodata             const    0x0800d1f8     0x8  commandTable.o [1]
  .rodata             const    0x0800d200     0x8  commandTable.o [1]
  .rodata             const    0x0800d208     0x8  commandTable.o [1]
  .rodata             const    0x0800d210     0x8  commandTable.o [1]
  .rodata             const    0x0800d218     0x8  commandTable.o [1]
  .rodata             const    0x0800d220     0x8  commandTable.o [1]
  .rodata             const    0x0800d228     0x8  commandTable.o [1]
  .rodata             const    0x0800d230     0x8  commandTable.o [1]
  .rodata             const    0x0800d238     0x8  commandTable.o [1]
  .rodata             const    0x0800d240     0x8  commandTable.o [1]
  .rodata             const    0x0800d248     0x8  commandTable.o [1]
  .rodata             const    0x0800d250     0x8  commandTable.o [1]
  .rodata             const    0x0800d258     0x8  commandTable.o [1]
  .rodata             const    0x0800d260     0x8  commandTable.o [1]
  .rodata             const    0x0800d268     0x8  commandTable.o [1]
  .rodata             const    0x0800d270     0x8  commandTable.o [1]
  .rodata             const    0x0800d278     0x8  commandTable.o [1]
  .rodata             const    0x0800d280     0x8  commandTable.o [1]
  .rodata             const    0x0800d288     0x8  commandTable.o [1]
  .rodata             const    0x0800d290     0x8  commandTable.o [1]
  .rodata             const    0x0800d298     0x8  commandTable.o [1]
  .rodata             const    0x0800d2a0     0x8  iar_stm32f207zg_sk.o [1]
  .rodata             const    0x0800d2a8     0x4  commands.o [1]
  .rodata             const    0x0800d2ac     0x4  commands.o [1]
  .rodata             const    0x0800d2b0     0x4  commands.o [1]
  .rodata             const    0x0800d2b4     0x4  commands.o [1]
  .rodata             const    0x0800d2b8     0x4  commands.o [1]
  .rodata             const    0x0800d2bc     0x4  commands.o [1]
  .rodata             const    0x0800d2c0     0x4  commandTable.o [1]
  .rodata             const    0x0800d2c4     0x4  commandTable.o [1]
  .rodata             const    0x0800d2c8     0x4  commandTable.o [1]
  .rodata             const    0x0800d2cc     0x4  commandTable.o [1]
  .text               ro code  0x0800d2d0     0x4  startup_stm32f2xx.o [1]
  .text               ro code  0x0800d2d4     0x4  startup_stm32f2xx.o [1]
  .text               ro code  0x0800d2d8     0x4  startup_stm32f2xx.o [1]
  .text               ro code  0x0800d2dc     0x4  startup_stm32f2xx.o [1]
  .text               ro code  0x0800d2e0     0x4  startup_stm32f2xx.o [1]
  .text               ro code  0x0800d2e4     0x4  startup_stm32f2xx.o [1]
  .text               ro code  0x0800d2e8     0x4  startup_stm32f2xx.o [1]
  .text               ro code  0x0800d2ec     0x4  startup_stm32f2xx.o [1]
  .text               ro code  0x0800d2f0     0x4  startup_stm32f2xx.o [1]
  .text               ro code  0x0800d2f4     0x4  startup_stm32f2xx.o [1]
  .text               ro code  0x0800d2f8     0x4  startup_stm32f2xx.o [1]
  .text               ro code  0x0800d2fc     0x4  startup_stm32f2xx.o [1]
  .text               ro code  0x0800d300     0x4  startup_stm32f2xx.o [1]
  .text               ro code  0x0800d304     0x4  startup_stm32f2xx.o [1]
  .text               ro code  0x0800d308     0x4  startup_stm32f2xx.o [1]
  .text               ro code  0x0800d30c     0x4  startup_stm32f2xx.o [1]
  .text               ro code  0x0800d310     0x4  startup_stm32f2xx.o [1]
  .text               ro code  0x0800d314     0x4  startup_stm32f2xx.o [1]
  .text               ro code  0x0800d318     0x4  startup_stm32f2xx.o [1]
  .text               ro code  0x0800d31c     0x4  startup_stm32f2xx.o [1]
  .text               ro code  0x0800d320     0x4  startup_stm32f2xx.o [1]
  .text               ro code  0x0800d324     0x4  startup_stm32f2xx.o [1]
  .text               ro code  0x0800d328     0x4  startup_stm32f2xx.o [1]
  .text               ro code  0x0800d32c     0x4  startup_stm32f2xx.o [1]
  .text               ro code  0x0800d330     0x4  startup_stm32f2xx.o [1]
  .text               ro code  0x0800d334     0x4  startup_stm32f2xx.o [1]
  .text               ro code  0x0800d338     0x4  startup_stm32f2xx.o [1]
  .text               ro code  0x0800d33c     0x4  startup_stm32f2xx.o [1]
  .text               ro code  0x0800d340     0x4  startup_stm32f2xx.o [1]
  .text               ro code  0x0800d344     0x4  startup_stm32f2xx.o [1]
  .text               ro code  0x0800d348     0x4  startup_stm32f2xx.o [1]
  .text               ro code  0x0800d34c     0x4  startup_stm32f2xx.o [1]
  .text               ro code  0x0800d350     0x4  startup_stm32f2xx.o [1]
  .text               ro code  0x0800d354     0x4  startup_stm32f2xx.o [1]
  .text               ro code  0x0800d358     0x4  startup_stm32f2xx.o [1]
  .text               ro code  0x0800d35c     0x4  startup_stm32f2xx.o [1]
  .text               ro code  0x0800d360     0x4  startup_stm32f2xx.o [1]
  .text               ro code  0x0800d364     0x4  startup_stm32f2xx.o [1]
  .text               ro code  0x0800d368     0x4  startup_stm32f2xx.o [1]
  .text               ro code  0x0800d36c     0x4  startup_stm32f2xx.o [1]
  .text               ro code  0x0800d370     0x4  startup_stm32f2xx.o [1]
  .text               ro code  0x0800d374     0x4  startup_stm32f2xx.o [1]
  .text               ro code  0x0800d378     0x4  startup_stm32f2xx.o [1]
  .text               ro code  0x0800d37c     0x4  startup_stm32f2xx.o [1]
  .text               ro code  0x0800d380     0x4  startup_stm32f2xx.o [1]
  .text               ro code  0x0800d384     0x4  startup_stm32f2xx.o [1]
  .text               ro code  0x0800d388     0x4  startup_stm32f2xx.o [1]
  .text               ro code  0x0800d38c     0x4  startup_stm32f2xx.o [1]
  .text               ro code  0x0800d390     0x4  startup_stm32f2xx.o [1]
  .text               ro code  0x0800d394     0x4  startup_stm32f2xx.o [1]
  .text               ro code  0x0800d398     0x4  startup_stm32f2xx.o [1]
  .text               ro code  0x0800d39c     0x4  startup_stm32f2xx.o [1]
  .text               ro code  0x0800d3a0     0x4  startup_stm32f2xx.o [1]
  .text               ro code  0x0800d3a4     0x4  startup_stm32f2xx.o [1]
  .text               ro code  0x0800d3a8     0x4  startup_stm32f2xx.o [1]
  .text               ro code  0x0800d3ac     0x4  startup_stm32f2xx.o [1]
  .text               ro code  0x0800d3b0     0x4  startup_stm32f2xx.o [1]
  .text               ro code  0x0800d3b4     0x4  startup_stm32f2xx.o [1]
  .text               ro code  0x0800d3b8     0x4  startup_stm32f2xx.o [1]
  .text               ro code  0x0800d3bc     0x4  startup_stm32f2xx.o [1]
  .text               ro code  0x0800d3c0     0x4  startup_stm32f2xx.o [1]
  .text               ro code  0x0800d3c4     0x4  startup_stm32f2xx.o [1]
  .text               ro code  0x0800d3c8     0x4  startup_stm32f2xx.o [1]
  .text               ro code  0x0800d3cc     0x4  startup_stm32f2xx.o [1]
  .text               ro code  0x0800d3d0     0x4  startup_stm32f2xx.o [1]
  .text               ro code  0x0800d3d4     0x4  startup_stm32f2xx.o [1]
  .text               ro code  0x0800d3d8     0x4  startup_stm32f2xx.o [1]
  .text               ro code  0x0800d3dc     0x4  startup_stm32f2xx.o [1]
  .text               ro code  0x0800d3e0     0x4  startup_stm32f2xx.o [1]
  .text               ro code  0x0800d3e4     0x4  startup_stm32f2xx.o [1]
  .text               ro code  0x0800d3e8     0x4  startup_stm32f2xx.o [1]
  .text               ro code  0x0800d3ec     0x4  startup_stm32f2xx.o [1]
  .text               ro code  0x0800d3f0     0x4  startup_stm32f2xx.o [1]
  .text               ro code  0x0800d3f4     0x4  startup_stm32f2xx.o [1]
  .text               ro code  0x0800d3f8     0x4  startup_stm32f2xx.o [1]
  .text               ro code  0x0800d3fc     0x4  startup_stm32f2xx.o [1]
  .text               ro code  0x0800d400     0x4  startup_stm32f2xx.o [1]
  .rodata             const    0x0800d404     0x0  zero_init3.o [5]
  .rodata             const    0x0800d404     0x0  packbits_init.o [5]
  Initializer bytes   ro data  0x0800d404    0x4f  <for P3 s0>
                             - 0x0800d453  0xd2cf

"P3", part 1 of 3:                          0x14c
  P3 s0                        0x20000000   0x14c  <Init block>
    __DLIB_PERTHREAD  inited   0x20000000    0x88  localeconv.o [3]
    __DLIB_PERTHREAD  inited   0x20000088    0x74  setlocale.o [3]
    .data             inited   0x200000fc    0x10  iar_stm32f207zg_sk.o [1]
    .data             inited   0x2000010c    0x10  stm32f2xx_rcc.o [1]
    .data             inited   0x2000011c    0x10  system_stm32f2xx.o [1]
    .data             inited   0x2000012c     0x4  commands.o [1]
    .data             inited   0x20000130     0x4  commands.o [1]
    .data             inited   0x20000134     0x4  commands.o [1]
    .data             inited   0x20000138     0x4  system_stm32f2xx.o [1]
    .data             inited   0x2000013c     0x4  timer.o [1]
    __DLIB_PERTHREAD  inited   0x20000140     0x4  errno.o [3]
    .data             inited   0x20000144     0x2  SyncTimer.o [1]
    .data             inited   0x20000146     0x1  commands.o [1]
    .data             inited   0x20000147     0x1  commands.o [1]
    .data             inited   0x20000148     0x1  commands.o [1]
    .data             inited   0x20000149     0x1  commands.o [1]
    .data             inited   0x2000014a     0x1  commands.o [1]
    .data             inited   0x2000014b     0x1  commands.o [1]
                             - 0x2000014c   0x14c

"P3", part 2 of 3:                          0x68c
  .bss                zero     0x2000014c   0x200  debug_usart.o [1]
  .bss                zero     0x2000034c   0x12c  salvomem.o [6]
  .bss                zero     0x20000478   0x100  commands.o [1]
  .bss                zero     0x20000578    0xf0  salvomem.o [6]
  .bss                zero     0x20000668    0x80  debug_usart.o [1]
  .bss                zero     0x200006e8    0x50  commandLine.o [1]
  .bss                zero     0x20000738    0x20  stm32f2xx_it.o [1]
  .bss                zero     0x20000758    0x10  debug_usart.o [1]
  .bss                zero     0x20000768    0x10  debug_usart.o [1]
  .bss                zero     0x20000778     0x8  commands.o [1]
  .bss                zero     0x20000780     0x4  commandLine.o [1]
  .bss                zero     0x20000784     0x4  commandLine.o [1]
  .bss                zero     0x20000788     0x4  commands.o [1]
  .bss                zero     0x2000078c     0x4  salvohook_interrupt.o [1]
  .bss                zero     0x20000790     0x4  spi.o [1]
  .bss                zero     0x20000794     0x4  SyncTimer.o [1]
  .bss                zero     0x20000798     0x4  SyncTimer.o [1]
  .bss                zero     0x2000079c     0x4  SyncTimer.o [1]
  .bss                zero     0x200007a0     0x4  timer.o [1]
  .bss                zero     0x200007a4     0x4  salvomem.o [6]
  .bss                zero     0x200007a8     0x4  salvomem.o [6]
  .bss                zero     0x200007ac     0x4  salvomem.o [6]
  .bss                zero     0x200007b0     0x4  salvomem.o [6]
  .bss                zero     0x200007b4     0x4  salvomem.o [6]
  .bss                zero     0x200007b8     0x4  salvomem.o [6]
  .bss                zero     0x200007bc     0x4  salvomem.o [6]
  .bss                zero     0x200007c0     0x2  commandLine.o [1]
  .bss                zero     0x200007c2     0x2  commands.o [1]
  .bss                zero     0x200007c4     0x2  commands.o [1]
  .bss                zero     0x200007c6     0x2  commands.o [1]
  .bss                zero     0x200007c8     0x2  SyncTimer.o [1]
  .bss                zero     0x200007ca     0x2  SyncTimer.o [1]
  .bss                zero     0x200007cc     0x2  SyncTimer.o [1]
  .bss                zero     0x200007ce     0x1  commands.o [1]
  .bss                zero     0x200007cf     0x1  commands.o [1]
  .bss                zero     0x200007d0     0x1  commands.o [1]
  .bss                zero     0x200007d1     0x1  commands.o [1]
  .bss                zero     0x200007d2     0x1  commands.o [1]
  .bss                zero     0x200007d3     0x1  SyncTimer.o [1]
  .bss                zero     0x200007d4     0x1  SyncTimer.o [1]
  .bss                zero     0x200007d5     0x1  salvomem.o [6]
                             - 0x200007d6   0x68a

"P3", part 3 of 3:                          0x400
  CSTACK                       0x200007d8   0x400  <Block>
    CSTACK            uninit   0x200007d8   0x400  <Block tail>
                             - 0x20000bd8   0x400


*******************************************************************************
*** INIT TABLE
***

          Address     Size
          -------     ----
Zero (__iar_zero_init3)
    1 destination range, total size 0x68a:
          0x2000014c  0x68a

Copy/packbits (__iar_packbits_init3)
    1 source range, total size 0x4f (23% of destination):
          0x0800d404   0x4f
    1 destination range, total size 0x14c:
          0x20000000  0x14c



*******************************************************************************
*** MODULE SUMMARY
***

    Module                   ro code  ro data  rw data
    ------                   -------  -------  -------
E:\ST_SPI_FW\SPI_MasterV1.0.4\software\Trunk\iar\Debug\Obj: [1]
    ConfigureGPIOPins.o          204
    SyncTimer.o                  332                22
    UserCommunication_SPI.o      132
    bsp.o                        282
    circbuf.o                    154
    commandLine.o                520                90
    commandTable.o                     10 255
    commands.o                20 528    3 677      297
    debug.o                      400
    debug_usart.o                480               672
    iar_stm32f207zg_sk.o          80       12       16
    main.o                       224       36
    misc.o                       124
    salvohook_idle.o               2
    salvohook_interrupt.o         44                 4
    salvohook_wdt.o                2
    spi.o                      1 060                 4
    startup_stm32f2xx.o          712
    stm32f2xx_exti.o             220
    stm32f2xx_flash.o            140
    stm32f2xx_gpio.o             306
    stm32f2xx_it.o                98                32
    stm32f2xx_rcc.o              872        4       16
    stm32f2xx_spi.o              254
    stm32f2xx_syscfg.o            84
    stm32f2xx_tim.o              210
    stm32f2xx_usart.o            412
    system_stm32f2xx.o           480        5       20
    timer.o                      200        1        8
    utilities.o                  120
    --------------------------------------------------
    Total:                    28 676   13 990    1 181

command line: [2]
    --------------------------------------------------
    Total:

dl7M_tlf.a: [3]
    abort.o                        6
    abs.o                          8
    atoi.o                         8
    errno.o                       12        1        4
    exit.o                         4
    isxxx.o                       40
    localeconv.o                 108       32      136
    low_level_init.o               4
    setlocale.o                   24       27      116
    tolower.o                     20
    xlocale_c.o                   54
    xstoflt.o                    440
    xstopfx.o                    308
    xstoul.o                     408
    xstoxflt.o                   536
    xtls.o                         2
    --------------------------------------------------
    Total:                     1 982       60      256

m7M_tl.a: [4]
    DblAdd.o                     232
    DblCmpEq.o                    32
    DblCmpGe.o                    46
    DblCmpLe.o                    46
    DblDiv.o                     582
    DblMul.o                     418
    DblSub.o                     384
    DblToFlt.o                   144
    DblToI32.o                    76
    FltAdd.o                     116
    FltCmpGe.o                    36
    FltCmpLe.o                    36
    FltMul.o                     216
    FltSub.o                     230
    FltToDbl.o                    78
    FltToS32.o                    68
    I32ToDbl.o                    44
    I32ToFlt.o                    50
    atof.o                         8
    pow.o                      2 144
    xdint.o                      126
    xdnorm.o                      66
    xdscale.o                    268
    xdtento.o                    512
    xdtest.o                      50
    xdunscal.o                    86
    xexp.o                       676
    xlog.o                       172
    xstod.o                      332
    --------------------------------------------------
    Total:                     7 274

rt7M_tl.a: [5]
    ABImemclr4.o                   6
    ABImemset48.o                 50
    cexit.o                       10
    cmain.o                       26
    cstartup_M.o                  12
    data_init.o                   40
    memchr.o                      88
    packbits_init.o              212
    strcmp_unaligned.o            66
    zero_init3.o                  34
    --------------------------------------------------
    Total:                       544

salvo.a: [6]
    salvobinsem.o                208
    salvoevent.o                 300
    salvoinit.o                   72
    salvoinit2.o                 122
    salvomem.o                                     569
    salvoportiararm.o            108
    salvoqdel.o                  160
    salvoqins.o                  172
    salvosched.o                 536
    salvotimer.o                  44
    --------------------------------------------------
    Total:                     1 722               569

shb_l.a: [7]
    exit.o                        20
    --------------------------------------------------
    Total:                        20

    Gaps                          29       14
    Linker created                         44    1 024
------------------------------------------------------
    Grand Total:              40 247   14 108    3 030


*******************************************************************************
*** ENTRY LIST
***

Entry                      Address   Size  Type      Object
-----                      -------   ----  ----      ------
?main                   0x0800cac5         Code  Gb  cmain.o [5]
AHBPrescTable           0x2000011c   0x10  Data  Gb  system_stm32f2xx.o [1]
APBAHBPrescTable        0x2000010c   0x10  Data  Lc  stm32f2xx_rcc.o [1]
BSP_init                0x080068c1   0x10  Code  Gb  bsp.o [1]
BusFault_Handler        0x0800b9a1    0x2  Code  Gb  stm32f2xx_it.o [1]
CSTACK$$Base            0x200007d8          --   Gb  - Linker created -
CSTACK$$Limit           0x20000bd8          --   Gb  - Linker created -
CircBufEmpty            0x08008241   0x12  Code  Gb  circbuf.o [1]
CircBufGet              0x0800820b   0x36  Code  Gb  circbuf.o [1]
CircBufInit             0x080081b9   0x22  Code  Gb  circbuf.o [1]
CircBufPut              0x080081db   0x30  Code  Gb  circbuf.o [1]
CmdBlinkLED             0x08002055   0x7e  Code  Gb  commands.o [1]
CmdGpioPin              0x08000303   0xb8  Code  Gb  commands.o [1]
CmdInitSPIPeripheral    0x080020d3    0xa  Code  Gb  commands.o [1]
CmdLineGetArgFloat      0x08005b95   0x2c  Code  Gb  commandLine.o [1]
CmdLineGetArgString     0x08005b4b   0x22  Code  Gb  commandLine.o [1]
CmdLineGetArgUInt       0x08005b6d   0x28  Code  Gb  commandLine.o [1]
CmdLineLookup           0x08005a7b   0xd0  Code  Gb  commandLine.o [1]
CmdPrintPrompt          0x08005a55   0x1e  Code  Lc  commandLine.o [1]
CmdSpeed                0x0800469d   0xee  Code  Gb  commands.o [1]
CmdUserSpiTestSequence01
                        0x08001f6d   0xe2  Code  Gb  commands.o [1]
CmdUserSpi_ATP_Process  0x080003c5  0x29c  Code  Gb  commands.o [1]
CmdUserSpi_BurstForLowGainAHRS
                        0x080024a1  0x130  Code  Gb  commands.o [1]
CmdUserSpi_BurstRead    0x08000e59   0x76  Code  Gb  commands.o [1]
CmdUserSpi_BurstRead_A1
                        0x08002615  0x462  Code  Gb  commands.o [1]
CmdUserSpi_BurstRead_F1
                        0x08000ee5   0x6c  Code  Gb  commands.o [1]
CmdUserSpi_BurstRead_F2
                        0x08002269  0x218  Code  Gb  commands.o [1]
CmdUserSpi_BurstRead_S0
                        0x08000f6d   0x7e  Code  Gb  commands.o [1]
CmdUserSpi_BurstRead_S1
                        0x08001009   0x7e  Code  Gb  commands.o [1]
CmdUserSpi_DisplayConverted
                        0x080045c7   0x18  Code  Gb  commands.o [1]
CmdUserSpi_DisplayHex   0x080045df   0x30  Code  Gb  commands.o [1]
CmdUserSpi_DontWaitForDRDY
                        0x0800480d   0x26  Code  Gb  commands.o [1]
CmdUserSpi_GetAccels    0x080013dd  0x14c  Code  Gb  commands.o [1]
CmdUserSpi_GetBoardTemp
                        0x0800127d  0x11c  Code  Gb  commands.o [1]
CmdUserSpi_GetRates     0x08001549  0x1ca  Code  Gb  commands.o [1]
CmdUserSpi_GetSensorValues
                        0x0800174d  0x1b8  Code  Gb  commands.o [1]
CmdUserSpi_HoldChipSelect
                        0x0800460f   0x2e  Code  Gb  commands.o [1]
CmdUserSpi_IndraTesting
                        0x08002e6d  0x954  Code  Gb  commands.o [1]
CmdUserSpi_MagAlign     0x08002b49  0x2ba  Code  Gb  commands.o [1]
CmdUserSpi_ReadRegister
                        0x08001955  0x220  Code  Gb  commands.o [1]
CmdUserSpi_ReadRegisterHex
                        0x08001b99  0x180  Code  Gb  commands.o [1]
CmdUserSpi_ReadRegisterHex2
                        0x080020f9  0x164  Code  Gb  commands.o [1]
CmdUserSpi_SelfTest     0x08000c89  0x1c6  Code  Gb  commands.o [1]
CmdUserSpi_SpeedTest    0x08001915   0x20  Code  Gb  commands.o [1]
CmdUserSpi_ToggleChipSelect
                        0x08004645   0x2e  Code  Gb  commands.o [1]
CmdUserSpi_WaitForDRDY  0x080047e7   0x26  Code  Gb  commands.o [1]
CmdUserSpi_WhoAmI       0x08001d8d  0x1ce  Code  Gb  commands.o [1]
CmdUserSpi_WriteRegister
                        0x08001d1d   0x60  Code  Gb  commands.o [1]
CmdUserSpi_burstReadSwitch
                        0x08002aa1   0x68  Code  Gb  commands.o [1]
CmdUserSpi_jdInitProcess
                        0x08000661  0x614  Code  Gb  commands.o [1]
CmdUserUsart            0x080002c3   0x40  Code  Gb  commands.o [1]
CmdUser_OnePPSAdjust    0x08004849   0x50  Code  Gb  commands.o [1]
CmdUser_OnePPSTest      0x08004899   0xe8  Code  Gb  commands.o [1]
CmdUser_Ping            0x08004aad   0x12  Code  Gb  commands.o [1]
CmdUser_PowerOff        0x0800499b   0x16  Code  Gb  commands.o [1]
CmdUser_PowerOn         0x08004985   0x16  Code  Gb  commands.o [1]
CmdUser_SPIMode         0x08004a61   0x4c  Code  Gb  commands.o [1]
CmdUser_UARTMode        0x080049f9   0x64  Code  Gb  commands.o [1]
CmdUser_Ulock_FDS       0x08004abf   0x2a  Code  Gb  commands.o [1]
CmdUser_clearFDE        0x08004b41   0x1a  Code  Gb  commands.o [1]
CmdUser_readACDP        0x08004ca3   0x3e  Code  Gb  commands.o [1]
CmdUser_readACDT        0x08004ea9   0x3a  Code  Gb  commands.o [1]
CmdUser_readAIDT        0x08004e41   0x3a  Code  Gb  commands.o [1]
CmdUser_readANDT        0x08004d7b   0x3c  Code  Gb  commands.o [1]
CmdUser_readANOISPER    0x08004b5b   0x3e  Code  Gb  commands.o [1]
CmdUser_readDSR         0x08004f6d   0x3a  Code  Gb  commands.o [1]
CmdUser_readFDE         0x08004ae9   0x3e  Code  Gb  commands.o [1]
CmdUser_readINOISPER    0x08004c3b   0x3e  Code  Gb  commands.o [1]
CmdUser_readRCDP        0x08004d0b   0x3c  Code  Gb  commands.o [1]
CmdUser_readRCDT        0x08004f0b   0x3a  Code  Gb  commands.o [1]
CmdUser_readRNDT        0x08004ddf   0x3a  Code  Gb  commands.o [1]
CmdUser_readRNOISPER    0x08004bcd   0x3e  Code  Gb  commands.o [1]
CmdUser_saveconfigure   0x08004fad   0xc0  Code  Gb  commands.o [1]
CmdUser_writeACDP       0x08004ce1   0x2a  Code  Gb  commands.o [1]
CmdUser_writeACDT       0x08004ee3   0x28  Code  Gb  commands.o [1]
CmdUser_writeAIDT       0x08004e81   0x28  Code  Gb  commands.o [1]
CmdUser_writeANDT       0x08004db7   0x28  Code  Gb  commands.o [1]
CmdUser_writeANOISPER   0x08004b99   0x2a  Code  Gb  commands.o [1]
CmdUser_writeFDE        0x08004b27   0x1a  Code  Gb  commands.o [1]
CmdUser_writeINOISPER   0x08004c79   0x2a  Code  Gb  commands.o [1]
CmdUser_writeRCDP       0x08004d51   0x2a  Code  Gb  commands.o [1]
CmdUser_writeRCDT       0x08004f45   0x28  Code  Gb  commands.o [1]
CmdUser_writeRNDT       0x08004e19   0x28  Code  Gb  commands.o [1]
CmdUser_writeRNOISPER   0x08004c11   0x2a  Code  Gb  commands.o [1]
CmdVersion              0x08000185   0x32  Code  Gb  commands.o [1]
DataReadyContinueFlag   0x200007d1    0x1  Data  Lc  commands.o [1]
DataRedayCount          0x200007c2    0x2  Data  Gb  commands.o [1]
DebugFlag               0x20000149    0x1  Data  Lc  commands.o [1]
DebugMon_Handler        0x0800b9a5    0x2  Code  Gb  stm32f2xx_it.o [1]
DebugPrintEndline       0x080052a3    0xa  Code  Gb  debug.o [1]
DebugPrintFloat         0x08005211   0x92  Code  Gb  debug.o [1]
DebugPrintHex           0x080051f3   0x1e  Code  Gb  debug.o [1]
DebugPrintInt           0x080051d5   0x1e  Code  Gb  debug.o [1]
DebugPrintString        0x080051b5   0x20  Code  Gb  debug.o [1]
DebugSerialPutChar      0x0800747f   0x26  Code  Gb  debug_usart.o [1]
DebugSerialReadLine     0x08007431   0x4e  Code  Gb  debug_usart.o [1]
DelayMs                 0x08006085   0x10  Code  Gb  timer.o [1]
DelayTime               0x20000130    0x4  Data  Lc  commands.o [1]
Drdy_Output             0x080049b5   0x3a  Code  Gb  commands.o [1]
EXTI15_10_IRQHandler    0x08000259   0x1a  Code  Gb  commands.o [1]
EXTI3_IRQHandler        0x0800023f   0x1a  Code  Gb  commands.o [1]
EXTI9_5_IRQHandler      0x08000273   0x50  Code  Gb  commands.o [1]
EXTI_ClearITPendingBit  0x08005917    0x6  Code  Gb  stm32f2xx_exti.o [1]
EXTI_GetITStatus        0x080058ef   0x28  Code  Gb  stm32f2xx_exti.o [1]
EXTI_Init               0x08005855   0x88  Code  Gb  stm32f2xx_exti.o [1]
EXTI_StructInit         0x080058dd   0x12  Code  Gb  stm32f2xx_exti.o [1]
ElapsedTime_sec         0x20000794    0x4  Data  Gb  SyncTimer.o [1]
ElapsedTime_usec        0x20000798    0x4  Data  Gb  SyncTimer.o [1]
FLASH_DataCacheCmd      0x08007b6d   0x2a  Code  Gb  stm32f2xx_flash.o [1]
FLASH_InstructionCacheCmd
                        0x08007b43   0x2a  Code  Gb  stm32f2xx_flash.o [1]
FLASH_PrefetchBufferCmd
                        0x08007b19   0x2a  Code  Gb  stm32f2xx_flash.o [1]
FLASH_SetLatency        0x08007b11    0x8  Code  Gb  stm32f2xx_flash.o [1]
GPIO_Init               0x080056ad   0xaa  Code  Gb  stm32f2xx_gpio.o [1]
GPIO_PIN                0x0800d2a0    0x8  Data  Gb  iar_stm32f207zg_sk.o [1]
GPIO_PORT               0x200000fc   0x10  Data  Gb  iar_stm32f207zg_sk.o [1]
GPIO_PinAFConfig        0x08005785   0x5a  Code  Gb  stm32f2xx_gpio.o [1]
GPIO_ResetBits          0x08005773    0x4  Code  Gb  stm32f2xx_gpio.o [1]
GPIO_SetBits            0x0800576f    0x4  Code  Gb  stm32f2xx_gpio.o [1]
GPIO_StructInit         0x08005757   0x18  Code  Gb  stm32f2xx_gpio.o [1]
GPIO_WriteBit           0x08005777    0xe  Code  Gb  stm32f2xx_gpio.o [1]
HardFault               0x20000738   0x20  Data  Gb  stm32f2xx_it.o [1]
HardFault_Handler       0x0800b97d   0x22  Code  Gb  stm32f2xx_it.o [1]
InStream_Read           0x0800aad1   0x22  Code  Lc  packbits_init.o [5]
InitCommandLine         0x08005a73    0x8  Code  Gb  commandLine.o [1]
InitCommunication_UserSPI
                        0x0800695f   0x66  Code  Gb  UserCommunication_SPI.o [1]
InitDebugSerialCommunication
                        0x080074a5   0xe4  Code  Gb  debug_usart.o [1]
InitGPIOPin_DataReady   0x08007365   0x38  Code  Gb  ConfigureGPIOPins.o [1]
InitGPIOPin_SharedCommunication
                        0x080073d5   0x4e  Code  Gb  ConfigureGPIOPins.o [1]
InitGPIOPin_Sync        0x0800739d   0x38  Code  Gb  ConfigureGPIOPins.o [1]
InitSystemTimer         0x08006095   0x14  Code  Gb  timer.o [1]
InitTimer_TIM5          0x0800a209   0x70  Code  Gb  SyncTimer.o [1]
MemManage_Handler       0x0800b99f    0x2  Code  Gb  stm32f2xx_it.o [1]
NMI_Handler             0x0800b945    0x2  Code  Gb  stm32f2xx_it.o [1]
NVIC_Init               0x08005931   0x6a  Code  Gb  misc.o [1]
NVIC_SetPriority        0x08006005   0x26  Code  Lc  timer.o [1]
ODR_Hz                  0x20000134    0x4  Data  Lc  commands.o [1]
OSClrWDTHook            0x08009bb9    0x2  Code  Gb  salvohook_wdt.o [1]
OSCreateBinSem          0x080083f1   0x20  Code  Gb  salvobinsem.o [6]
OSCreateTask            0x0800a8a5   0x54  Code  Gb  salvoinit2.o [6]
OSCtxSw                 0x08009be9         Code  Gb  salvoportiararm.o [6]
OSDelDelayQ             0x080092cb   0x50  Code  Gb  salvoqdel.o [6]
OSDelPrioQ              0x08009281   0x4a  Code  Gb  salvoqdel.o [6]
OSDisableHook           0x080059ad    0xe  Code  Gb  salvohook_interrupt.o [1]
OSDispatch              0x08009bbd         Code  Gb  salvoportiararm.o [6]
OSEnableHook            0x080059bd   0x16  Code  Gb  salvohook_interrupt.o [1]
OSIdlingHook            0x08009c29    0x2  Code  Gb  salvohook_idle.o [1]
OSInit                  0x0800a85d   0x48  Code  Gb  salvoinit.o [6]
OSInitPrioTask          0x0800a901   0x1e  Code  Gb  salvoinit2.o [6]
OSInsDelayQ             0x08009365   0x62  Code  Gb  salvoqins.o [6]
OSInsPrioQ              0x08009321   0x44  Code  Gb  salvoqins.o [6]
OSReturn                0x08009c1b         Code  Gb  salvoportiararm.o [6]
OSSched                 0x080099a1  0x218  Code  Gb  salvosched.o [6]
OSSignalBinSem          0x08008449   0x6e  Code  Gb  salvobinsem.o [6]
OSTimer                 0x080078e1   0x2c  Code  Gb  salvotimer.o [6]
OSWaitBinSem            0x08008411   0x38  Code  Gb  salvobinsem.o [6]
OSWaitEvent             0x08008959  0x12c  Code  Gb  salvoevent.o [6]
OScTcbP                 0x200007a4    0x4  Data  Gb  salvomem.o [6]
OSdelayQP               0x200007b4    0x4  Data  Gb  salvomem.o [6]
OSecbArea               0x2000034c  0x12c  Data  Gb  salvomem.o [6]
OSeligQP                0x200007a8    0x4  Data  Gb  salvomem.o [6]
OSframeP                0x200007bc    0x4  Data  Gb  salvomem.o [6]
OSlostTicks             0x200007d5    0x1  Data  Gb  salvomem.o [6]
OSsigQinP               0x200007ac    0x4  Data  Gb  salvomem.o [6]
OSsigQoutP              0x200007b0    0x4  Data  Gb  salvomem.o [6]
OStcbArea               0x20000578   0xf0  Data  Gb  salvomem.o [6]
OStimerTicks            0x200007b8    0x4  Data  Gb  salvomem.o [6]
OnePPSCount             0x200007c8    0x2  Data  Gb  SyncTimer.o [1]
OnePPSCountFlag         0x200007ca    0x2  Data  Gb  SyncTimer.o [1]
OnePPSTest              0x200007d2    0x1  Data  Gb  commands.o [1]
PowerInit               0x0800687b   0x38  Code  Gb  bsp.o [1]
PowerOff                0x0800685f    0xe  Code  Gb  bsp.o [1]
PowerOn                 0x0800686d    0xe  Code  Gb  bsp.o [1]
RCC_AHB1PeriphClockCmd  0x0800557d   0x1e  Code  Gb  stm32f2xx_rcc.o [1]
RCC_APB1PeriphClockCmd  0x0800559b   0x1e  Code  Gb  stm32f2xx_rcc.o [1]
RCC_APB1PeriphResetCmd  0x080055d7   0x1e  Code  Gb  stm32f2xx_rcc.o [1]
RCC_APB2PeriphClockCmd  0x080055b9   0x1e  Code  Gb  stm32f2xx_rcc.o [1]
RCC_APB2PeriphResetCmd  0x080055f5   0x1e  Code  Gb  stm32f2xx_rcc.o [1]
RCC_DeInit              0x08005345   0x4e  Code  Gb  stm32f2xx_rcc.o [1]
RCC_GetClocksFreq       0x0800547d  0x100  Code  Gb  stm32f2xx_rcc.o [1]
RCC_GetFlagStatus       0x08005613   0x50  Code  Gb  stm32f2xx_rcc.o [1]
RCC_GetSYSCLKSource     0x08005427    0xc  Code  Gb  stm32f2xx_rcc.o [1]
RCC_HCLKConfig          0x08005433   0x18  Code  Gb  stm32f2xx_rcc.o [1]
RCC_HSEConfig           0x08005393   0x10  Code  Gb  stm32f2xx_rcc.o [1]
RCC_PCLK1Config         0x0800544b   0x18  Code  Gb  stm32f2xx_rcc.o [1]
RCC_PCLK2Config         0x08005463   0x1a  Code  Gb  stm32f2xx_rcc.o [1]
RCC_PLLCmd              0x08005405    0xa  Code  Gb  stm32f2xx_rcc.o [1]
RCC_PLLConfig           0x080053e3   0x22  Code  Gb  stm32f2xx_rcc.o [1]
RCC_SYSCLKConfig        0x0800540f   0x18  Code  Gb  stm32f2xx_rcc.o [1]
RCC_WaitForHSEStartUp   0x080053a3   0x40  Code  Gb  stm32f2xx_rcc.o [1]
RCC_config              0x080068d1   0x7e  Code  Gb  bsp.o [1]
ReadFromRegisters       0x08005e03   0xc0  Code  Gb  spi.o [1]
ReadFromRegisters_noChipSelect
                        0x08005ec3   0xa6  Code  Gb  spi.o [1]
Read_from_register      0x080059d9   0x34  Code  Gb  commandLine.o [1]
Region$$Table$$Base     0x0800c738          --   Gb  - Linker created -
Region$$Table$$Limit    0x0800c764          --   Gb  - Linker created -
RxWord                  0x20000478  0x100  Data  Lc  commands.o [1]
SPI3_IRQHandler         0x08005d49    0xc  Code  Gb  spi.o [1]
SPI_Cmd                 0x080078ab   0x1c  Code  Gb  stm32f2xx_spi.o [1]
SPI_I2S_DeInit          0x080077e1   0x58  Code  Gb  stm32f2xx_spi.o [1]
SPI_I2S_GetFlagStatus   0x080078c7   0x18  Code  Gb  stm32f2xx_spi.o [1]
SPI_Init                0x08007839   0x40  Code  Gb  stm32f2xx_spi.o [1]
SPI_Mode                0x2000014a    0x1  Data  Gb  commands.o [1]
SPI_StructInit          0x08007885   0x26  Code  Gb  stm32f2xx_spi.o [1]
STM_EVAL_LEDOff         0x08007ad5   0x14  Code  Gb  iar_stm32f207zg_sk.o [1]
STM_EVAL_LEDOn          0x08007ac1   0x14  Code  Gb  iar_stm32f207zg_sk.o [1]
STM_EVAL_LEDToggle      0x08007ae9   0x20  Code  Gb  iar_stm32f207zg_sk.o [1]
SYSCFG_EXTILineConfig   0x08005801   0x50  Code  Gb  stm32f2xx_syscfg.o [1]
SetSysClock             0x08007c91   0xb6  Code  Lc  system_stm32f2xx.o [1]
SysTick_Config          0x0800602b   0x30  Code  Lc  timer.o [1]
SysTick_Handler         0x0800605b   0x2a  Code  Gb  timer.o [1]
SystemCoreClock         0x20000138    0x4  Data  Gb  system_stm32f2xx.o [1]
SystemCoreClockUpdate   0x08007be3   0xae  Code  Gb  system_stm32f2xx.o [1]
SystemInit              0x08007b9d   0x46  Code  Gb  system_stm32f2xx.o [1]
TIM5_IRQHandler         0x0800a279   0x9c  Code  Gb  SyncTimer.o [1]
TIM_Cmd                 0x0800a3d7   0x1c  Code  Gb  stm32f2xx_tim.o [1]
TIM_ITConfig            0x0800a411   0x16  Code  Gb  stm32f2xx_tim.o [1]
TIM_TimeBaseInit        0x0800a355   0x6a  Code  Gb  stm32f2xx_tim.o [1]
TIM_TimeBaseStructInit  0x0800a3bf   0x18  Code  Gb  stm32f2xx_tim.o [1]
TaskCommandLine         0x0800a80d   0x26  Code  Gb  main.o [1]
ToggleCSFlag            0x2000014b    0x1  Data  Lc  commands.o [1]
ToggleSyncPin           0x200007d3    0x1  Data  Gb  SyncTimer.o [1]
TotalTests              0x2000012c    0x4  Data  Lc  commands.o [1]
TotalWords              0x200007cf    0x1  Data  Lc  commands.o [1]
USART2_IRQHandler       0x08007589   0x64  Code  Gb  debug_usart.o [1]
USART_Cmd               0x08008351   0x1c  Code  Gb  stm32f2xx_usart.o [1]
USART_GetFlagStatus     0x080083d3   0x1e  Code  Gb  stm32f2xx_usart.o [1]
USART_ITConfig          0x0800837d   0x56  Code  Gb  stm32f2xx_usart.o [1]
USART_Init              0x08008255   0xee  Code  Gb  stm32f2xx_usart.o [1]
USART_ReceiveData       0x08008375    0x8  Code  Gb  stm32f2xx_usart.o [1]
USART_SendData          0x0800836d    0x8  Code  Gb  stm32f2xx_usart.o [1]
UsageFault_Handler      0x0800b9a3    0x2  Code  Gb  stm32f2xx_it.o [1]
WaitForDRDY             0x20000148    0x1  Data  Lc  commands.o [1]
WriteToRegister         0x08005f69   0x78  Code  Gb  spi.o [1]
Write_to_register       0x08005a0d   0x48  Code  Gb  commandLine.o [1]
_BurstRead              0x080010c9  0x17e  Code  Gb  commands.o [1]
_DisplayMesage_A1       0x08004239  0x126  Code  Gb  commands.o [1]
_DisplayMesage_A2       0x08004379  0x126  Code  Gb  commands.o [1]
_DisplayMesage_F1       0x08003de9  0x104  Code  Gb  commands.o [1]
_DisplayMesage_N1       0x080044b1  0x116  Code  Gb  commands.o [1]
_DisplayMesage_S0       0x08003f15   0xec  Code  Gb  commands.o [1]
_DisplayMesage_S1       0x08004011  0x21e  Code  Gb  commands.o [1]
_DisplayMesage_Stnd     0x08003cb1  0x122  Code  Gb  commands.o [1]
_InitDataReady          0x080001b7   0x88  Code  Gb  commands.o [1]
_IsdstStr               0x2000008c    0x4  Data  Gb  setlocale.o [3]
_LocaleC_isalpha        0x080093e5   0x16  Code  Gb  xlocale_c.o [3]
_LocaleC_isspace        0x080093fb   0x14  Code  Gb  xlocale_c.o [3]
_LocaleC_tolower        0x0800940f    0xc  Code  Gb  xlocale_c.o [3]
_LocaleForCat           0x080093cd   0x12  Code  Gb  setlocale.o [3]
_LocaleReturnString     0x200000ac   0x50  Data  Lc  setlocale.o [3]
_Locale_Profile         0x20000090   0x1c  Data  Gb  setlocale.o [3]
_Locale_aeabi_lconv     0x20000050   0x38  Data  Gb  localeconv.o [3]
_Locale_lconv           0x20000000   0x50  Data  Gb  localeconv.o [3]
_PrintHeader            0x08003c19   0x70  Code  Gb  commands.o [1]
_SPI3_Init              0x08005be1  0x144  Code  Gb  spi.o [1]
_SendIndraConfigCmds    0x08003931   0xdc  Code  Gb  commands.o [1]
_SendJDConfigCmds       0x08003845   0xdc  Code  Gb  commands.o [1]
_SetOutputDataRate      0x08003b45   0xcc  Code  Gb  commands.o [1]
_SetSPIClockSpeed       0x08004799   0x4e  Code  Gb  commands.o [1]
_Stoflt                 0x08008c4d  0x1b8  Code  Gb  xstoflt.o [3]
_Stopfx                 0x08008b19  0x134  Code  Gb  xstopfx.o [3]
_Stoxflt                0x08009069  0x1e2  Code  Gb  xstoxflt.o [3]
_ToggleInputPin         0x08003a31   0xee  Code  Gb  commands.o [1]
_TzoneStr               0x20000088    0x4  Data  Gb  setlocale.o [3]
_UserCommSpiDMADoneCallback
                        0x08006951    0xe  Code  Lc  UserCommunication_SPI.o [1]
_WhoAmI                 0x080037d1   0x5e  Code  Gb  commands.o [1]
__aeabi_cdcmpeq         0x08007e3d         Code  Gb  DblCmpEq.o [4]
__aeabi_cdcmple         0x08006a31         Code  Gb  DblCmpLe.o [4]
__aeabi_cdrcmple        0x08006a01         Code  Gb  DblCmpGe.o [4]
__aeabi_cfcmple         0x08007341         Code  Gb  FltCmpLe.o [4]
__aeabi_cfrcmple        0x0800638d         Code  Gb  FltCmpGe.o [4]
__aeabi_d2f             0x080062fd         Code  Gb  DblToFlt.o [4]
__aeabi_d2iz            0x080067a5         Code  Gb  DblToI32.o [4]
__aeabi_dadd            0x080063fd         Code  Gb  DblAdd.o [4]
__aeabi_ddiv            0x0800655d         Code  Gb  DblDiv.o [4]
__aeabi_dmul            0x08006159         Code  Gb  DblMul.o [4]
__aeabi_dsub            0x08007941         Code  Gb  DblSub.o [4]
__aeabi_errno_addr      0x08007e5d    0x6  Code  Gb  errno.o [3]
__aeabi_f2d             0x08006109         Code  Gb  FltToDbl.o [4]
__aeabi_f2iz            0x080063b1         Code  Gb  FltToS32.o [4]
__aeabi_fmul            0x080076f9         Code  Gb  FltMul.o [4]
__aeabi_fsub            0x08007611         Code  Gb  FltSub.o [4]
__aeabi_i2d             0x080069d5         Code  Gb  I32ToDbl.o [4]
__aeabi_i2f             0x080060d5         Code  Gb  I32ToFlt.o [4]
__aeabi_memclr4         0x080060cd         Code  Gb  ABImemclr4.o [5]
__aeabi_ui2f            0x080060e9         Code  Gb  I32ToFlt.o [4]
__cmain                 0x0800cac5         Code  Gb  cmain.o [5]
__exit                  0x0800abad   0x14  Code  Gb  exit.o [7]
__iar_Dint              0x08007dbf   0x7e  Code  Gb  xdint.o [4]
__iar_Dnorm             0x08007d7d   0x42  Code  Gb  xdnorm.o [4]
__iar_Dscale            0x0800884d  0x10c  Code  Gb  xdscale.o [4]
__iar_Dtentox           0x08008ebb  0x14c  Code  Gb  xdtento.o [4]
__iar_Dtest             0x0800881b   0x32  Code  Gb  xdtest.o [4]
__iar_Dunscale          0x08009489   0x56  Code  Gb  xdunscal.o [4]
__iar_Errno             0x20000140    0x4  Data  Gb  errno.o [3]
__iar_Exp               0x08007f15  0x29e  Code  Gb  xexp.o [4]
__iar_Locale_lconv_init
                        0x0800941d   0x3a  Code  Gb  localeconv.o [3]
__iar_Logpoly           0x08007e69   0x70  Code  Gb  xlog.o [4]
__iar_Memchr            0x08008ac1         Code  Gb  memchr.o [5]
__iar_Memset4_word      0x0800790d         Code  Gb  ABImemset48.o [5]
__iar_Memset8_word      0x0800790d         Code  Gb  ABImemset48.o [5]
__iar_Stod              0x08008815    0x4  Code  Gb  xstod.o [4]
__iar_Stodx             0x080086cd  0x13a  Code  Gb  xstod.o [4]
__iar_Stoul             0x08008679    0x4  Code  Gb  xstoul.o [3]
__iar_Stoulx            0x08008535  0x13e  Code  Gb  xstoul.o [3]
__iar_d2uiz             0x080067d1         Code  Gb  DblToI32.o [4]
__iar_dadd              0x08006411         Code  Gb  DblAdd.o [4]
__iar_data_init3        0x0800c345   0x28  Code  Gb  data_init.o [5]
__iar_dlib_perthread_access
                        0x08008819    0x2  Code  Gb  xtls.o [3]
__iar_dsub              0x08007955         Code  Gb  DblSub.o [4]
__iar_dsubStart         0x08007967         Code  Gb  DblSub.o [4]
__iar_fadd              0x080084c1         Code  Gb  FltAdd.o [4]
__iar_fsub              0x08007621         Code  Gb  FltSub.o [4]
__iar_fsubStart         0x08007631         Code  Gb  FltSub.o [4]
__iar_packbits_init3    0x0800aaf3   0xb2  Code  Gb  packbits_init.o [5]
__iar_program_start     0x0800d0ed         Code  Gb  cstartup_M.o [5]
__iar_strcmp            0x080067f1         Code  Gb  strcmp_unaligned.o [5]
__iar_ui2d              0x080069e9         Code  Gb  I32ToDbl.o [4]
__iar_ui2f              0x080060ed         Code  Gb  I32ToFlt.o [4]
__iar_unaligned_strcmp  0x080067f1         Code  Gb  strcmp_unaligned.o [5]
__iar_zero_init3        0x080057df   0x22  Code  Gb  zero_init3.o [5]
__low_level_init        0x0800cadf    0x4  Code  Gb  low_level_init.o [3]
__vector_table          0x08000000         Data  Gb  startup_stm32f2xx.o [1]
_call_main              0x0800cad1         Code  Gb  cmain.o [5]
_exit                   0x0800cae9         Code  Gb  cexit.o [5]
_main                   0x0800cadb         Code  Gb  cmain.o [5]
_spi_set_baud           0x08005d55   0x5a  Code  Gb  spi.o [1]
abort                   0x0800aba5    0x6  Code  Gb  abort.o [3]
abs                     0x080063f5    0x8  Code  Gb  abs.o [3]
atof                    0x080077d9    0x8  Code  Gb  atof.o [4]
atoi                    0x080077d1    0x8  Code  Gb  atoi.o [3]
digits                  0x0800867c   0x28  Data  Lc  xstoul.o [3]
displayHex              0x200007d0    0x1  Data  Lc  commands.o [1]
dmul                    0x08008e69   0x52  Code  Lc  xdtento.o [4]
dt_usec                 0x2000079c    0x4  Data  Gb  SyncTimer.o [1]
endingAddress           0x200007ce    0x1  Data  Lc  commands.o [1]
exit                    0x0800cae3    0x4  Code  Gb  exit.o [3]
freqRatio               0x20000144    0x2  Data  Gb  SyncTimer.o [1]
gCircRxBufMemory        0x20000668   0x80  Data  Lc  debug_usart.o [1]
gCircTxBufMemory        0x2000014c  0x200  Data  Lc  debug_usart.o [1]
gCmdLine                0x200006e8   0x50  Data  Lc  commandLine.o [1]
gCmdLineIndex           0x20000780    0x4  Data  Lc  commandLine.o [1]
gCommands               0x080094e0  0x4c0  Data  Gb  commandTable.o [1]
gDebugUsartRxCircBuf    0x20000758   0x10  Data  Lc  debug_usart.o [1]
gDebugUsartTxCircBuf    0x20000768   0x10  Data  Lc  debug_usart.o [1]
gIsrDisableCount        0x2000078c    0x4  Data  Lc  salvohook_interrupt.o [1]
gOsSysTicks             0x2000013c    0x4  Data  Lc  timer.o [1]
gSPI3CallbackOnDMAComplete
                        0x20000790    0x4  Data  Gb  spi.o [1]
gSysTicks               0x200007a0    0x4  Data  Lc  timer.o [1]
internal_Pow            0x08006ae1  0x428  Code  Lc  pow.o [4]
isalpha                 0x08008a85   0x14  Code  Gb  isxxx.o [3]
isspace                 0x08008a99   0x14  Code  Gb  isxxx.o [3]
itoa                    0x080052c1   0x84  Code  Lc  debug.o [1]
led_off                 0x08006843    0xe  Code  Gb  bsp.o [1]
led_on                  0x08006835    0xe  Code  Gb  bsp.o [1]
led_toggle              0x08006851    0xe  Code  Gb  bsp.o [1]
lnbias                  0x08006f20  0x420  Data  Lc  pow.o [4]
localeconv              0x08009457   0x16  Code  Gb  localeconv.o [3]
main                    0x0800a77d   0x8e  Code  Gb  main.o [1]
memchr                  0x08008ac1         Code  Gb  memchr.o [5]
msgType                 0x20000778    0x8  Data  Lc  commands.o [1]
nabs                    0x08003c11    0x8  Code  Gb  commands.o [1]
ndigs                   0x080086a4   0x28  Data  Lc  xstoul.o [3]
numberOfBytes           0x20000147    0x1  Data  Lc  commands.o [1]
pow                     0x08006f0f    0xe  Code  Gb  pow.o [4]
pows                    0x08009020   0x48  Data  Lc  xdtento.o [4]
read_write_37           0x0800506d   0x3a  Code  Gb  commands.o [1]
save_fault_cpu_state    0x0800b947   0x32  Code  Lc  stm32f2xx_it.o [1]
spi_configure           0x08005d25   0x24  Code  Gb  spi.o [1]
spi_go_even_faster      0x08005dbd    0xe  Code  Gb  spi.o [1]
spi_go_fast             0x08005daf    0xe  Code  Gb  spi.o [1]
spi_go_faster           0x08005dd9    0xe  Code  Gb  spi.o [1]
spi_go_really_slow      0x08005df5    0xe  Code  Gb  spi.o [1]
spi_go_slightly_faster  0x08005dcb    0xe  Code  Gb  spi.o [1]
spi_go_slow             0x08005de7    0xe  Code  Gb  spi.o [1]
startingAddress         0x20000146    0x1  Data  Lc  commands.o [1]
strcpy                  0x08006549   0x14  Code  Gb  utilities.o [1]
strtok_r                0x080064e5   0x64  Code  Gb  utilities.o [1]
tolower                 0x08008aad   0x14  Code  Gb  tolower.o [3]


[1] = E:\ST_SPI_FW\SPI_MasterV1.0.4\software\Trunk\iar\Debug\Obj
[2] = command line
[3] = dl7M_tlf.a
[4] = m7M_tl.a
[5] = rt7M_tl.a
[6] = salvo.a
[7] = shb_l.a

  40 247 bytes of readonly  code memory
  14 108 bytes of readonly  data memory
   3 030 bytes of readwrite data memory

Errors: none
Warnings: none
