###############################################################################
#
# IAR ELF Linker V7.10.1.6676/W32 for ARM                 13/Mar/2020  16:50:57
# Copyright 2007-2014 IAR Systems AB.
#
#    Output file  =  
#        E:\ST_SPI_FW\SPI_MasterV1.0.4\software\Trunk\iar\Debug\Exe\DMU380.out
#    Map file     =  
#        E:\ST_SPI_FW\SPI_MasterV1.0.4\software\Trunk\iar\Debug\List\DMU380.map
#    Command line =  
#        E:\ST_SPI_FW\SPI_MasterV1.0.4\software\Trunk\iar\Debug\Obj\bsp.o
#        E:\ST_SPI_FW\SPI_MasterV1.0.4\software\Trunk\iar\Debug\Obj\circbuf.o
#        E:\ST_SPI_FW\SPI_MasterV1.0.4\software\Trunk\iar\Debug\Obj\commandLine.o
#        E:\ST_SPI_FW\SPI_MasterV1.0.4\software\Trunk\iar\Debug\Obj\commands.o
#        E:\ST_SPI_FW\SPI_MasterV1.0.4\software\Trunk\iar\Debug\Obj\commandTable.o
#        E:\ST_SPI_FW\SPI_MasterV1.0.4\software\Trunk\iar\Debug\Obj\ConfigureGPIOPins.o
#        E:\ST_SPI_FW\SPI_MasterV1.0.4\software\Trunk\iar\Debug\Obj\debug.o
#        E:\ST_SPI_FW\SPI_MasterV1.0.4\software\Trunk\iar\Debug\Obj\debug_usart.o
#        E:\ST_SPI_FW\SPI_MasterV1.0.4\software\Trunk\iar\Debug\Obj\iar_stm32f207zg_sk.o
#        E:\ST_SPI_FW\SPI_MasterV1.0.4\software\Trunk\iar\Debug\Obj\main.o
#        E:\ST_SPI_FW\SPI_MasterV1.0.4\software\Trunk\iar\Debug\Obj\misc.o
#        E:\ST_SPI_FW\SPI_MasterV1.0.4\software\RtosSalvo\Iar\Debug\Exe\salvo.a
#        E:\ST_SPI_FW\SPI_MasterV1.0.4\software\Trunk\iar\Debug\Obj\salvohook_idle.o
#        E:\ST_SPI_FW\SPI_MasterV1.0.4\software\Trunk\iar\Debug\Obj\salvohook_interrupt.o
#        E:\ST_SPI_FW\SPI_MasterV1.0.4\software\Trunk\iar\Debug\Obj\salvohook_wdt.o
#        E:\ST_SPI_FW\SPI_MasterV1.0.4\software\Trunk\iar\Debug\Obj\spi.o
#        E:\ST_SPI_FW\SPI_MasterV1.0.4\software\Trunk\iar\Debug\Obj\startup_stm32f2xx.o
#        E:\ST_SPI_FW\SPI_MasterV1.0.4\software\Trunk\iar\Debug\Obj\stm32f2xx_adc.o
#        E:\ST_SPI_FW\SPI_MasterV1.0.4\software\Trunk\iar\Debug\Obj\stm32f2xx_can.o
#        E:\ST_SPI_FW\SPI_MasterV1.0.4\software\Trunk\iar\Debug\Obj\stm32f2xx_crc.o
#        E:\ST_SPI_FW\SPI_MasterV1.0.4\software\Trunk\iar\Debug\Obj\stm32f2xx_cryp.o
#        E:\ST_SPI_FW\SPI_MasterV1.0.4\software\Trunk\iar\Debug\Obj\stm32f2xx_cryp_aes.o
#        E:\ST_SPI_FW\SPI_MasterV1.0.4\software\Trunk\iar\Debug\Obj\stm32f2xx_cryp_des.o
#        E:\ST_SPI_FW\SPI_MasterV1.0.4\software\Trunk\iar\Debug\Obj\stm32f2xx_cryp_tdes.o
#        E:\ST_SPI_FW\SPI_MasterV1.0.4\software\Trunk\iar\Debug\Obj\stm32f2xx_dac.o
#        E:\ST_SPI_FW\SPI_MasterV1.0.4\software\Trunk\iar\Debug\Obj\stm32f2xx_dbgmcu.o
#        E:\ST_SPI_FW\SPI_MasterV1.0.4\software\Trunk\iar\Debug\Obj\stm32f2xx_dcmi.o
#        E:\ST_SPI_FW\SPI_MasterV1.0.4\software\Trunk\iar\Debug\Obj\stm32f2xx_dma.o
#        E:\ST_SPI_FW\SPI_MasterV1.0.4\software\Trunk\iar\Debug\Obj\stm32f2xx_exti.o
#        E:\ST_SPI_FW\SPI_MasterV1.0.4\software\Trunk\iar\Debug\Obj\stm32f2xx_flash.o
#        E:\ST_SPI_FW\SPI_MasterV1.0.4\software\Trunk\iar\Debug\Obj\stm32f2xx_fsmc.o
#        E:\ST_SPI_FW\SPI_MasterV1.0.4\software\Trunk\iar\Debug\Obj\stm32f2xx_gpio.o
#        E:\ST_SPI_FW\SPI_MasterV1.0.4\software\Trunk\iar\Debug\Obj\stm32f2xx_hash.o
#        E:\ST_SPI_FW\SPI_MasterV1.0.4\software\Trunk\iar\Debug\Obj\stm32f2xx_hash_md5.o
#        E:\ST_SPI_FW\SPI_MasterV1.0.4\software\Trunk\iar\Debug\Obj\stm32f2xx_hash_sha1.o
#        E:\ST_SPI_FW\SPI_MasterV1.0.4\software\Trunk\iar\Debug\Obj\stm32f2xx_i2c.o
#        E:\ST_SPI_FW\SPI_MasterV1.0.4\software\Trunk\iar\Debug\Obj\stm32f2xx_it.o
#        E:\ST_SPI_FW\SPI_MasterV1.0.4\software\Trunk\iar\Debug\Obj\stm32f2xx_iwdg.o
#        E:\ST_SPI_FW\SPI_MasterV1.0.4\software\Trunk\iar\Debug\Obj\stm32f2xx_pwr.o
#        E:\ST_SPI_FW\SPI_MasterV1.0.4\software\Trunk\iar\Debug\Obj\stm32f2xx_rcc.o
#        E:\ST_SPI_FW\SPI_MasterV1.0.4\software\Trunk\iar\Debug\Obj\stm32f2xx_rng.o
#        E:\ST_SPI_FW\SPI_MasterV1.0.4\software\Trunk\iar\Debug\Obj\stm32f2xx_rtc.o
#        E:\ST_SPI_FW\SPI_MasterV1.0.4\software\Trunk\iar\Debug\Obj\stm32f2xx_sdio.o
#        E:\ST_SPI_FW\SPI_MasterV1.0.4\software\Trunk\iar\Debug\Obj\stm32f2xx_spi.o
#        E:\ST_SPI_FW\SPI_MasterV1.0.4\software\Trunk\iar\Debug\Obj\stm32f2xx_syscfg.o
#        E:\ST_SPI_FW\SPI_MasterV1.0.4\software\Trunk\iar\Debug\Obj\stm32f2xx_tim.o
#        E:\ST_SPI_FW\SPI_MasterV1.0.4\software\Trunk\iar\Debug\Obj\stm32f2xx_usart.o
#        E:\ST_SPI_FW\SPI_MasterV1.0.4\software\Trunk\iar\Debug\Obj\stm32f2xx_wwdg.o
#        E:\ST_SPI_FW\SPI_MasterV1.0.4\software\Trunk\iar\Debug\Obj\SyncTimer.o
#        E:\ST_SPI_FW\SPI_MasterV1.0.4\software\Trunk\iar\Debug\Obj\system_stm32f2xx.o
#        E:\ST_SPI_FW\SPI_MasterV1.0.4\software\Trunk\iar\Debug\Obj\timer.o
#        E:\ST_SPI_FW\SPI_MasterV1.0.4\software\Trunk\iar\Debug\Obj\UserCommunication_SPI.o
#        E:\ST_SPI_FW\SPI_MasterV1.0.4\software\Trunk\iar\Debug\Obj\utilities.o
#        -o
#        E:\ST_SPI_FW\SPI_MasterV1.0.4\software\Trunk\iar\Debug\Exe\DMU380.out
#        --map
#        E:\ST_SPI_FW\SPI_MasterV1.0.4\software\Trunk\iar\Debug\List\DMU380.map
#        --log initialization,modules,redirects,sections,unused_fragments
#        --log_file
#        E:\ST_SPI_FW\SPI_MasterV1.0.4\software\Trunk\iar\Debug\List\DMU380.log
#        --config
#        E:\ST_SPI_FW\SPI_MasterV1.0.4\software\Trunk\iar\..\src\board\stm32f2xx_flash.icf
#        --semihosting --entry __iar_program_start --redirect
#        __iar_sh_stdout=__iar_sh_stdout_swo --no_exceptions "D:\Program Files
#        (x86)\IAR Systems\Embedded Workbench
#        7.0\arm\CMSIS\Lib\IAR\iar_cortexM3l_math.a" --vfe
#
###############################################################################

*******************************************************************************
*** RUNTIME MODEL ATTRIBUTES
***

CppFlavor                     = *
__SystemLibrary               = DLib
__dlib_dynamic_initialization = normal


*******************************************************************************
*** PLACEMENT SUMMARY
***

"A1":  place at 0x08000000 { ro section .intvec };
"P2":  place in [from 0x08000000 to 0x080dffff] { ro };
"P3":  place in [from 0x20000000 to 0x20020000] { rw, block CSTACK, block HEAP };

  Section             Kind        Address    Size  Object
  -------             ----        -------    ----  ------
"A1":                                       0x184
  .intvec             ro code  0x08000000   0x184  startup_stm32f2xx.o [1]
                             - 0x08000184   0x184

"P2":                                      0xd3ab
  .text               ro code  0x08000184  0x509c  commands.o [1]
  .text               ro code  0x08005220   0x190  debug.o [1]
  .text               ro code  0x080053b0   0x368  stm32f2xx_rcc.o [1]
  .text               ro code  0x08005718   0x132  stm32f2xx_gpio.o [1]
  .text               ro code  0x0800584a    0x22  zero_init3.o [5]
  .text               ro code  0x0800586c    0x54  stm32f2xx_syscfg.o [1]
  .text               ro code  0x080058c0    0xdc  stm32f2xx_exti.o [1]
  .text               ro code  0x0800599c    0x7c  misc.o [1]
  .text               ro code  0x08005a18    0x2c  salvohook_interrupt.o [1]
  .text               ro code  0x08005a44   0x268  commandLine.o [1]
  .text               ro code  0x08005cac   0x424  spi.o [1]
  .text               ro code  0x080060d0    0xc8  timer.o [1]
  .text               ro code  0x08006198     0x6  ABImemclr4.o [5]
  .rodata             const    0x0800619e     0x2  commandTable.o [1]
  .text               ro code  0x080061a0    0x32  I32ToFlt.o [4]
  .rodata             const    0x080061d2     0x2  commandTable.o [1]
  .text               ro code  0x080061d4    0x4e  FltToDbl.o [4]
  .rodata             const    0x08006222     0x2  commandTable.o [1]
  .text               ro code  0x08006224   0x1a2  DblMul.o [4]
  .rodata             const    0x080063c6     0x1  commandTable.o [1]
  .text               ro code  0x080063c8    0x90  DblToFlt.o [4]
  .text               ro code  0x08006458    0x24  FltCmpGe.o [4]
  .text               ro code  0x0800647c    0x44  FltToS32.o [4]
  .text               ro code  0x080064c0     0x8  abs.o [3]
  .text               ro code  0x080064c8    0xe8  DblAdd.o [4]
  .text               ro code  0x080065b0    0x78  utilities.o [1]
  .text               ro code  0x08006628   0x246  DblDiv.o [4]
  .text               ro code  0x08006870    0x4c  DblToI32.o [4]
  .text               ro code  0x080068bc    0x42  strcmp_unaligned.o [5]
  .text               ro code  0x08006900   0x11a  bsp.o [1]
  .text               ro code  0x08006a1c    0x84  UserCommunication_SPI.o [1]
  .text               ro code  0x08006aa0    0x2c  I32ToDbl.o [4]
  .text               ro code  0x08006acc    0x2e  DblCmpGe.o [4]
  .text               ro code  0x08006afc    0x2e  DblCmpLe.o [4]
  .text               ro code  0x08006b30   0x860  pow.o [4]
  .text               ro code  0x08007390    0x24  FltCmpLe.o [4]
  .text               ro code  0x080073b4    0xcc  ConfigureGPIOPins.o [1]
  .text               ro code  0x08007480   0x1e0  debug_usart.o [1]
  .text               ro code  0x08007660    0xe6  FltSub.o [4]
  .text               ro code  0x08007748    0xd8  FltMul.o [4]
  .text               ro code  0x08007820     0x8  atoi.o [3]
  .text               ro code  0x08007828     0x8  atof.o [4]
  .text               ro code  0x08007830    0xfe  stm32f2xx_spi.o [1]
  .text               ro code  0x08007930    0x2c  salvotimer.o [6]
  .text               ro code  0x0800795c    0x32  ABImemset48.o [5]
  .text               ro code  0x08007990   0x180  DblSub.o [4]
  .text               ro code  0x08007b10    0x50  iar_stm32f207zg_sk.o [1]
  .text               ro code  0x08007b60    0x8c  stm32f2xx_flash.o [1]
  .text               ro code  0x08007bec   0x1e0  system_stm32f2xx.o [1]
  .text               ro code  0x08007dcc    0x42  xdnorm.o [4]
  .text               ro code  0x08007e0e    0x7e  xdint.o [4]
  .text               ro code  0x08007e8c    0x20  DblCmpEq.o [4]
  .text               ro code  0x08007eac     0xc  errno.o [3]
  .text               ro code  0x08007eb8    0xac  xlog.o [4]
  .text               ro code  0x08007f64   0x2a4  xexp.o [4]
  .text               ro code  0x08008208    0x9a  circbuf.o [1]
  .text               ro code  0x080082a4   0x19c  stm32f2xx_usart.o [1]
  .text               ro code  0x08008440    0xd0  salvobinsem.o [6]
  .text               ro code  0x08008510    0x74  FltAdd.o [4]
  .text               ro code  0x08008584   0x198  xstoul.o [3]
  .text               ro code  0x0800871c   0x14c  xstod.o [4]
  .text               ro code  0x08008868     0x2  xtls.o [3]
  .text               ro code  0x0800886a    0x32  xdtest.o [4]
  .text               ro code  0x0800889c   0x10c  xdscale.o [4]
  .text               ro code  0x080089a8   0x12c  salvoevent.o [6]
  .text               ro code  0x08008ad4    0x28  isxxx.o [3]
  .text               ro code  0x08008afc    0x14  tolower.o [3]
  .text               ro code  0x08008b10    0x58  memchr.o [5]
  .text               ro code  0x08008b68   0x134  xstopfx.o [3]
  .text               ro code  0x08008c9c   0x1b8  xstoflt.o [3]
  .rodata             const    0x08008e54    0x7c  commandTable.o [1]
  .text               ro code  0x08008ed0   0x200  xdtento.o [4]
  .text               ro code  0x080090d0   0x218  xstoxflt.o [3]
  .text               ro code  0x080092e8    0xa0  salvoqdel.o [6]
  .text               ro code  0x08009388    0xac  salvoqins.o [6]
  .text               ro code  0x08009434    0x18  setlocale.o [3]
  .text               ro code  0x0800944c    0x16  xlocale_c.o [3]
  .text               ro code  0x08009462    0x14  xlocale_c.o [3]
  .text               ro code  0x08009476     0xc  xlocale_c.o [3]
  .text               ro code  0x08009484    0x6c  localeconv.o [3]
  .text               ro code  0x080094f0    0x56  xdunscal.o [4]
  .rodata             const    0x08009548   0x4c0  commandTable.o [1]
  .text               ro code  0x08009a08   0x218  salvosched.o [6]
  .text               ro code  0x08009c20     0x2  salvohook_wdt.o [1]
  CODE                ro code  0x08009c24    0x6c  salvoportiararm.o [6]
  .text               ro code  0x08009c90     0x2  salvohook_idle.o [1]
  .rodata             const    0x08009c94   0x17c  commandTable.o [1]
  .rodata             const    0x08009e10   0x178  commandTable.o [1]
  .rodata             const    0x08009f88   0x174  commandTable.o [1]
  .rodata             const    0x0800a0fc   0x174  commandTable.o [1]
  .text               ro code  0x0800a270   0x14c  SyncTimer.o [1]
  .text               ro code  0x0800a3bc    0xd2  stm32f2xx_tim.o [1]
  .rodata             const    0x0800a490   0x134  commandTable.o [1]
  .rodata             const    0x0800a5c4   0x130  commandTable.o [1]
  .rodata             const    0x0800a6f4    0xf0  commandTable.o [1]
  .text               ro code  0x0800a7e4    0xe0  main.o [1]
  .text               ro code  0x0800a8c4    0x48  salvoinit.o [6]
  .text               ro code  0x0800a90c    0x7a  salvoinit2.o [6]
  .rodata             const    0x0800a988    0xdc  commandTable.o [1]
  .rodata             const    0x0800aa64    0xd4  commandTable.o [1]
  .text               ro code  0x0800ab38    0xd4  packbits_init.o [5]
  .text               ro code  0x0800ac0c     0x6  abort.o [3]
  .text               ro code  0x0800ac14    0x14  exit.o [7]
  .rodata             const    0x0800ac28    0xd0  commandTable.o [1]
  .rodata             const    0x0800acf8    0xd0  commandTable.o [1]
  .rodata             const    0x0800adc8    0xd0  commandTable.o [1]
  .rodata             const    0x0800ae98    0xcc  commandTable.o [1]
  .rodata             const    0x0800af64    0xc0  commandTable.o [1]
  .rodata             const    0x0800b024    0xc0  commandTable.o [1]
  .rodata             const    0x0800b0e4    0xb4  commandTable.o [1]
  .rodata             const    0x0800b198    0xb0  commandTable.o [1]
  .rodata             const    0x0800b248    0xac  commandTable.o [1]
  .rodata             const    0x0800b2f4    0xa4  commandTable.o [1]
  .rodata             const    0x0800b398    0xa0  commandTable.o [1]
  .rodata             const    0x0800b438    0xa0  commandTable.o [1]
  .rodata             const    0x0800b4d8    0xa0  commandTable.o [1]
  .rodata             const    0x0800b578    0x9c  commandTable.o [1]
  .rodata             const    0x0800b614    0x9c  commandTable.o [1]
  .rodata             const    0x0800b6b0    0x94  commandTable.o [1]
  .rodata             const    0x0800b744    0x90  commandTable.o [1]
  .rodata             const    0x0800b7d4    0x84  commandTable.o [1]
  .rodata             const    0x0800b858    0x80  commandTable.o [1]
  .rodata             const    0x0800b8d8    0x70  commandTable.o [1]
  .rodata             const    0x0800b948    0x64  commandTable.o [1]
  .rodata             const    0x0800b9ac    0x64  commandTable.o [1]
  .text               ro code  0x0800ba10    0x62  stm32f2xx_it.o [1]
  .rodata             const    0x0800ba74    0x5c  commandTable.o [1]
  .rodata             const    0x0800bad0    0x5c  commandTable.o [1]
  .rodata             const    0x0800bb2c    0x5c  commandTable.o [1]
  .rodata             const    0x0800bb88    0x50  commandTable.o [1]
  .rodata             const    0x0800bbd8    0x48  commands.o [1]
  .rodata             const    0x0800bc20    0x44  commandTable.o [1]
  .rodata             const    0x0800bc64    0x44  commandTable.o [1]
  .rodata             const    0x0800bca8    0x34  commands.o [1]
  .rodata             const    0x0800bcdc    0x34  commandTable.o [1]
  .rodata             const    0x0800bd10    0x30  commands.o [1]
  .rodata             const    0x0800bd40    0x30  commands.o [1]
  .rodata             const    0x0800bd70    0x30  commands.o [1]
  .rodata             const    0x0800bda0    0x30  commandTable.o [1]
  .rodata             const    0x0800bdd0    0x30  commandTable.o [1]
  .rodata             const    0x0800be00    0x30  commandTable.o [1]
  .rodata             const    0x0800be30    0x30  commandTable.o [1]
  .rodata             const    0x0800be60    0x30  commandTable.o [1]
  .rodata             const    0x0800be90    0x2c  commands.o [1]
  .rodata             const    0x0800bebc    0x2c  commands.o [1]
  .rodata             const    0x0800bee8    0x2c  commands.o [1]
  .rodata             const    0x0800bf14    0x2c  commands.o [1]
  .rodata             const    0x0800bf40    0x2c  commands.o [1]
  .rodata             const    0x0800bf6c    0x2c  commandTable.o [1]
  .rodata             const    0x0800bf98    0x2c  commandTable.o [1]
  .rodata             const    0x0800bfc4    0x2c  commandTable.o [1]
  .rodata             const    0x0800bff0    0x2c  commandTable.o [1]
  .rodata             const    0x0800c01c    0x2c  commandTable.o [1]
  .rodata             const    0x0800c048    0x2c  commandTable.o [1]
  .rodata             const    0x0800c074    0x2c  commandTable.o [1]
  .rodata             const    0x0800c0a0    0x28  commands.o [1]
  .rodata             const    0x0800c0c8    0x28  commands.o [1]
  .rodata             const    0x0800c0f0    0x28  commands.o [1]
  .rodata             const    0x0800c118    0x28  commands.o [1]
  .rodata             const    0x0800c140    0x28  commands.o [1]
  .rodata             const    0x0800c168    0x28  commands.o [1]
  .rodata             const    0x0800c190    0x28  commands.o [1]
  .rodata             const    0x0800c1b8    0x28  commands.o [1]
  .rodata             const    0x0800c1e0    0x28  commands.o [1]
  .rodata             const    0x0800c208    0x28  commands.o [1]
  .rodata             const    0x0800c230    0x28  commands.o [1]
  .rodata             const    0x0800c258    0x28  commands.o [1]
  .rodata             const    0x0800c280    0x28  commandTable.o [1]
  .rodata             const    0x0800c2a8    0x28  commandTable.o [1]
  .rodata             const    0x0800c2d0    0x28  commandTable.o [1]
  .rodata             const    0x0800c2f8    0x28  commandTable.o [1]
  .rodata             const    0x0800c320    0x28  commandTable.o [1]
  .rodata             const    0x0800c348    0x28  commandTable.o [1]
  .rodata             const    0x0800c370    0x28  commandTable.o [1]
  .rodata             const    0x0800c398    0x28  commandTable.o [1]
  .rodata             const    0x0800c3c0    0x28  commandTable.o [1]
  .rodata             const    0x0800c3e8    0x28  commandTable.o [1]
  .text               ro code  0x0800c410    0x28  data_init.o [5]
  .rodata             const    0x0800c438    0x24  commands.o [1]
  .rodata             const    0x0800c45c    0x24  commands.o [1]
  .rodata             const    0x0800c480    0x24  commands.o [1]
  .rodata             const    0x0800c4a4    0x24  commands.o [1]
  .rodata             const    0x0800c4c8    0x24  commands.o [1]
  .rodata             const    0x0800c4ec    0x24  commands.o [1]
  .rodata             const    0x0800c510    0x24  commands.o [1]
  .rodata             const    0x0800c534    0x24  commands.o [1]
  .rodata             const    0x0800c558    0x24  commands.o [1]
  .rodata             const    0x0800c57c    0x24  commands.o [1]
  .rodata             const    0x0800c5a0    0x24  commands.o [1]
  .rodata             const    0x0800c5c4    0x24  commands.o [1]
  .rodata             const    0x0800c5e8    0x24  commands.o [1]
  .rodata             const    0x0800c60c    0x24  commands.o [1]
  .rodata             const    0x0800c630    0x24  commands.o [1]
  .rodata             const    0x0800c654    0x24  commands.o [1]
  .rodata             const    0x0800c678    0x24  commands.o [1]
  .rodata             const    0x0800c69c    0x24  commands.o [1]
  .rodata             const    0x0800c6c0    0x24  commands.o [1]
  .rodata             const    0x0800c6e4    0x24  commands.o [1]
  .rodata             const    0x0800c708    0x24  commands.o [1]
  .rodata             const    0x0800c72c    0x24  commands.o [1]
  .rodata             const    0x0800c750    0x24  commands.o [1]
  .rodata             const    0x0800c774    0x24  commandTable.o [1]
  .rodata             const    0x0800c798    0x24  commandTable.o [1]
  .rodata             const    0x0800c7bc    0x24  commandTable.o [1]
  .rodata             const    0x0800c7e0    0x24  main.o [1]
  .iar.init_table     const    0x0800c804    0x2c  - Linker created -
  .rodata             const    0x0800c830    0x20  commands.o [1]
  .rodata             const    0x0800c850    0x20  commands.o [1]
  .rodata             const    0x0800c870    0x20  commands.o [1]
  .rodata             const    0x0800c890    0x20  commands.o [1]
  .rodata             const    0x0800c8b0    0x20  commands.o [1]
  .rodata             const    0x0800c8d0    0x20  commands.o [1]
  .rodata             const    0x0800c8f0    0x20  commands.o [1]
  .rodata             const    0x0800c910    0x20  commands.o [1]
  .rodata             const    0x0800c930    0x20  commands.o [1]
  .rodata             const    0x0800c950    0x20  commands.o [1]
  .rodata             const    0x0800c970    0x20  commands.o [1]
  .rodata             const    0x0800c990    0x20  commands.o [1]
  .rodata             const    0x0800c9b0    0x20  commandTable.o [1]
  .rodata             const    0x0800c9d0    0x1c  commands.o [1]
  .rodata             const    0x0800c9ec    0x1c  commands.o [1]
  .rodata             const    0x0800ca08    0x1c  commands.o [1]
  .rodata             const    0x0800ca24    0x1c  commands.o [1]
  .rodata             const    0x0800ca40    0x1c  commands.o [1]
  .rodata             const    0x0800ca5c    0x1c  commands.o [1]
  .rodata             const    0x0800ca78    0x1c  commands.o [1]
  .rodata             const    0x0800ca94    0x1c  commands.o [1]
  .rodata             const    0x0800cab0    0x1c  commands.o [1]
  .rodata             const    0x0800cacc    0x1c  commands.o [1]
  .rodata             const    0x0800cae8    0x1c  commands.o [1]
  .rodata             const    0x0800cb04    0x1c  commands.o [1]
  .rodata             const    0x0800cb20    0x1c  commands.o [1]
  .rodata             const    0x0800cb3c    0x1c  commands.o [1]
  .rodata             const    0x0800cb58    0x1c  commandTable.o [1]
  .rodata             const    0x0800cb74    0x1c  commandTable.o [1]
  .text               ro code  0x0800cb90    0x1a  cmain.o [5]
  .text               ro code  0x0800cbaa     0x4  low_level_init.o [3]
  .text               ro code  0x0800cbae     0x4  exit.o [3]
  .text               ro code  0x0800cbb4     0xa  cexit.o [5]
  .rodata             const    0x0800cbc0    0x18  commands.o [1]
  .rodata             const    0x0800cbd8    0x18  commands.o [1]
  .rodata             const    0x0800cbf0    0x18  commands.o [1]
  .rodata             const    0x0800cc08    0x18  commands.o [1]
  .rodata             const    0x0800cc20    0x18  commands.o [1]
  .rodata             const    0x0800cc38    0x18  commands.o [1]
  .rodata             const    0x0800cc50    0x18  commands.o [1]
  .rodata             const    0x0800cc68    0x18  commands.o [1]
  .rodata             const    0x0800cc80    0x18  commands.o [1]
  .rodata             const    0x0800cc98    0x18  commandTable.o [1]
  .rodata             const    0x0800ccb0    0x18  commandTable.o [1]
  .rodata             const    0x0800ccc8    0x14  commands.o [1]
  .rodata             const    0x0800ccdc    0x14  commands.o [1]
  .rodata             const    0x0800ccf0    0x14  commands.o [1]
  .rodata             const    0x0800cd04    0x14  commands.o [1]
  .rodata             const    0x0800cd18    0x14  commands.o [1]
  .rodata             const    0x0800cd2c    0x14  commands.o [1]
  .rodata             const    0x0800cd40    0x14  commands.o [1]
  .rodata             const    0x0800cd54    0x14  commands.o [1]
  .rodata             const    0x0800cd68    0x14  commands.o [1]
  .rodata             const    0x0800cd7c    0x14  commands.o [1]
  .rodata             const    0x0800cd90    0x14  commands.o [1]
  .rodata             const    0x0800cda4    0x14  commands.o [1]
  .rodata             const    0x0800cdb8    0x14  commands.o [1]
  .rodata             const    0x0800cdcc    0x14  commandTable.o [1]
  .rodata             const    0x0800cde0    0x14  commandTable.o [1]
  .rodata             const    0x0800cdf4    0x14  commandTable.o [1]
  .rodata             const    0x0800ce08    0x10  commands.o [1]
  .rodata             const    0x0800ce18    0x10  commands.o [1]
  .rodata             const    0x0800ce28    0x10  commands.o [1]
  .rodata             const    0x0800ce38    0x10  commands.o [1]
  .rodata             const    0x0800ce48    0x10  commands.o [1]
  .rodata             const    0x0800ce58    0x10  commands.o [1]
  .rodata             const    0x0800ce68    0x10  commands.o [1]
  .rodata             const    0x0800ce78    0x10  commands.o [1]
  .rodata             const    0x0800ce88    0x10  commands.o [1]
  .rodata             const    0x0800ce98    0x10  commands.o [1]
  .rodata             const    0x0800cea8    0x10  commands.o [1]
  .rodata             const    0x0800ceb8    0x10  commands.o [1]
  .rodata             const    0x0800cec8    0x10  commands.o [1]
  .rodata             const    0x0800ced8    0x10  commandTable.o [1]
  .rodata             const    0x0800cee8    0x10  commandTable.o [1]
  .rodata             const    0x0800cef8    0x10  commandTable.o [1]
  .rodata             const    0x0800cf08    0x10  commandTable.o [1]
  .rodata             const    0x0800cf18    0x10  commandTable.o [1]
  .rodata             const    0x0800cf28    0x10  commandTable.o [1]
  .rodata             const    0x0800cf38    0x10  commandTable.o [1]
  .rodata             const    0x0800cf48    0x10  commandTable.o [1]
  .rodata             const    0x0800cf58    0x10  commandTable.o [1]
  .rodata             const    0x0800cf68    0x10  commandTable.o [1]
  .text               ro code  0x0800cf78    0x10  startup_stm32f2xx.o [1]
  .rodata             const    0x0800cf88     0xc  commands.o [1]
  .rodata             const    0x0800cf94     0xc  commands.o [1]
  .rodata             const    0x0800cfa0     0xc  commands.o [1]
  .rodata             const    0x0800cfac     0xc  commands.o [1]
  .rodata             const    0x0800cfb8     0xc  commands.o [1]
  .rodata             const    0x0800cfc4     0xc  commands.o [1]
  .rodata             const    0x0800cfd0     0xc  commands.o [1]
  .rodata             const    0x0800cfdc     0xc  commands.o [1]
  .rodata             const    0x0800cfe8     0xc  commands.o [1]
  .rodata             const    0x0800cff4     0xc  commands.o [1]
  .rodata             const    0x0800d000     0xc  commands.o [1]
  .rodata             const    0x0800d00c     0xc  commands.o [1]
  .rodata             const    0x0800d018     0xc  commands.o [1]
  .rodata             const    0x0800d024     0xc  commands.o [1]
  .rodata             const    0x0800d030     0xc  commands.o [1]
  .rodata             const    0x0800d03c     0xc  commands.o [1]
  .rodata             const    0x0800d048     0xc  commandTable.o [1]
  .rodata             const    0x0800d054     0xc  commandTable.o [1]
  .rodata             const    0x0800d060     0xc  commandTable.o [1]
  .rodata             const    0x0800d06c     0xc  commandTable.o [1]
  .rodata             const    0x0800d078     0xc  commandTable.o [1]
  .rodata             const    0x0800d084     0xc  commandTable.o [1]
  .rodata             const    0x0800d090     0xc  commandTable.o [1]
  .rodata             const    0x0800d09c     0xc  commandTable.o [1]
  .rodata             const    0x0800d0a8     0xc  commandTable.o [1]
  .rodata             const    0x0800d0b4     0xc  commandTable.o [1]
  .rodata             const    0x0800d0c0     0xc  commandTable.o [1]
  .rodata             const    0x0800d0cc     0xc  commandTable.o [1]
  .rodata             const    0x0800d0d8     0xc  commandTable.o [1]
  .rodata             const    0x0800d0e4     0xc  commandTable.o [1]
  .rodata             const    0x0800d0f0     0xc  commandTable.o [1]
  .rodata             const    0x0800d0fc     0xc  commandTable.o [1]
  .rodata             const    0x0800d108     0xc  commandTable.o [1]
  .rodata             const    0x0800d114     0xc  commandTable.o [1]
  .rodata             const    0x0800d120     0xc  commandTable.o [1]
  .rodata             const    0x0800d12c     0xc  commandTable.o [1]
  .rodata             const    0x0800d138     0xc  commandTable.o [1]
  .rodata             const    0x0800d144     0xc  commandTable.o [1]
  .rodata             const    0x0800d150     0xc  commandTable.o [1]
  .rodata             const    0x0800d15c     0xc  commandTable.o [1]
  .rodata             const    0x0800d168     0xc  commandTable.o [1]
  .rodata             const    0x0800d174     0xc  commandTable.o [1]
  .rodata             const    0x0800d180     0xc  commandTable.o [1]
  .rodata             const    0x0800d18c     0xc  commandTable.o [1]
  .rodata             const    0x0800d198     0xc  commandTable.o [1]
  .rodata             const    0x0800d1a4     0xc  commandTable.o [1]
  .rodata             const    0x0800d1b0     0xc  commandTable.o [1]
  .rodata             const    0x0800d1bc     0xc  commandTable.o [1]
  .text               ro code  0x0800d1c8     0xc  cstartup_M.o [5]
  .rodata             const    0x0800d1d4     0x8  commands.o [1]
  .rodata             const    0x0800d1dc     0x8  commands.o [1]
  .rodata             const    0x0800d1e4     0x8  commands.o [1]
  .rodata             const    0x0800d1ec     0x8  commands.o [1]
  .rodata             const    0x0800d1f4     0x8  commands.o [1]
  .rodata             const    0x0800d1fc     0x8  commands.o [1]
  .rodata             const    0x0800d204     0x8  commands.o [1]
  .rodata             const    0x0800d20c     0x8  commands.o [1]
  .rodata             const    0x0800d214     0x8  commands.o [1]
  .rodata             const    0x0800d21c     0x8  commands.o [1]
  .rodata             const    0x0800d224     0x8  commands.o [1]
  .rodata             const    0x0800d22c     0x8  commands.o [1]
  .rodata             const    0x0800d234     0x8  commands.o [1]
  .rodata             const    0x0800d23c     0x8  commands.o [1]
  .rodata             const    0x0800d244     0x8  commands.o [1]
  .rodata             const    0x0800d24c     0x8  commands.o [1]
  .rodata             const    0x0800d254     0x8  commands.o [1]
  .rodata             const    0x0800d25c     0x8  commands.o [1]
  .rodata             const    0x0800d264     0x8  commands.o [1]
  .rodata             const    0x0800d26c     0x8  commands.o [1]
  .rodata             const    0x0800d274     0x8  commands.o [1]
  .rodata             const    0x0800d27c     0x8  commands.o [1]
  .rodata             const    0x0800d284     0x8  commands.o [1]
  .rodata             const    0x0800d28c     0x8  commands.o [1]
  .rodata             const    0x0800d294     0x8  commands.o [1]
  .rodata             const    0x0800d29c     0x8  commands.o [1]
  .rodata             const    0x0800d2a4     0x8  commands.o [1]
  .rodata             const    0x0800d2ac     0x8  commandTable.o [1]
  .rodata             const    0x0800d2b4     0x8  commandTable.o [1]
  .rodata             const    0x0800d2bc     0x8  commandTable.o [1]
  .rodata             const    0x0800d2c4     0x8  commandTable.o [1]
  .rodata             const    0x0800d2cc     0x8  commandTable.o [1]
  .rodata             const    0x0800d2d4     0x8  commandTable.o [1]
  .rodata             const    0x0800d2dc     0x8  commandTable.o [1]
  .rodata             const    0x0800d2e4     0x8  commandTable.o [1]
  .rodata             const    0x0800d2ec     0x8  commandTable.o [1]
  .rodata             const    0x0800d2f4     0x8  commandTable.o [1]
  .rodata             const    0x0800d2fc     0x8  commandTable.o [1]
  .rodata             const    0x0800d304     0x8  commandTable.o [1]
  .rodata             const    0x0800d30c     0x8  commandTable.o [1]
  .rodata             const    0x0800d314     0x8  commandTable.o [1]
  .rodata             const    0x0800d31c     0x8  commandTable.o [1]
  .rodata             const    0x0800d324     0x8  commandTable.o [1]
  .rodata             const    0x0800d32c     0x8  commandTable.o [1]
  .rodata             const    0x0800d334     0x8  commandTable.o [1]
  .rodata             const    0x0800d33c     0x8  commandTable.o [1]
  .rodata             const    0x0800d344     0x8  commandTable.o [1]
  .rodata             const    0x0800d34c     0x8  commandTable.o [1]
  .rodata             const    0x0800d354     0x8  commandTable.o [1]
  .rodata             const    0x0800d35c     0x8  commandTable.o [1]
  .rodata             const    0x0800d364     0x8  commandTable.o [1]
  .rodata             const    0x0800d36c     0x8  commandTable.o [1]
  .rodata             const    0x0800d374     0x8  commandTable.o [1]
  .rodata             const    0x0800d37c     0x8  iar_stm32f207zg_sk.o [1]
  .rodata             const    0x0800d384     0x4  commands.o [1]
  .rodata             const    0x0800d388     0x4  commands.o [1]
  .rodata             const    0x0800d38c     0x4  commands.o [1]
  .rodata             const    0x0800d390     0x4  commands.o [1]
  .rodata             const    0x0800d394     0x4  commands.o [1]
  .rodata             const    0x0800d398     0x4  commands.o [1]
  .rodata             const    0x0800d39c     0x4  commandTable.o [1]
  .rodata             const    0x0800d3a0     0x4  commandTable.o [1]
  .rodata             const    0x0800d3a4     0x4  commandTable.o [1]
  .rodata             const    0x0800d3a8     0x4  commandTable.o [1]
  .text               ro code  0x0800d3ac     0x4  startup_stm32f2xx.o [1]
  .text               ro code  0x0800d3b0     0x4  startup_stm32f2xx.o [1]
  .text               ro code  0x0800d3b4     0x4  startup_stm32f2xx.o [1]
  .text               ro code  0x0800d3b8     0x4  startup_stm32f2xx.o [1]
  .text               ro code  0x0800d3bc     0x4  startup_stm32f2xx.o [1]
  .text               ro code  0x0800d3c0     0x4  startup_stm32f2xx.o [1]
  .text               ro code  0x0800d3c4     0x4  startup_stm32f2xx.o [1]
  .text               ro code  0x0800d3c8     0x4  startup_stm32f2xx.o [1]
  .text               ro code  0x0800d3cc     0x4  startup_stm32f2xx.o [1]
  .text               ro code  0x0800d3d0     0x4  startup_stm32f2xx.o [1]
  .text               ro code  0x0800d3d4     0x4  startup_stm32f2xx.o [1]
  .text               ro code  0x0800d3d8     0x4  startup_stm32f2xx.o [1]
  .text               ro code  0x0800d3dc     0x4  startup_stm32f2xx.o [1]
  .text               ro code  0x0800d3e0     0x4  startup_stm32f2xx.o [1]
  .text               ro code  0x0800d3e4     0x4  startup_stm32f2xx.o [1]
  .text               ro code  0x0800d3e8     0x4  startup_stm32f2xx.o [1]
  .text               ro code  0x0800d3ec     0x4  startup_stm32f2xx.o [1]
  .text               ro code  0x0800d3f0     0x4  startup_stm32f2xx.o [1]
  .text               ro code  0x0800d3f4     0x4  startup_stm32f2xx.o [1]
  .text               ro code  0x0800d3f8     0x4  startup_stm32f2xx.o [1]
  .text               ro code  0x0800d3fc     0x4  startup_stm32f2xx.o [1]
  .text               ro code  0x0800d400     0x4  startup_stm32f2xx.o [1]
  .text               ro code  0x0800d404     0x4  startup_stm32f2xx.o [1]
  .text               ro code  0x0800d408     0x4  startup_stm32f2xx.o [1]
  .text               ro code  0x0800d40c     0x4  startup_stm32f2xx.o [1]
  .text               ro code  0x0800d410     0x4  startup_stm32f2xx.o [1]
  .text               ro code  0x0800d414     0x4  startup_stm32f2xx.o [1]
  .text               ro code  0x0800d418     0x4  startup_stm32f2xx.o [1]
  .text               ro code  0x0800d41c     0x4  startup_stm32f2xx.o [1]
  .text               ro code  0x0800d420     0x4  startup_stm32f2xx.o [1]
  .text               ro code  0x0800d424     0x4  startup_stm32f2xx.o [1]
  .text               ro code  0x0800d428     0x4  startup_stm32f2xx.o [1]
  .text               ro code  0x0800d42c     0x4  startup_stm32f2xx.o [1]
  .text               ro code  0x0800d430     0x4  startup_stm32f2xx.o [1]
  .text               ro code  0x0800d434     0x4  startup_stm32f2xx.o [1]
  .text               ro code  0x0800d438     0x4  startup_stm32f2xx.o [1]
  .text               ro code  0x0800d43c     0x4  startup_stm32f2xx.o [1]
  .text               ro code  0x0800d440     0x4  startup_stm32f2xx.o [1]
  .text               ro code  0x0800d444     0x4  startup_stm32f2xx.o [1]
  .text               ro code  0x0800d448     0x4  startup_stm32f2xx.o [1]
  .text               ro code  0x0800d44c     0x4  startup_stm32f2xx.o [1]
  .text               ro code  0x0800d450     0x4  startup_stm32f2xx.o [1]
  .text               ro code  0x0800d454     0x4  startup_stm32f2xx.o [1]
  .text               ro code  0x0800d458     0x4  startup_stm32f2xx.o [1]
  .text               ro code  0x0800d45c     0x4  startup_stm32f2xx.o [1]
  .text               ro code  0x0800d460     0x4  startup_stm32f2xx.o [1]
  .text               ro code  0x0800d464     0x4  startup_stm32f2xx.o [1]
  .text               ro code  0x0800d468     0x4  startup_stm32f2xx.o [1]
  .text               ro code  0x0800d46c     0x4  startup_stm32f2xx.o [1]
  .text               ro code  0x0800d470     0x4  startup_stm32f2xx.o [1]
  .text               ro code  0x0800d474     0x4  startup_stm32f2xx.o [1]
  .text               ro code  0x0800d478     0x4  startup_stm32f2xx.o [1]
  .text               ro code  0x0800d47c     0x4  startup_stm32f2xx.o [1]
  .text               ro code  0x0800d480     0x4  startup_stm32f2xx.o [1]
  .text               ro code  0x0800d484     0x4  startup_stm32f2xx.o [1]
  .text               ro code  0x0800d488     0x4  startup_stm32f2xx.o [1]
  .text               ro code  0x0800d48c     0x4  startup_stm32f2xx.o [1]
  .text               ro code  0x0800d490     0x4  startup_stm32f2xx.o [1]
  .text               ro code  0x0800d494     0x4  startup_stm32f2xx.o [1]
  .text               ro code  0x0800d498     0x4  startup_stm32f2xx.o [1]
  .text               ro code  0x0800d49c     0x4  startup_stm32f2xx.o [1]
  .text               ro code  0x0800d4a0     0x4  startup_stm32f2xx.o [1]
  .text               ro code  0x0800d4a4     0x4  startup_stm32f2xx.o [1]
  .text               ro code  0x0800d4a8     0x4  startup_stm32f2xx.o [1]
  .text               ro code  0x0800d4ac     0x4  startup_stm32f2xx.o [1]
  .text               ro code  0x0800d4b0     0x4  startup_stm32f2xx.o [1]
  .text               ro code  0x0800d4b4     0x4  startup_stm32f2xx.o [1]
  .text               ro code  0x0800d4b8     0x4  startup_stm32f2xx.o [1]
  .text               ro code  0x0800d4bc     0x4  startup_stm32f2xx.o [1]
  .text               ro code  0x0800d4c0     0x4  startup_stm32f2xx.o [1]
  .text               ro code  0x0800d4c4     0x4  startup_stm32f2xx.o [1]
  .text               ro code  0x0800d4c8     0x4  startup_stm32f2xx.o [1]
  .text               ro code  0x0800d4cc     0x4  startup_stm32f2xx.o [1]
  .text               ro code  0x0800d4d0     0x4  startup_stm32f2xx.o [1]
  .text               ro code  0x0800d4d4     0x4  startup_stm32f2xx.o [1]
  .text               ro code  0x0800d4d8     0x4  startup_stm32f2xx.o [1]
  .text               ro code  0x0800d4dc     0x4  startup_stm32f2xx.o [1]
  .rodata             const    0x0800d4e0     0x0  zero_init3.o [5]
  .rodata             const    0x0800d4e0     0x0  packbits_init.o [5]
  Initializer bytes   ro data  0x0800d4e0    0x4f  <for P3 s0>
                             - 0x0800d52f  0xd3ab

"P3", part 1 of 3:                          0x14c
  P3 s0                        0x20000000   0x14c  <Init block>
    __DLIB_PERTHREAD  inited   0x20000000    0x88  localeconv.o [3]
    __DLIB_PERTHREAD  inited   0x20000088    0x74  setlocale.o [3]
    .data             inited   0x200000fc    0x10  iar_stm32f207zg_sk.o [1]
    .data             inited   0x2000010c    0x10  stm32f2xx_rcc.o [1]
    .data             inited   0x2000011c    0x10  system_stm32f2xx.o [1]
    .data             inited   0x2000012c     0x4  commands.o [1]
    .data             inited   0x20000130     0x4  commands.o [1]
    .data             inited   0x20000134     0x4  commands.o [1]
    .data             inited   0x20000138     0x4  system_stm32f2xx.o [1]
    .data             inited   0x2000013c     0x4  timer.o [1]
    __DLIB_PERTHREAD  inited   0x20000140     0x4  errno.o [3]
    .data             inited   0x20000144     0x2  SyncTimer.o [1]
    .data             inited   0x20000146     0x1  commands.o [1]
    .data             inited   0x20000147     0x1  commands.o [1]
    .data             inited   0x20000148     0x1  commands.o [1]
    .data             inited   0x20000149     0x1  commands.o [1]
    .data             inited   0x2000014a     0x1  commands.o [1]
    .data             inited   0x2000014b     0x1  commands.o [1]
                             - 0x2000014c   0x14c

"P3", part 2 of 3:                          0x694
  .bss                zero     0x2000014c   0x200  debug_usart.o [1]
  .bss                zero     0x2000034c   0x12c  salvomem.o [6]
  .bss                zero     0x20000478   0x100  commands.o [1]
  .bss                zero     0x20000578    0xf0  salvomem.o [6]
  .bss                zero     0x20000668    0x80  debug_usart.o [1]
  .bss                zero     0x200006e8    0x50  commandLine.o [1]
  .bss                zero     0x20000738    0x20  stm32f2xx_it.o [1]
  .bss                zero     0x20000758    0x10  debug_usart.o [1]
  .bss                zero     0x20000768    0x10  debug_usart.o [1]
  .bss                zero     0x20000778     0x8  commands.o [1]
  .bss                zero     0x20000780     0x4  commandLine.o [1]
  .bss                zero     0x20000784     0x4  commandLine.o [1]
  .bss                zero     0x20000788     0x4  commands.o [1]
  .bss                zero     0x2000078c     0x4  commands.o [1]
  .bss                zero     0x20000790     0x4  salvohook_interrupt.o [1]
  .bss                zero     0x20000794     0x4  spi.o [1]
  .bss                zero     0x20000798     0x4  SyncTimer.o [1]
  .bss                zero     0x2000079c     0x4  SyncTimer.o [1]
  .bss                zero     0x200007a0     0x4  SyncTimer.o [1]
  .bss                zero     0x200007a4     0x4  timer.o [1]
  .bss                zero     0x200007a8     0x4  salvomem.o [6]
  .bss                zero     0x200007ac     0x4  salvomem.o [6]
  .bss                zero     0x200007b0     0x4  salvomem.o [6]
  .bss                zero     0x200007b4     0x4  salvomem.o [6]
  .bss                zero     0x200007b8     0x4  salvomem.o [6]
  .bss                zero     0x200007bc     0x4  salvomem.o [6]
  .bss                zero     0x200007c0     0x4  salvomem.o [6]
  .bss                zero     0x200007c4     0x2  commandLine.o [1]
  .bss                zero     0x200007c6     0x2  commands.o [1]
  .bss                zero     0x200007c8     0x2  commands.o [1]
  .bss                zero     0x200007ca     0x2  commands.o [1]
  .bss                zero     0x200007cc     0x2  SyncTimer.o [1]
  .bss                zero     0x200007ce     0x2  SyncTimer.o [1]
  .bss                zero     0x200007d0     0x2  SyncTimer.o [1]
  .bss                zero     0x200007d2     0x1  commands.o [1]
  .bss                zero     0x200007d3     0x1  commands.o [1]
  .bss                zero     0x200007d4     0x1  commands.o [1]
  .bss                zero     0x200007d5     0x1  commands.o [1]
  .bss                zero     0x200007d6     0x1  commands.o [1]
  .bss                zero     0x200007d7     0x1  commands.o [1]
  .bss                zero     0x200007d8     0x1  SyncTimer.o [1]
  .bss                zero     0x200007d9     0x1  SyncTimer.o [1]
  .bss                zero     0x200007da     0x1  salvomem.o [6]
                             - 0x200007db   0x68f

"P3", part 3 of 3:                          0x400
  CSTACK                       0x200007e0   0x400  <Block>
    CSTACK            uninit   0x200007e0   0x400  <Block tail>
                             - 0x20000be0   0x400


*******************************************************************************
*** INIT TABLE
***

          Address     Size
          -------     ----
Zero (__iar_zero_init3)
    1 destination range, total size 0x68f:
          0x2000014c  0x68f

Copy/packbits (__iar_packbits_init3)
    1 source range, total size 0x4f (23% of destination):
          0x0800d4e0   0x4f
    1 destination range, total size 0x14c:
          0x20000000  0x14c



*******************************************************************************
*** MODULE SUMMARY
***

    Module                   ro code  ro data  rw data
    ------                   -------  -------  -------
E:\ST_SPI_FW\SPI_MasterV1.0.4\software\Trunk\iar\Debug\Obj: [1]
    ConfigureGPIOPins.o          204
    SyncTimer.o                  332                22
    UserCommunication_SPI.o      132
    bsp.o                        282
    circbuf.o                    154
    commandLine.o                616                90
    commandTable.o                     10 255
    commands.o                20 636    3 693      302
    debug.o                      400
    debug_usart.o                480               672
    iar_stm32f207zg_sk.o          80       12       16
    main.o                       224       36
    misc.o                       124
    salvohook_idle.o               2
    salvohook_interrupt.o         44                 4
    salvohook_wdt.o                2
    spi.o                      1 060                 4
    startup_stm32f2xx.o          712
    stm32f2xx_exti.o             220
    stm32f2xx_flash.o            140
    stm32f2xx_gpio.o             306
    stm32f2xx_it.o                98                32
    stm32f2xx_rcc.o              872        4       16
    stm32f2xx_spi.o              254
    stm32f2xx_syscfg.o            84
    stm32f2xx_tim.o              210
    stm32f2xx_usart.o            412
    system_stm32f2xx.o           480        5       20
    timer.o                      200        1        8
    utilities.o                  120
    --------------------------------------------------
    Total:                    28 880   14 006    1 186

command line: [2]
    --------------------------------------------------
    Total:

dl7M_tlf.a: [3]
    abort.o                        6
    abs.o                          8
    atoi.o                         8
    errno.o                       12        1        4
    exit.o                         4
    isxxx.o                       40
    localeconv.o                 108       32      136
    low_level_init.o               4
    setlocale.o                   24       27      116
    tolower.o                     20
    xlocale_c.o                   54
    xstoflt.o                    440
    xstopfx.o                    308
    xstoul.o                     408
    xstoxflt.o                   536
    xtls.o                         2
    --------------------------------------------------
    Total:                     1 982       60      256

m7M_tl.a: [4]
    DblAdd.o                     232
    DblCmpEq.o                    32
    DblCmpGe.o                    46
    DblCmpLe.o                    46
    DblDiv.o                     582
    DblMul.o                     418
    DblSub.o                     384
    DblToFlt.o                   144
    DblToI32.o                    76
    FltAdd.o                     116
    FltCmpGe.o                    36
    FltCmpLe.o                    36
    FltMul.o                     216
    FltSub.o                     230
    FltToDbl.o                    78
    FltToS32.o                    68
    I32ToDbl.o                    44
    I32ToFlt.o                    50
    atof.o                         8
    pow.o                      2 144
    xdint.o                      126
    xdnorm.o                      66
    xdscale.o                    268
    xdtento.o                    512
    xdtest.o                      50
    xdunscal.o                    86
    xexp.o                       676
    xlog.o                       172
    xstod.o                      332
    --------------------------------------------------
    Total:                     7 274

rt7M_tl.a: [5]
    ABImemclr4.o                   6
    ABImemset48.o                 50
    cexit.o                       10
    cmain.o                       26
    cstartup_M.o                  12
    data_init.o                   40
    memchr.o                      88
    packbits_init.o              212
    strcmp_unaligned.o            66
    zero_init3.o                  34
    --------------------------------------------------
    Total:                       544

salvo.a: [6]
    salvobinsem.o                208
    salvoevent.o                 300
    salvoinit.o                   72
    salvoinit2.o                 122
    salvomem.o                                     569
    salvoportiararm.o            108
    salvoqdel.o                  160
    salvoqins.o                  172
    salvosched.o                 536
    salvotimer.o                  44
    --------------------------------------------------
    Total:                     1 722               569

shb_l.a: [7]
    exit.o                        20
    --------------------------------------------------
    Total:                        20

    Gaps                          31       12
    Linker created                         44    1 024
------------------------------------------------------
    Grand Total:              40 453   14 122    3 035


*******************************************************************************
*** ENTRY LIST
***

Entry                      Address   Size  Type      Object
-----                      -------   ----  ----      ------
?main                   0x0800cb91         Code  Gb  cmain.o [5]
AHBPrescTable           0x2000011c   0x10  Data  Gb  system_stm32f2xx.o [1]
APBAHBPrescTable        0x2000010c   0x10  Data  Lc  stm32f2xx_rcc.o [1]
BSP_init                0x0800698d   0x10  Code  Gb  bsp.o [1]
BusFault_Handler        0x0800ba6d    0x2  Code  Gb  stm32f2xx_it.o [1]
CSTACK$$Base            0x200007e0          --   Gb  - Linker created -
CSTACK$$Limit           0x20000be0          --   Gb  - Linker created -
CircBufEmpty            0x08008291   0x12  Code  Gb  circbuf.o [1]
CircBufGet              0x0800825b   0x36  Code  Gb  circbuf.o [1]
CircBufInit             0x08008209   0x22  Code  Gb  circbuf.o [1]
CircBufPut              0x0800822b   0x30  Code  Gb  circbuf.o [1]
CmdBlinkLED             0x080020c1   0x7e  Code  Gb  commands.o [1]
CmdGpioPin              0x08000363   0xb8  Code  Gb  commands.o [1]
CmdInitSPIPeripheral    0x0800213f    0xa  Code  Gb  commands.o [1]
CmdLineGetArgFloat      0x08005c5f   0x2c  Code  Gb  commandLine.o [1]
CmdLineGetArgString     0x08005c15   0x22  Code  Gb  commandLine.o [1]
CmdLineGetArgUInt       0x08005c37   0x28  Code  Gb  commandLine.o [1]
CmdLineLookup           0x08005ae7  0x12e  Code  Gb  commandLine.o [1]
CmdPrintPrompt          0x08005ac1   0x1e  Code  Lc  commandLine.o [1]
CmdSpeed                0x08004709   0xee  Code  Gb  commands.o [1]
CmdUserSpiTestSequence01
                        0x08001fd9   0xe2  Code  Gb  commands.o [1]
CmdUserSpi_ATP_Process  0x08000425  0x29c  Code  Gb  commands.o [1]
CmdUserSpi_BurstForLowGainAHRS
                        0x0800250d  0x130  Code  Gb  commands.o [1]
CmdUserSpi_BurstRead    0x08000ec1   0x76  Code  Gb  commands.o [1]
CmdUserSpi_BurstRead_A1
                        0x08002681  0x462  Code  Gb  commands.o [1]
CmdUserSpi_BurstRead_F1
                        0x08000f4d   0x6c  Code  Gb  commands.o [1]
CmdUserSpi_BurstRead_F2
                        0x080022d5  0x218  Code  Gb  commands.o [1]
CmdUserSpi_BurstRead_S0
                        0x08000fd9   0x7e  Code  Gb  commands.o [1]
CmdUserSpi_BurstRead_S1
                        0x08001079   0x7e  Code  Gb  commands.o [1]
CmdUserSpi_DisplayConverted
                        0x08004633   0x18  Code  Gb  commands.o [1]
CmdUserSpi_DisplayHex   0x0800464b   0x30  Code  Gb  commands.o [1]
CmdUserSpi_DontWaitForDRDY
                        0x08004879   0x26  Code  Gb  commands.o [1]
CmdUserSpi_GetAccels    0x08001449  0x14c  Code  Gb  commands.o [1]
CmdUserSpi_GetBoardTemp
                        0x080012e9  0x11c  Code  Gb  commands.o [1]
CmdUserSpi_GetRates     0x080015b5  0x1ca  Code  Gb  commands.o [1]
CmdUserSpi_GetSensorValues
                        0x080017b9  0x1b8  Code  Gb  commands.o [1]
CmdUserSpi_HoldChipSelect
                        0x0800467b   0x2e  Code  Gb  commands.o [1]
CmdUserSpi_IndraTesting
                        0x08002ed9  0x954  Code  Gb  commands.o [1]
CmdUserSpi_MagAlign     0x08002bb5  0x2ba  Code  Gb  commands.o [1]
CmdUserSpi_ReadRegister
                        0x080019c1  0x220  Code  Gb  commands.o [1]
CmdUserSpi_ReadRegisterHex
                        0x08001c05  0x180  Code  Gb  commands.o [1]
CmdUserSpi_ReadRegisterHex2
                        0x08002165  0x164  Code  Gb  commands.o [1]
CmdUserSpi_SelfTest     0x08000cf1  0x1c6  Code  Gb  commands.o [1]
CmdUserSpi_SpeedTest    0x08001981   0x20  Code  Gb  commands.o [1]
CmdUserSpi_ToggleChipSelect
                        0x080046b1   0x2e  Code  Gb  commands.o [1]
CmdUserSpi_WaitForDRDY  0x08004853   0x26  Code  Gb  commands.o [1]
CmdUserSpi_WhoAmI       0x08001df9  0x1ce  Code  Gb  commands.o [1]
CmdUserSpi_WriteRegister
                        0x08001d89   0x60  Code  Gb  commands.o [1]
CmdUserSpi_burstReadSwitch
                        0x08002b0d   0x68  Code  Gb  commands.o [1]
CmdUserSpi_jdInitProcess
                        0x080006c1  0x614  Code  Gb  commands.o [1]
CmdUserUsart            0x08000323   0x40  Code  Gb  commands.o [1]
CmdUser_OnePPSAdjust    0x080048b5   0x50  Code  Gb  commands.o [1]
CmdUser_OnePPSTest      0x08004905   0xe8  Code  Gb  commands.o [1]
CmdUser_Ping            0x08004b19   0x12  Code  Gb  commands.o [1]
CmdUser_PowerOff        0x08004a07   0x16  Code  Gb  commands.o [1]
CmdUser_PowerOn         0x080049f1   0x16  Code  Gb  commands.o [1]
CmdUser_SPIMode         0x08004acd   0x4c  Code  Gb  commands.o [1]
CmdUser_UARTMode        0x08004a65   0x64  Code  Gb  commands.o [1]
CmdUser_Ulock_FDS       0x08004b2b   0x2a  Code  Gb  commands.o [1]
CmdUser_clearFDE        0x08004bad   0x1a  Code  Gb  commands.o [1]
CmdUser_readACDP        0x08004d0f   0x3e  Code  Gb  commands.o [1]
CmdUser_readACDT        0x08004f15   0x3a  Code  Gb  commands.o [1]
CmdUser_readAIDT        0x08004ead   0x3a  Code  Gb  commands.o [1]
CmdUser_readANDT        0x08004de7   0x3c  Code  Gb  commands.o [1]
CmdUser_readANOISPER    0x08004bc7   0x3e  Code  Gb  commands.o [1]
CmdUser_readDSR         0x08004fd9   0x3a  Code  Gb  commands.o [1]
CmdUser_readFDE         0x08004b55   0x3e  Code  Gb  commands.o [1]
CmdUser_readINOISPER    0x08004ca7   0x3e  Code  Gb  commands.o [1]
CmdUser_readRCDP        0x08004d77   0x3c  Code  Gb  commands.o [1]
CmdUser_readRCDT        0x08004f77   0x3a  Code  Gb  commands.o [1]
CmdUser_readRNDT        0x08004e4b   0x3a  Code  Gb  commands.o [1]
CmdUser_readRNOISPER    0x08004c39   0x3e  Code  Gb  commands.o [1]
CmdUser_saveconfigure   0x08005019   0xc0  Code  Gb  commands.o [1]
CmdUser_writeACDP       0x08004d4d   0x2a  Code  Gb  commands.o [1]
CmdUser_writeACDT       0x08004f4f   0x28  Code  Gb  commands.o [1]
CmdUser_writeAIDT       0x08004eed   0x28  Code  Gb  commands.o [1]
CmdUser_writeANDT       0x08004e23   0x28  Code  Gb  commands.o [1]
CmdUser_writeANOISPER   0x08004c05   0x2a  Code  Gb  commands.o [1]
CmdUser_writeFDE        0x08004b93   0x1a  Code  Gb  commands.o [1]
CmdUser_writeINOISPER   0x08004ce5   0x2a  Code  Gb  commands.o [1]
CmdUser_writeRCDP       0x08004dbd   0x2a  Code  Gb  commands.o [1]
CmdUser_writeRCDT       0x08004fb1   0x28  Code  Gb  commands.o [1]
CmdUser_writeRNDT       0x08004e85   0x28  Code  Gb  commands.o [1]
CmdUser_writeRNOISPER   0x08004c7d   0x2a  Code  Gb  commands.o [1]
CmdVersion              0x08000185   0x32  Code  Gb  commands.o [1]
DRDY_interval           0x080001b7   0x52  Code  Gb  commands.o [1]
DataReadyContinueFlag   0x200007d5    0x1  Data  Lc  commands.o [1]
DataRedayCount          0x200007c6    0x2  Data  Gb  commands.o [1]
DebugFlag               0x20000149    0x1  Data  Lc  commands.o [1]
DebugMon_Handler        0x0800ba71    0x2  Code  Gb  stm32f2xx_it.o [1]
DebugPrintEndline       0x0800530f    0xa  Code  Gb  debug.o [1]
DebugPrintFloat         0x0800527d   0x92  Code  Gb  debug.o [1]
DebugPrintHex           0x0800525f   0x1e  Code  Gb  debug.o [1]
DebugPrintInt           0x08005241   0x1e  Code  Gb  debug.o [1]
DebugPrintString        0x08005221   0x20  Code  Gb  debug.o [1]
DebugSerialPutChar      0x080074cf   0x26  Code  Gb  debug_usart.o [1]
DebugSerialReadLine     0x08007481   0x4e  Code  Gb  debug_usart.o [1]
DelayMs                 0x08006151   0x10  Code  Gb  timer.o [1]
DelayTime               0x20000130    0x4  Data  Lc  commands.o [1]
Drdy_Output             0x08004a21   0x3a  Code  Gb  commands.o [1]
EXTI15_10_IRQHandler    0x080002ab   0x1a  Code  Gb  commands.o [1]
EXTI3_IRQHandler        0x08000291   0x1a  Code  Gb  commands.o [1]
EXTI9_5_IRQHandler      0x080002c5   0x5e  Code  Gb  commands.o [1]
EXTI_ClearITPendingBit  0x08005983    0x6  Code  Gb  stm32f2xx_exti.o [1]
EXTI_GetITStatus        0x0800595b   0x28  Code  Gb  stm32f2xx_exti.o [1]
EXTI_Init               0x080058c1   0x88  Code  Gb  stm32f2xx_exti.o [1]
EXTI_StructInit         0x08005949   0x12  Code  Gb  stm32f2xx_exti.o [1]
Edgefall_count          0x200007d6    0x1  Data  Lc  commands.o [1]
Edgefall_interval       0x20000788    0x4  Data  Lc  commands.o [1]
ElapsedTime_sec         0x20000798    0x4  Data  Gb  SyncTimer.o [1]
ElapsedTime_usec        0x2000079c    0x4  Data  Gb  SyncTimer.o [1]
FLASH_DataCacheCmd      0x08007bbd   0x2a  Code  Gb  stm32f2xx_flash.o [1]
FLASH_InstructionCacheCmd
                        0x08007b93   0x2a  Code  Gb  stm32f2xx_flash.o [1]
FLASH_PrefetchBufferCmd
                        0x08007b69   0x2a  Code  Gb  stm32f2xx_flash.o [1]
FLASH_SetLatency        0x08007b61    0x8  Code  Gb  stm32f2xx_flash.o [1]
GPIO_Init               0x08005719   0xaa  Code  Gb  stm32f2xx_gpio.o [1]
GPIO_PIN                0x0800d37c    0x8  Data  Gb  iar_stm32f207zg_sk.o [1]
GPIO_PORT               0x200000fc   0x10  Data  Gb  iar_stm32f207zg_sk.o [1]
GPIO_PinAFConfig        0x080057f1   0x5a  Code  Gb  stm32f2xx_gpio.o [1]
GPIO_ResetBits          0x080057df    0x4  Code  Gb  stm32f2xx_gpio.o [1]
GPIO_SetBits            0x080057db    0x4  Code  Gb  stm32f2xx_gpio.o [1]
GPIO_StructInit         0x080057c3   0x18  Code  Gb  stm32f2xx_gpio.o [1]
GPIO_WriteBit           0x080057e3    0xe  Code  Gb  stm32f2xx_gpio.o [1]
HardFault               0x20000738   0x20  Data  Gb  stm32f2xx_it.o [1]
HardFault_Handler       0x0800ba49   0x22  Code  Gb  stm32f2xx_it.o [1]
InStream_Read           0x0800ab39   0x22  Code  Lc  packbits_init.o [5]
InitCommandLine         0x08005adf    0x8  Code  Gb  commandLine.o [1]
InitCommunication_UserSPI
                        0x08006a2b   0x66  Code  Gb  UserCommunication_SPI.o [1]
InitDebugSerialCommunication
                        0x080074f5   0xe4  Code  Gb  debug_usart.o [1]
InitGPIOPin_DataReady   0x080073b5   0x38  Code  Gb  ConfigureGPIOPins.o [1]
InitGPIOPin_SharedCommunication
                        0x08007425   0x4e  Code  Gb  ConfigureGPIOPins.o [1]
InitGPIOPin_Sync        0x080073ed   0x38  Code  Gb  ConfigureGPIOPins.o [1]
InitSystemTimer         0x08006161   0x14  Code  Gb  timer.o [1]
InitTimer_TIM5          0x0800a271   0x70  Code  Gb  SyncTimer.o [1]
MemManage_Handler       0x0800ba6b    0x2  Code  Gb  stm32f2xx_it.o [1]
NMI_Handler             0x0800ba11    0x2  Code  Gb  stm32f2xx_it.o [1]
NVIC_Init               0x0800599d   0x6a  Code  Gb  misc.o [1]
NVIC_SetPriority        0x080060d1   0x26  Code  Lc  timer.o [1]
ODR_Hz                  0x20000134    0x4  Data  Lc  commands.o [1]
OSClrWDTHook            0x08009c21    0x2  Code  Gb  salvohook_wdt.o [1]
OSCreateBinSem          0x08008441   0x20  Code  Gb  salvobinsem.o [6]
OSCreateTask            0x0800a90d   0x54  Code  Gb  salvoinit2.o [6]
OSCtxSw                 0x08009c51         Code  Gb  salvoportiararm.o [6]
OSDelDelayQ             0x08009333   0x50  Code  Gb  salvoqdel.o [6]
OSDelPrioQ              0x080092e9   0x4a  Code  Gb  salvoqdel.o [6]
OSDisableHook           0x08005a19    0xe  Code  Gb  salvohook_interrupt.o [1]
OSDispatch              0x08009c25         Code  Gb  salvoportiararm.o [6]
OSEnableHook            0x08005a29   0x16  Code  Gb  salvohook_interrupt.o [1]
OSIdlingHook            0x08009c91    0x2  Code  Gb  salvohook_idle.o [1]
OSInit                  0x0800a8c5   0x48  Code  Gb  salvoinit.o [6]
OSInitPrioTask          0x0800a969   0x1e  Code  Gb  salvoinit2.o [6]
OSInsDelayQ             0x080093cd   0x62  Code  Gb  salvoqins.o [6]
OSInsPrioQ              0x08009389   0x44  Code  Gb  salvoqins.o [6]
OSReturn                0x08009c83         Code  Gb  salvoportiararm.o [6]
OSSched                 0x08009a09  0x218  Code  Gb  salvosched.o [6]
OSSignalBinSem          0x08008499   0x6e  Code  Gb  salvobinsem.o [6]
OSTimer                 0x08007931   0x2c  Code  Gb  salvotimer.o [6]
OSWaitBinSem            0x08008461   0x38  Code  Gb  salvobinsem.o [6]
OSWaitEvent             0x080089a9  0x12c  Code  Gb  salvoevent.o [6]
OScTcbP                 0x200007a8    0x4  Data  Gb  salvomem.o [6]
OSdelayQP               0x200007b8    0x4  Data  Gb  salvomem.o [6]
OSecbArea               0x2000034c  0x12c  Data  Gb  salvomem.o [6]
OSeligQP                0x200007ac    0x4  Data  Gb  salvomem.o [6]
OSframeP                0x200007c0    0x4  Data  Gb  salvomem.o [6]
OSlostTicks             0x200007da    0x1  Data  Gb  salvomem.o [6]
OSsigQinP               0x200007b0    0x4  Data  Gb  salvomem.o [6]
OSsigQoutP              0x200007b4    0x4  Data  Gb  salvomem.o [6]
OStcbArea               0x20000578   0xf0  Data  Gb  salvomem.o [6]
OStimerTicks            0x200007bc    0x4  Data  Gb  salvomem.o [6]
OnePPSCount             0x200007cc    0x2  Data  Gb  SyncTimer.o [1]
OnePPSCountFlag         0x200007ce    0x2  Data  Gb  SyncTimer.o [1]
OnePPSTest              0x200007d7    0x1  Data  Gb  commands.o [1]
PowerInit               0x08006947   0x38  Code  Gb  bsp.o [1]
PowerOff                0x0800692b    0xe  Code  Gb  bsp.o [1]
PowerOn                 0x08006939    0xe  Code  Gb  bsp.o [1]
RCC_AHB1PeriphClockCmd  0x080055e9   0x1e  Code  Gb  stm32f2xx_rcc.o [1]
RCC_APB1PeriphClockCmd  0x08005607   0x1e  Code  Gb  stm32f2xx_rcc.o [1]
RCC_APB1PeriphResetCmd  0x08005643   0x1e  Code  Gb  stm32f2xx_rcc.o [1]
RCC_APB2PeriphClockCmd  0x08005625   0x1e  Code  Gb  stm32f2xx_rcc.o [1]
RCC_APB2PeriphResetCmd  0x08005661   0x1e  Code  Gb  stm32f2xx_rcc.o [1]
RCC_DeInit              0x080053b1   0x4e  Code  Gb  stm32f2xx_rcc.o [1]
RCC_GetClocksFreq       0x080054e9  0x100  Code  Gb  stm32f2xx_rcc.o [1]
RCC_GetFlagStatus       0x0800567f   0x50  Code  Gb  stm32f2xx_rcc.o [1]
RCC_GetSYSCLKSource     0x08005493    0xc  Code  Gb  stm32f2xx_rcc.o [1]
RCC_HCLKConfig          0x0800549f   0x18  Code  Gb  stm32f2xx_rcc.o [1]
RCC_HSEConfig           0x080053ff   0x10  Code  Gb  stm32f2xx_rcc.o [1]
RCC_PCLK1Config         0x080054b7   0x18  Code  Gb  stm32f2xx_rcc.o [1]
RCC_PCLK2Config         0x080054cf   0x1a  Code  Gb  stm32f2xx_rcc.o [1]
RCC_PLLCmd              0x08005471    0xa  Code  Gb  stm32f2xx_rcc.o [1]
RCC_PLLConfig           0x0800544f   0x22  Code  Gb  stm32f2xx_rcc.o [1]
RCC_SYSCLKConfig        0x0800547b   0x18  Code  Gb  stm32f2xx_rcc.o [1]
RCC_WaitForHSEStartUp   0x0800540f   0x40  Code  Gb  stm32f2xx_rcc.o [1]
RCC_config              0x0800699d   0x7e  Code  Gb  bsp.o [1]
ReadFromRegisters       0x08005ecf   0xc0  Code  Gb  spi.o [1]
ReadFromRegisters_noChipSelect
                        0x08005f8f   0xa6  Code  Gb  spi.o [1]
Read_from_register      0x08005a45   0x34  Code  Gb  commandLine.o [1]
Region$$Table$$Base     0x0800c804          --   Gb  - Linker created -
Region$$Table$$Limit    0x0800c830          --   Gb  - Linker created -
RxWord                  0x20000478  0x100  Data  Lc  commands.o [1]
SPI3_IRQHandler         0x08005e15    0xc  Code  Gb  spi.o [1]
SPI_Cmd                 0x080078fb   0x1c  Code  Gb  stm32f2xx_spi.o [1]
SPI_I2S_DeInit          0x08007831   0x58  Code  Gb  stm32f2xx_spi.o [1]
SPI_I2S_GetFlagStatus   0x08007917   0x18  Code  Gb  stm32f2xx_spi.o [1]
SPI_Init                0x08007889   0x40  Code  Gb  stm32f2xx_spi.o [1]
SPI_Mode                0x2000014a    0x1  Data  Gb  commands.o [1]
SPI_StructInit          0x080078d5   0x26  Code  Gb  stm32f2xx_spi.o [1]
STM_EVAL_LEDOff         0x08007b25   0x14  Code  Gb  iar_stm32f207zg_sk.o [1]
STM_EVAL_LEDOn          0x08007b11   0x14  Code  Gb  iar_stm32f207zg_sk.o [1]
STM_EVAL_LEDToggle      0x08007b39   0x20  Code  Gb  iar_stm32f207zg_sk.o [1]
SYSCFG_EXTILineConfig   0x0800586d   0x50  Code  Gb  stm32f2xx_syscfg.o [1]
SetSysClock             0x08007ce1   0xb6  Code  Lc  system_stm32f2xx.o [1]
SysTick_Config          0x080060f7   0x30  Code  Lc  timer.o [1]
SysTick_Handler         0x08006127   0x2a  Code  Gb  timer.o [1]
SystemCoreClock         0x20000138    0x4  Data  Gb  system_stm32f2xx.o [1]
SystemCoreClockUpdate   0x08007c33   0xae  Code  Gb  system_stm32f2xx.o [1]
SystemInit              0x08007bed   0x46  Code  Gb  system_stm32f2xx.o [1]
TIM5_IRQHandler         0x0800a2e1   0x9c  Code  Gb  SyncTimer.o [1]
TIM_Cmd                 0x0800a43f   0x1c  Code  Gb  stm32f2xx_tim.o [1]
TIM_ITConfig            0x0800a479   0x16  Code  Gb  stm32f2xx_tim.o [1]
TIM_TimeBaseInit        0x0800a3bd   0x6a  Code  Gb  stm32f2xx_tim.o [1]
TIM_TimeBaseStructInit  0x0800a427   0x18  Code  Gb  stm32f2xx_tim.o [1]
TaskCommandLine         0x0800a875   0x26  Code  Gb  main.o [1]
ToggleCSFlag            0x2000014b    0x1  Data  Lc  commands.o [1]
ToggleSyncPin           0x200007d8    0x1  Data  Gb  SyncTimer.o [1]
TotalTests              0x2000012c    0x4  Data  Lc  commands.o [1]
TotalWords              0x200007d3    0x1  Data  Lc  commands.o [1]
USART2_IRQHandler       0x080075d9   0x64  Code  Gb  debug_usart.o [1]
USART_Cmd               0x080083a1   0x1c  Code  Gb  stm32f2xx_usart.o [1]
USART_GetFlagStatus     0x08008423   0x1e  Code  Gb  stm32f2xx_usart.o [1]
USART_ITConfig          0x080083cd   0x56  Code  Gb  stm32f2xx_usart.o [1]
USART_Init              0x080082a5   0xee  Code  Gb  stm32f2xx_usart.o [1]
USART_ReceiveData       0x080083c5    0x8  Code  Gb  stm32f2xx_usart.o [1]
USART_SendData          0x080083bd    0x8  Code  Gb  stm32f2xx_usart.o [1]
UsageFault_Handler      0x0800ba6f    0x2  Code  Gb  stm32f2xx_it.o [1]
WaitForDRDY             0x20000148    0x1  Data  Lc  commands.o [1]
WriteToRegister         0x08006035   0x78  Code  Gb  spi.o [1]
Write_to_register       0x08005a79   0x48  Code  Gb  commandLine.o [1]
_BurstRead              0x08001135  0x17e  Code  Gb  commands.o [1]
_DisplayMesage_A1       0x080042a5  0x126  Code  Gb  commands.o [1]
_DisplayMesage_A2       0x080043e5  0x126  Code  Gb  commands.o [1]
_DisplayMesage_F1       0x08003e55  0x104  Code  Gb  commands.o [1]
_DisplayMesage_N1       0x0800451d  0x116  Code  Gb  commands.o [1]
_DisplayMesage_S0       0x08003f81   0xec  Code  Gb  commands.o [1]
_DisplayMesage_S1       0x0800407d  0x21e  Code  Gb  commands.o [1]
_DisplayMesage_Stnd     0x08003d1d  0x122  Code  Gb  commands.o [1]
_InitDataReady          0x08000209   0x88  Code  Gb  commands.o [1]
_IsdstStr               0x2000008c    0x4  Data  Gb  setlocale.o [3]
_LocaleC_isalpha        0x0800944d   0x16  Code  Gb  xlocale_c.o [3]
_LocaleC_isspace        0x08009463   0x14  Code  Gb  xlocale_c.o [3]
_LocaleC_tolower        0x08009477    0xc  Code  Gb  xlocale_c.o [3]
_LocaleForCat           0x08009435   0x12  Code  Gb  setlocale.o [3]
_LocaleReturnString     0x200000ac   0x50  Data  Lc  setlocale.o [3]
_Locale_Profile         0x20000090   0x1c  Data  Gb  setlocale.o [3]
_Locale_aeabi_lconv     0x20000050   0x38  Data  Gb  localeconv.o [3]
_Locale_lconv           0x20000000   0x50  Data  Gb  localeconv.o [3]
_PrintHeader            0x08003c85   0x70  Code  Gb  commands.o [1]
_SPI3_Init              0x08005cad  0x144  Code  Gb  spi.o [1]
_SendIndraConfigCmds    0x0800399d   0xdc  Code  Gb  commands.o [1]
_SendJDConfigCmds       0x080038b1   0xdc  Code  Gb  commands.o [1]
_SetOutputDataRate      0x08003bb1   0xcc  Code  Gb  commands.o [1]
_SetSPIClockSpeed       0x08004805   0x4e  Code  Gb  commands.o [1]
_Stoflt                 0x08008c9d  0x1b8  Code  Gb  xstoflt.o [3]
_Stopfx                 0x08008b69  0x134  Code  Gb  xstopfx.o [3]
_Stoxflt                0x080090d1  0x1e2  Code  Gb  xstoxflt.o [3]
_ToggleInputPin         0x08003a9d   0xee  Code  Gb  commands.o [1]
_TzoneStr               0x20000088    0x4  Data  Gb  setlocale.o [3]
_UserCommSpiDMADoneCallback
                        0x08006a1d    0xe  Code  Lc  UserCommunication_SPI.o [1]
_WhoAmI                 0x0800383d   0x5e  Code  Gb  commands.o [1]
__aeabi_cdcmpeq         0x08007e8d         Code  Gb  DblCmpEq.o [4]
__aeabi_cdcmple         0x08006afd         Code  Gb  DblCmpLe.o [4]
__aeabi_cdrcmple        0x08006acd         Code  Gb  DblCmpGe.o [4]
__aeabi_cfcmple         0x08007391         Code  Gb  FltCmpLe.o [4]
__aeabi_cfrcmple        0x08006459         Code  Gb  FltCmpGe.o [4]
__aeabi_d2f             0x080063c9         Code  Gb  DblToFlt.o [4]
__aeabi_d2iz            0x08006871         Code  Gb  DblToI32.o [4]
__aeabi_dadd            0x080064c9         Code  Gb  DblAdd.o [4]
__aeabi_ddiv            0x08006629         Code  Gb  DblDiv.o [4]
__aeabi_dmul            0x08006225         Code  Gb  DblMul.o [4]
__aeabi_dsub            0x08007991         Code  Gb  DblSub.o [4]
__aeabi_errno_addr      0x08007ead    0x6  Code  Gb  errno.o [3]
__aeabi_f2d             0x080061d5         Code  Gb  FltToDbl.o [4]
__aeabi_f2iz            0x0800647d         Code  Gb  FltToS32.o [4]
__aeabi_fmul            0x08007749         Code  Gb  FltMul.o [4]
__aeabi_fsub            0x08007661         Code  Gb  FltSub.o [4]
__aeabi_i2d             0x08006aa1         Code  Gb  I32ToDbl.o [4]
__aeabi_i2f             0x080061a1         Code  Gb  I32ToFlt.o [4]
__aeabi_memclr4         0x08006199         Code  Gb  ABImemclr4.o [5]
__aeabi_ui2f            0x080061b5         Code  Gb  I32ToFlt.o [4]
__cmain                 0x0800cb91         Code  Gb  cmain.o [5]
__exit                  0x0800ac15   0x14  Code  Gb  exit.o [7]
__iar_Dint              0x08007e0f   0x7e  Code  Gb  xdint.o [4]
__iar_Dnorm             0x08007dcd   0x42  Code  Gb  xdnorm.o [4]
__iar_Dscale            0x0800889d  0x10c  Code  Gb  xdscale.o [4]
__iar_Dtentox           0x08008f23  0x14c  Code  Gb  xdtento.o [4]
__iar_Dtest             0x0800886b   0x32  Code  Gb  xdtest.o [4]
__iar_Dunscale          0x080094f1   0x56  Code  Gb  xdunscal.o [4]
__iar_Errno             0x20000140    0x4  Data  Gb  errno.o [3]
__iar_Exp               0x08007f65  0x29e  Code  Gb  xexp.o [4]
__iar_Locale_lconv_init
                        0x08009485   0x3a  Code  Gb  localeconv.o [3]
__iar_Logpoly           0x08007eb9   0x70  Code  Gb  xlog.o [4]
__iar_Memchr            0x08008b11         Code  Gb  memchr.o [5]
__iar_Memset4_word      0x0800795d         Code  Gb  ABImemset48.o [5]
__iar_Memset8_word      0x0800795d         Code  Gb  ABImemset48.o [5]
__iar_Stod              0x08008865    0x4  Code  Gb  xstod.o [4]
__iar_Stodx             0x0800871d  0x13a  Code  Gb  xstod.o [4]
__iar_Stoul             0x080086c9    0x4  Code  Gb  xstoul.o [3]
__iar_Stoulx            0x08008585  0x13e  Code  Gb  xstoul.o [3]
__iar_d2uiz             0x0800689d         Code  Gb  DblToI32.o [4]
__iar_dadd              0x080064dd         Code  Gb  DblAdd.o [4]
__iar_data_init3        0x0800c411   0x28  Code  Gb  data_init.o [5]
__iar_dlib_perthread_access
                        0x08008869    0x2  Code  Gb  xtls.o [3]
__iar_dsub              0x080079a5         Code  Gb  DblSub.o [4]
__iar_dsubStart         0x080079b7         Code  Gb  DblSub.o [4]
__iar_fadd              0x08008511         Code  Gb  FltAdd.o [4]
__iar_fsub              0x08007671         Code  Gb  FltSub.o [4]
__iar_fsubStart         0x08007681         Code  Gb  FltSub.o [4]
__iar_packbits_init3    0x0800ab5b   0xb2  Code  Gb  packbits_init.o [5]
__iar_program_start     0x0800d1c9         Code  Gb  cstartup_M.o [5]
__iar_strcmp            0x080068bd         Code  Gb  strcmp_unaligned.o [5]
__iar_ui2d              0x08006ab5         Code  Gb  I32ToDbl.o [4]
__iar_ui2f              0x080061b9         Code  Gb  I32ToFlt.o [4]
__iar_unaligned_strcmp  0x080068bd         Code  Gb  strcmp_unaligned.o [5]
__iar_zero_init3        0x0800584b   0x22  Code  Gb  zero_init3.o [5]
__low_level_init        0x0800cbab    0x4  Code  Gb  low_level_init.o [3]
__vector_table          0x08000000         Data  Gb  startup_stm32f2xx.o [1]
_call_main              0x0800cb9d         Code  Gb  cmain.o [5]
_exit                   0x0800cbb5         Code  Gb  cexit.o [5]
_main                   0x0800cba7         Code  Gb  cmain.o [5]
_spi_set_baud           0x08005e21   0x5a  Code  Gb  spi.o [1]
abort                   0x0800ac0d    0x6  Code  Gb  abort.o [3]
abs                     0x080064c1    0x8  Code  Gb  abs.o [3]
atof                    0x08007829    0x8  Code  Gb  atof.o [4]
atoi                    0x08007821    0x8  Code  Gb  atoi.o [3]
digits                  0x080086cc   0x28  Data  Lc  xstoul.o [3]
displayHex              0x200007d4    0x1  Data  Lc  commands.o [1]
dmul                    0x08008ed1   0x52  Code  Lc  xdtento.o [4]
dt_usec                 0x200007a0    0x4  Data  Gb  SyncTimer.o [1]
endingAddress           0x200007d2    0x1  Data  Lc  commands.o [1]
exit                    0x0800cbaf    0x4  Code  Gb  exit.o [3]
freqRatio               0x20000144    0x2  Data  Gb  SyncTimer.o [1]
gCircRxBufMemory        0x20000668   0x80  Data  Lc  debug_usart.o [1]
gCircTxBufMemory        0x2000014c  0x200  Data  Lc  debug_usart.o [1]
gCmdLine                0x200006e8   0x50  Data  Lc  commandLine.o [1]
gCmdLineIndex           0x20000780    0x4  Data  Lc  commandLine.o [1]
gCommands               0x08009548  0x4c0  Data  Gb  commandTable.o [1]
gDebugUsartRxCircBuf    0x20000758   0x10  Data  Lc  debug_usart.o [1]
gDebugUsartTxCircBuf    0x20000768   0x10  Data  Lc  debug_usart.o [1]
gIsrDisableCount        0x20000790    0x4  Data  Lc  salvohook_interrupt.o [1]
gOsSysTicks             0x2000013c    0x4  Data  Lc  timer.o [1]
gSPI3CallbackOnDMAComplete
                        0x20000794    0x4  Data  Gb  spi.o [1]
gSysTicks               0x200007a4    0x4  Data  Lc  timer.o [1]
internal_Pow            0x08006b31  0x428  Code  Lc  pow.o [4]
isalpha                 0x08008ad5   0x14  Code  Gb  isxxx.o [3]
isspace                 0x08008ae9   0x14  Code  Gb  isxxx.o [3]
itoa                    0x0800532d   0x84  Code  Lc  debug.o [1]
led_off                 0x0800690f    0xe  Code  Gb  bsp.o [1]
led_on                  0x08006901    0xe  Code  Gb  bsp.o [1]
led_toggle              0x0800691d    0xe  Code  Gb  bsp.o [1]
lnbias                  0x08006f70  0x420  Data  Lc  pow.o [4]
localeconv              0x080094bf   0x16  Code  Gb  localeconv.o [3]
main                    0x0800a7e5   0x8e  Code  Gb  main.o [1]
memchr                  0x08008b11         Code  Gb  memchr.o [5]
msgType                 0x20000778    0x8  Data  Lc  commands.o [1]
nabs                    0x08003c7d    0x8  Code  Gb  commands.o [1]
ndigs                   0x080086f4   0x28  Data  Lc  xstoul.o [3]
numberOfBytes           0x20000147    0x1  Data  Lc  commands.o [1]
pow                     0x08006f5f    0xe  Code  Gb  pow.o [4]
pows                    0x08009088   0x48  Data  Lc  xdtento.o [4]
read_write_37           0x080050d9   0x3a  Code  Gb  commands.o [1]
save_fault_cpu_state    0x0800ba13   0x32  Code  Lc  stm32f2xx_it.o [1]
spi_configure           0x08005df1   0x24  Code  Gb  spi.o [1]
spi_go_even_faster      0x08005e89    0xe  Code  Gb  spi.o [1]
spi_go_fast             0x08005e7b    0xe  Code  Gb  spi.o [1]
spi_go_faster           0x08005ea5    0xe  Code  Gb  spi.o [1]
spi_go_really_slow      0x08005ec1    0xe  Code  Gb  spi.o [1]
spi_go_slightly_faster  0x08005e97    0xe  Code  Gb  spi.o [1]
spi_go_slow             0x08005eb3    0xe  Code  Gb  spi.o [1]
startingAddress         0x20000146    0x1  Data  Lc  commands.o [1]
strcpy                  0x08006615   0x14  Code  Gb  utilities.o [1]
strtok_r                0x080065b1   0x64  Code  Gb  utilities.o [1]
tolower                 0x08008afd   0x14  Code  Gb  tolower.o [3]


[1] = E:\ST_SPI_FW\SPI_MasterV1.0.4\software\Trunk\iar\Debug\Obj
[2] = command line
[3] = dl7M_tlf.a
[4] = m7M_tl.a
[5] = rt7M_tl.a
[6] = salvo.a
[7] = shb_l.a

  40 453 bytes of readonly  code memory
  14 122 bytes of readonly  data memory
   3 035 bytes of readwrite data memory

Errors: none
Warnings: none
